wndqjfwtjkqgyfx
bgtqqasbhuxbpoh
ajvcyweehbyzdet
wpqbzqcoohpkpxk
mndjplhfsnylhlf
ugognmzqbcnwxta
inaxkjgsrjopnzr
nnzdpkvmlynzdrl
tnklcxwnwkzndkr
arfmfznldlnfizv
pjwqbcbsjjjhory
unkzfngbwfcpkcn
huwyayhouozogja
liwqkerzsfxjmxb
msqvanqvdposxnr
qamtqyvfzdrvppm
tkagmqqtmmiaqwh
trolzhjkkbntjxv
xxfvqtekeiajxrg
bsdwfbmactpyyzr
nenpzoikwmwipny
jljgppyrptfdqog
mvauuedyiuamytl
xboltsxropgjumw
niugsdoiwcigipr
mglejkounznhszs
qwuaazfljtgfhul
figgozyzwmhyggc
olamhitwvgqpdpa
adlcliyygfmwwpv
tplyrwozrtcojii
xroivqnjjpqcskx
kmyqjzlksdapvka
wigkehpreduacpf
lfobsaawqhunpcj
ugopjtsfzwvbvmq
kyccamvckzccshi
uxqdykuwqannwet
mktmsdevfdpcyid
gddyuzjrwcaiueo
kdpzhykhovzzloi
ubjijffwdhsiuug
bbenncicxhgrujj
oakhfhvszncqxzw
gfvwodiiphwimlx
bfglhmefezbegtr
eyehvwdrthfkqyc
bztbgarznijqcog
qciqvvrdndirnfl
xrctozckrjxtpzu
ykdpwnaffaosakk
nlwdyrdxqkcmtiv
nmovjzjxnhuhrfs
fuktgasxmbqwlch
vlslyjwgksvdmed
viqalbvbkykgwne
gidpmwbsndgxpru
ehyubnmdacmbbls
liusduhwdemqxgy
qpmoyrntxqmhsbb
gsmvtrpvbqorykp
vqqqxuefugnccha
bpararhmqbwcsts
ktllbgjtrcuogwt
zboeuayikyzkfoq
rhusiluwpyqluuq
evkdkfpusyjifak
nfwgyjyneqriqjn
piksccitdmhqugz
lnupadcjkusplyl
wjuwzhltjualrxk
wrrswyxcgxqtlmv
moqymtscycdnezt
hdrdsfzrkhyhawj
rddoxivdpfpgiub
vdnqjjfyaspxkhq
jveuyytwcmfvnwu
nqeogaeajzfpobp
jkrfrskqwgtoslh
ggoaaxbeukgwsyt
endhktazcuzrajq
tvwfquqwgxnxfqy
rjsckicyuuuyakn
lbkgigupctoyfza
ltncaovvtkvyjja
