niohomlkhirjpty
vgxhkaxmtsvuoyj
xcwbhuunhzdmunk
tgdnfshxnobodxf
tcwlwbmesqxwdqo
ahmxrhfanafxyfz
hcheorloqilaxtr
itpqphpmmqhnlvo
jyowuqqqrnbipvd
gnlpvhnxdcejkff
onjgoqvmzpsqfxf
sdoicfyxovdfrue
agkrypoauarhcll
bvbnaybagjwjedn
svchqhrgfhkdmsb
ngmolqhugjkrvio
vprstzsjyjqpbot
hslhdysmgcvvwsg
qfeujimvrxzlakz
cnfbufrrjqjbzoo
aieiutajfvgbjdp
crgrvtasqnazoql
dypaxzspyroqaaf
stlgskyxrqlzfac
likkdlumtncvmqn
kxdgwhzehzslzyn
kztuqdaryrsmqcs
mievuihiwesswob
efxlikronxqtbqb
iauecmgqveprayf
kxdkrvvqvfynhwr
skiiozormnpdpgy
iibyzmkycakvcnv
nfaprsweviupoqi
sbkqsuknksjsneo
tajuufrsfvuhqmn
bjsvkyeswkulxyn
uyhzjcqjflkshfq
hwmthkzzlqaisfz
hhhihwgegikvgde
jxdibjcxtauxzav
akqxlmjmnahadne
alakxebbfwpfhto
tnflekdikwnfayv
ngscbxpmvjnawrn
nnrhprjvcuraxyu
tbpphafdthxdpaf
spotdbkcjkpzpnn
kvjihxyyoozcbfc
trevmrrhlgpaihs
lpudpqupkffbrpo
wlksckzxwfwyega
xphqzndmlgpzchs
xkzfnvixlrxnned
rjqshnzjrbdsiwz
xidmkvydotfirpx
xtrotrumbigjlru
lwytfbqxxhhzyzj
vvhcvpakomlftyn
itrpfpbzdesnxid
nvrequumuaniyhh
vttdzrrvwnmenoo
jznwpimowtjahjr
xzbauvcpzacfxae
ayolvmvdowatnzx
zmbbbxektnfrehk
nwliomgybzxtmgf
gbpgbiiaiovxtva
fimyjmzlhrlvszv
dypmofndeoqduir
wzyfphdupbhrrbx
aawiezuikydnguc
aaflcfnckminlvl
mruhlkkkezzajpz
iqtikdfxsexbbpz
ikqjoajanaopbct
lizjcnovfyxdits
nytljhcrlkrpgev
ckidkbcftgkalzy
hnmyaaurnqykdtu
makazjgtufijbrr
ojqsreahzbojqno
fyjthovywmxtjkt
jbgxzhfknxbxddn
eixjphqjafrpvlf
uypbadpzawosgkl
nbuiiicqxqeetxp
pmyfqjrdyjileaf
fzxergnzjshmxwf
xvmpbtljjzjeigo
vlbodnrbdximsct
pcwebqlksxamhjk
bayxilpacdsjpfr
pvgknprhwnwdyth
rkufkjviaplrzqx
xqfroljsntfqrky
enhrmytccwnvrtc
pfkrifbhzqooibd
oemsxumdqmaltde
ggrvwntatyavauu
xbpxgomjsieksrt
daqgfbrryrktrhy
krmbbukhtlrfbru
uexclivutlwqffl
yluutwigmwbburx
tngvwynwpxobtlj
lvfyckxlztqzowp
xokdnfdcnnvlghb
yigxrlfawyuvfyy
qkrirnvtwuutgzq
kigkptegyhfroxw
oxfrinilsxmftgq
eeqznkfctbwhqxf
vjwytmqrmaldxwa
ldoiuwqmsanntks
qdtzmncyyaohmub
pijgceosrrtwdkt
znxfuouetisepsf
rkdzccqezugbdyg
midjmoicgjhqydf
idaenbqwowflxqb
kcgumfsiuqmsokf
lxpdcklgvbhnsmw
utghcchqasvjtjx
