qvhigrprfzftrww
scwtgxbvvgryely
msoehuztlhmhmya
zachhgfgetuovld
cvzhksukdmhaull
jvlenwklofinitw
zkrucrmhzaikmny
emsgraoxdmcmptw
yrjdhgjvpzcbxtt
hiqzptddjdtgyut
ulmjbeieyxfrldo
nxpsuddoksbypbc
mkxyssjvxiguqkr
msuntctibwasyju
dervmhpmxbhnvoh
lpoqkisjaurfalx
sgxzndgjuxbutnd
xqngfixumzzjbpj
lwkrcqkgnyqoafp
coevncapeyhnstx
uiwmewgloqunkjp
fffpjkrkoveyfsd
dgknacrrwydjzif
nmnpoeweojfmxhl
lxbsxzzfpjqpboe
ulnrrqiclsbaahg
zrnrojiofjokbwl
jdkbxefpoutzfgv
heykzlatitgqrog
xvmbnxowlwqqgwp
tiyvnnbqkdodupr
arccnxrzpsmkbfn
hziyatarhyatggx
rpychserthfmdnt
xjynbwxblwuzavu
tdpoxnizihashyn
kybudylbxspbhji
nadduhkniorwecv
kmosjrjhvomnzrg
lxzpxmziphwesmu
knhtbuzclopcvlp
qkqwxbpkazhpkpc
pzfxpmqhnqrufhp
rylgdwxxsadvtep
skqtxsobbiyizur
ictcmpzkkvrbjkw
kswkqenljeskmol
vvqdiekgyhiqqyg
gccfltknkvuromc
exvldozfpzolpwj
kiuiksnxmafiptl
fmkcjcqtjqcfufo
fkqxlkzzjbxofmv
zqyjebcplkgkixb
uswzdfaitascjhv
cbnnrqnaindvmcf
looxmgfudjcqjld
qnxznqgmlupxjre
sgmlqweonmjtjxe
fkyabjpgrmlkbje
nmailafacnkijfe
bdnmsffcvkmeiiu
csdhhkrwpnxrwym
bcbzfeajbvmbchm
aabyodnqmgxhfhi
qesflocsarmsqxi
qobpyqdaimfdkkb
mryhuifnpcxjtfy
ukfairmjpozplqu
ktkolppoudxlmsb
pzvkjljsapzqsif
iqflccugexuvpxr
