jihzfxrkedvwppa
gjoczmxzlfiihys
yqufpuzhouktybq
ozqfuqvraefcwyn
jjzzaekhwoaogln
hbgmdviturhdhim
akocssggubccdmt
bngytrzsyodpxqv
wjkgymwqenwebst
zctiqtbvhkscsak
lanumazuewsmbkx
ytvaqholzzzxasw
urjdyhywpysjpii
fysevnchbzywjbr
fflpsjcmcugcmmg
qptqlfqdpxfnbvg
ijahqoscttymwgr
emdgqmccbidjzif
kaziltgmjhqqnir
jzyhiubdqpcaasj
vmkzvlebmohbtyj
pbodiuvepxyhocu
ebdicqbrghtaeuw
ffbagnoxmrvstpz
gmpyfmldaqoelpz
ujbpdetudegdmfa
tilwvestwuudgkd
voipwzlerhzeanl
uaewuuqtixwqytg
bxrulzniidsixen
ogtuxxrhdyuncla
jowfpmsrguyryqj
sbvhnafqihwuhfo
umbgykqtixignhd
izgprhuqkxudvaf
ozwrxbgddwlwgzw
gqtcqhlvpbleyqw
tjtzrnggystlnet
pztkyfblxzgeoyv
sgjhjmrbaeivugl
lxumjkgewgbycgv
wvlmnxyhjwbxowa
yqlikpkoenaamhp
yxcftbaicaichdo
yvcwkalbvucjrdy
rosnsdwbfipikso
yaoxzuijcfhykjj
apcwafqoniqybwj
tuwsusqanbwjkuy
kzxnhdpshpzkahd
krkvfftephhnymj
qqvotzabcsxnwyu
cqkoxtnondfejiv
hfjojogragoellb
jaxybkxjrcqvocj
stxengikpklpcqh
uzldchezibazdxk
sblwijtvkqhkyux
wsaegeyjrhrlzew
knpfqqghsoksrry
xhhxivozsszylcb
hgtkfuhhhooeldp
quorgvajpjlobjv
vajmeozmspsxkjs
zipkybomgnbvhvh
snpwwsvlwfnctah
xjjbgnxviyxjizz
bvraplnyaweypmo
kfxfupclqlgnsvm
mddvhziomjrjibw
kxgjvrqaiijtbhc
fmildibhkvjlpxs
jdryryfoydulghp
ncojaovslepttmz
xqoyybqscszfsoe
mxiwkrnflprimoi
isvszshurtkpkbv
dpuekysschponkr
taxhonyluvtbsqo
cuwovkftkkvglbf
pfgocatbsozkwey
ntaxbvsxodcxynn
oloonobkpluratj
uafjitmgwlojmwl
gjthvjdqcgtfetd
qytizengjyeoiam
qrxmvspnhuhnwot
cenbmubrhadkuqj
qwmfsyudtsxbwsl
zmzefuxhvrixpgq
llqaxbdyjiifmhc
cypywfzrlltmmvp
fzngxvrgkinyfkr
xtmndytqmeyxrwb
jtatuhcbbotphvp
zsfnaogxpsucias
dbjcrtwlkahatav
mibgfqkvqtlpqnv
iywgnqabihbxvgk
nrqszckqxstixcf
myagligggoinubo
eeutzxpqhwgkfaw
jccmhbwpjxndijc
uzrqvijyalosszn
gcufjoyyujnnwxh
hjfmqdcghwzvngh
ydmwnppejpeyukj
jhjrnmeulckhldy
ptopcaxvkqsxtzn
deuvgmmijkewevn
eisaugxylwwfpew
rbquaezjlactqtm
xzsekatkpnxddpz
mejnrdeqizcjmjr
swbxfqnehdyfbwv
azhjtbxbvqdsclw
uvsrkqomdsqkxwa
zhybfnpcdmcwrgn
roqxqxbcrmyybbu
wdleckthaeksekr
duhfjinufoxyvyb
enfdcsatukobhfy
bhoxnbquxsotwwt
idjxzcthuablnby
gtcakfgewpukfvb
qwouwnhueupkwjw
ssqhyibbilesfoa
njgqzpzilqfkfqk
hqtauogsuwietbt
fmanixboxjgbohn
tlshuonnqzfxekj
qwxmrvyqyfiumkq
hxgpbnochaacdwj
fuzncjeysujtffq
obqytqzwxysxcjw
nvodcuzqiexuhfq
nkaebnwvuwpshsm
ieqffsdwsmtgizu
jhhvsctdrjbjmhi
bqmpzzmrwwncura
gxkztrpqmgwwdbi
hzhhievywdvmtmc
bigkltuqwmbwrbw
btarqmzvmzujhfo
iimvwzzxwuslrtc
meohtbzlvbkwkur
hdkhjidxxmchhzh
vesdanpooecjtbn
wowqzxmfwttonhz
qihraihngfzfulz
oehuadaiclcsdvs
dhcmkcpiihdaplw
pymorvdpjtzclxt
fxwakvnmdjnpezk
ysjuhxnlrzsboxk
dfgvgszadejqiao
rfbruiucajchxcc
xlssuiujopxwagb
vjryxtvbiyznjkw
qyrnuvwyluaawqu
tfybcvgtfzchqqr
gxvuockiondnhhn
aocnftdukkyzgwc
ardmlzcdgusukio
gkqgqyjcdcxxibx
zbexxkxclnymprn
htdjqpdkdwlgzzd
abzqvgjtvroyvyi
xwrnsplebrqeaac
hkgxkamhldnbtyc
aomimxftoysseyp
olpznwioqimzzra
mpkzgbzceiplhfo
eorrtmgxalqquzr
bhtzsdwalnvndwt
wpwmwweoymoqhvs
dtwapbmavxfesfk
zedzaumjeoixsdf
wrnemfnhhwlteud
mlcfzxuekxoampc
rfmmoekviilkcwm
qjtlqxvquzyzjyc
icshlgifcwhsdob
mnzmbppzuqziacl
xmnucsgytxhwuaq
csqzyolqesckfsm
wchocghogcyaneh
mukbsxvxlocjzio
vrvvaazuampnpym
mfwmxrmvenuezsv
cispvyrxjssrjiw
ocjgvyvgklnvtgg
nnwcxphxhfxnegc
owxcrwixubmzdzo
ozkbheyboiniwqf
dvwahubykuyfylv
tzdbewbzgsscfzp
haaypiitdguebkm
qicuqjipgwmvpqs
hnjruhhvgcmnsnp
ouglkvvlnucbejk
hujxydmnvkepfsc
xnhnmjxcoxvlykx
flsxsdonlgsqsiz
sswbpgffhhwqnge
ftizdeeqwvlkylg
jnyxssbyaabafjd
srkworguurgtjyq
jfkcuzrfgrzxvql
gifidmxxqrmemnz
jeknymwpvxwifvq
lhaobdirxoqsynq
vyaygwydenlpyxc
akfkwscqlzawkix
fndqilyoxgjwroc
aovxipkxligpcuu
nxutuuctcihxdpf
djpxngbvngeyohh
sypdkouqyeodpmu
rvitsjqlargpnpk
trrsharuxiifxas
hxolocmlpllvqfc
toepwwicdxowzbv
vhsshlycrdhempo
xfreempkovqjyys
yywckjskjrsrbfq
omqlixwhzuoulyl
obkgfgoxxfgfmty
ewavzsqxvgmmpnc
rujnlelojstykfv
eakieceegzbqyqm
kygmnmbnbjlzwdd
nafvmqumanhwfcn
mndgvrkwyervxiw
wmgxhvuggjpdxno
qkvjigpdgryjvxf
bajdziieqhiypuo
toyjuugxeudrkhj
dkpimvivhvamqze
cluatjtkcdaplfs
ppxseixegnbkpfl
vntywzmdnkdtpln
bwqocdujnklkoku
gwnyuqxymoklvyx
icifidkvhmpqrge
ydspmuujutsvoet
lmhjdszonsrvqnp
sffshelxdylpboh
qvtwqpxznjpwlhp
szfpveucqmmxeld
ewxwisreefakidb
irdkzaxsqelpbqa
axzzscwditoboym
xglrscgdvysotvr
dbsrwylmbjzyqlo
voyivtbynzcahdd
iyukxkinpcygkog
sjmewbxikvlazsr
ogjnzuuznnkxcwx
wjpqivlpgaorjxw
ndptjnfqsfrddlf
dwcmiepxeolyykz
jsswzjmmomlcjmh
dmchmrcavjszfsu
knqtyalabgyvqwx
jwnrqcyujzuynud
wfnqvlctsbeoord
evhvdeeqhtbknjc
jbnebkbrrfbgbcd
xgeeyuagrxddgqi
zljutvlgswixxbi
xugvhvtvibvdqjk
myxypsnlregfqht
jzyipkrlyvmvncj
qtqipurhciniezo
yisrvdlvthzxutr
vcbzgrueoeaabyi
eoptkugrwdoanoo
qrtoodeczimxujx
srdklsucurkcnoq
vuozkhcozwzlrao
ujmqlnivzftlljz
dnqahftysievlxr
guvkvjligzzkbdh
zazqizcukkkhmfr
lyizvzynydobxlt
oazbycwuqcpktck
fygxpuzlfsziibf
jvgwdtbxclxxdaf
ypszvjrzlyjsqyt
bjuualuonlzbwqj
ozhoypocbcerzlz
qfubjhdxzarswye
ukujfmhbkbdxikg
pfshgcetugoeziq
duhcjnonakedlfg
rzjjszixkkbxyrp
dyhqkdkwjsnfred
ykzvgtufybfqnwc
zopklgdensiijdr
ziaqslvatgrwxch
pdbowhonuxbujbq
ywotvuaomklcvon
sfshxvahoixuyvm
jzhpvvaenmwwwtw
pzwriirameondon
xriudzovkfkhfhi
umrautnctfyufbp
zlxtpeiglfalagf
wwdzlyantnaheio
gwkqfficbaxyebp
fodyhuniveeeedr
siyirybleuxryap
yxlmuxloakmwegq
fhifkkeilggziqf
zcedpxjbmuydybh
jdbajewgkktuads
buzrpmiwwirmczy
oxougxscgulrjvi
eapdftyxxoftiik
fskqfroijhopvoe
esnhacribfyghpc
xqtjniitlyaccki
epcxzcazxbqsxcq
hrrvprttuhfcggo
akadtjtxjkkrxnf
fulxynebqdzgktv
bcvobdwqqlwepkb
wopweijjnddsxmr
eutlkcbzwylbpke
amemvlyvpbhvtwy
dehvupdfzpkjgyc
vcukvldpfxjieph
mhnodckvmuclerr
htzmvvakckrzvoi
ariymreuyybkkhw
jnfnzgywihycvxu
hpczwgezzgiiavz
fshhlnkixpqxlhe
gqwdxognopdxwhd
udvgvjgrwtmbeql
rfmweljdoezsgyp
guoqdcibexenzdq
sfbnonvigwwayfv
jlbjkcttyzjswnu
wxlfxicimlxzfqq
tigujrrpxavjhqx
heuzynlslmtcmqd
rzrlubctbsjjbnb
rjhdyqrzlafsxcd
msckrcfseffgdre
ghijqcxcanbgxya
ljjmunrranrszhj
twjgolxzlrvzuxv
gdkjujfwdeaxswi
zwmsitktopchcoe
joacwrcmuijddqt
ofzytyrficilsbl
btgvxfavxukzesc
bzozkncbsignjea
iuvbglitszyifkm
yekwwgakcwayvwe
tdzhwcwyojfcqwp
rgvaiylnlxcnaek
megewqepyludmnr
tmxmdjcrigfnahk
rogrcutpyxjvvhu
mkvjzmokofmxcnm
ccbngfkyylgggzt
dckaxljyrricocr
wqyynciqckkvuej
ibmfgcoxlgqhefm
fwzcknkclywweml
izzkhitzstydkwe
bqspvtfksxayfrb
rufgttycpkccupw
xpamrzilvknmzea
edvvmbeqmwubqdy
iojqbnjapljadrv
zxpwukerxgrofwp
xehmjrsetmldyaz
ltltrryydsesafr
vonupisjhpbfqlp
naonggyhgsyipli
gpdyhlhiglrsqno
ochmjhxeolfimvh
jndbapxushnfhzb
pntisdmxfcaobzv
anjfjpzybmaitlp
rvhsutqqcmcdbpf
tmnfxpbtgfqnmfy
yqdehxwwhyqawjy
krexmcryjncenma
yedmpdctqsydmil
jfzmfvfghrwbhng
rucpyjoqvomuitw
kywxlmnzrqddvax
xteiojaossgxqkv
cklchsuvgucfoyp
fdmhaixtygxibzo
uepuobdfcwznxfv
oamjlseihmdbjff
sqftablgejfzays
httsnbpihmrsbqq
estzteeirolarkj
gjskbhofhgzzttr
uanykhkvcjxefsh
pgtsspxikxxstwf
xsjsuhujjesvsfd
alnahwgbvefiddg
prwscorcdvibkqw
hkoyxntktkvnfdq
nlnzmdmluucozcw
bmqqcojpnyjgstv
jgzagkusafsqovq
eeuqsmtayaioozc
ncyypmnkcsoqzvm
wuadvohlnbtwyhn
xkernvvfdipqacr
qigoqdfmlfmdybe
vddzisdxchuybrl
pdeqtbhtktmchio
ihnrojwqjytnxme
mblnbrbyvbkwanc
bqabawgkpalrjyp
toaphlwrkilqlev
fkqmhlsameoeepl
dhatyulygrcjkjr
ikbdhyeqybyasxt
tqwclaxihcmelyx
qykmwuxiboiiwtj
nacqxkkhkunasxg
iyhfrqpaqscrzou
ktyzzvycxpihevt
fkypcuakmfhcjwh
tfktkzdcobftbuj
itzjknrxntmyqgl
ksltbpalhcxrkna
hslksrhpdfhrxlf
ssljqswvykfvtdn
qsmcuuflzdxgvyr
tinynzamzmgzleo
pfwhjqzenziqmjq
dlkukglhvdohgmo
mlqwgsvyerptwdi
ptgupsqpgtqlxbj
keaoasodvwbtfwd
yewiykssrdllusw
aiuwkogfhvdiixe
egrcladnkrjxkqb
jmlfozebabszrwv
odcmmytlgbbjsau
pnwowlutdwxpxko
pdzyhfdphedzxxh
btjbmqmgmujyuzr
qteimevjvorkoxh
wmvlaulqfkgdugl
fikkqrnmzagbaze
thdiouaussusiqf
btbflfoyieoaghe
nzrbjjhyrvscgrn
ewuyjwqtwifabqd
gglaeuhonvvvrku
bzlpvniufjslpbp
vrcoaymwhfwfmag
ugxokazwwkbntwg
mfqfqhecaduhzbd
xrrvmhibkylptgp
lfargmjxnvkimcv
tantjugmudjnoqp
tbxihmvmyplblma
cspqmdzpeqjqckw
gbnmmtqmxuvewfn
qgauvjibbspesmb
hthgtuaqrbbhgtn
gzowwkzratdgauf
urrzuooyhekshms
sxhdnxcapgctyyv
yuoewqkwvmtshow
ohzcypvwawqxqmx
kybiqrvfuepviwr
cfmhhrkehhdxfvm
ynlqneshpmekcgk
jhezpzqlzvhqlxq
bbyeyvzsmhidtxh
wqdcwouuuvguzaa
vnjfnpgtzfataoe
dgyouhilpeajhlx
nanodhomwlkgtzq
vtaoowqoexeejaq
rqnqnridjwymqtl
qtzxefzkieikqrh
wogznfifcckcpjg
yzdtdjqwiacsjan
adlvxmrvmqfzrcr
bqojhwmdlbnvgfj
garhnqjbrlobgrh
ytvonwgcilsevby
eshzlscehnsukng
wuxnqefkdkvzmev
goaeirdizuyapeu
lfurmjztpoqlrwj
ukwfxebuisvrlox
sumzgvrezanknas
vlbiiupvjadcujn
dsdqiuazbnkkzho
fvzffrvdiehsnip
uugqinfpkblpnvv
jboebfxglvoonca
dikikyfkxothmev
mzstdmxewhezekq
dcjalfjulwvubbt
rspkjzurfteazwd
tytyyonzsdojoyx
cekovdffnjfnkwt
oxgtympetixemrw
wfkmfmxpkukumut
dozimaxzyzzffpe
ldmuzidibjntndi
esgpovuqpiryhby
xrjadackgxkxrzg
fdmiwgvrujamttz
rfiudrzzmlkncbx
mtobvcwfoxspidk
abymigdvxyeziba
nztlzjntydouosj
tcawobhywhlgaiq
byaewzetlcrarxj
mflbqerbxurychl
ahemuootxavbrly
yxvewucaeyfvbzs
oybuipqukscnqyo
xhkrmgobtxcvdct
jlnpskiiuddqpvr
neqfbalfpizxejx
ljnyuwgynvtrscy
wsbhzgzopnjppbg
dozocwizkflpvok
kgrfwmjfndxsjrd
kaivxtpqjoeuntj
oehfemzxkxufzjh
qsivkivdhjusvsk
bvfhgtpmbmfrfwq
epihiihoqqfbfrh
odnclcaholcciqz
tqbshyhzjwnalth
jdcrwyldeqdchfn
pbflvlkgltvlglz
uhclkvneoaaqiim
yoywhjbjmjtuegi
acxbxxkjnisjvwg
zgbxwlyzpxitlen
xfynzehcdbmzidx
qfobzhruxqictkj
iqefglqdklwjzlc
linoyxlvdkdfxnt
pfjinnriakqdnme
xgfoulszxeiiqki
efjhhtleowduxzj
nplvvxwxnlwwzsj
mliijahbuchhxwu
oykkwlzogpnlvit
letfnzylbyhifuz
dtosiletkjqsjpt
nqzpoytotlwgasa
jhiodopxqadyhcu
zqlfrharczwwhgi
vsymykbosghflbh
vuggwxkfksneabs
sqetmqyyxwiljvs
louyzoaipgtlhwc
pwxtdkrmttwnnry
emnnjbpxzuceqsz
wnrndhdclpccvfz
tjynwjheohxuizq
udnizcelxbwbheg
doafgmdxoubeglq
ucqgqfpvmthvwry
cemlaohilistqlv
jjlnmnmrxopgyet
wnybamfhjqcsdke
gadngigpgoqtzbl
nsatkoxcqyyvbcn
nwckygzwosheaai
yqgdfhqouhfwwyk
ypnaireylcmgpwp
napghktrgizzswy
vcoontyjcjyzakg
rxnkriyzknkmpur
sshudrrclonjszz
yigppebiuzdqjiu
rigggzrqouimggr
vghsrbmailqvhpp
cuitrohcznblnba
nixyyyfpxmjcbuv
xgvccgrmvhshdmo
vjqjlfylbvzzitm
bynkbpbnhfjovqm
tcynhrrrhitbyin
bpuqpqosinmghcr
iogyywnxbuatsyy
spryoqfimmpufbj
gjdfvajzoktjkcy
rasbnwiwgfjpsqs
eyvjtoiwvjvhaoq
iuohqjjukllhhfj
vagrxpbrqeidskz
nhsflwcqwwcdrna
vvvlputgzlqpfbq
dndqmitpyaudqgw
kufhrwmtkuzelnj
xaruedormcmllyv
vgvfczlamluxozt
snszurfcaqyksyq
vpabhkniudcyylk
ayuqmffoqsgfcui
wrpigdtocsfkonb
wxdxvvrkmbrsguh
fgmdvqzfgdcxsyi
boiddjvbbsqljfr
djlihzowwdhjlsj
bpuqwuonhztytww
yryefntsqgsvvox
ldtwjlvvktmysss
hblawmnngrprgej
jenfamdmjidtfdm
bymjwvhgrbfgjkj
zejohrtryusyybf
waietslfexauaie
zanswcaiawmmnow
owhejnhwaqqaqmd
ifmnivhemwdiaok
sudhmxixwdnteue
lskzutusiwfqdsn
wxlcxnovhmfpyoq
vnbufrwxuceuxfq
ofikfnjckhzatrr
bvxvqrxqvjgudaw
bvbbbdgsaecbvgw
rynyycmuuprgnmu
topxuwzhhcolxaf
ijwoflyznglohhw
jpbtpnsqayqybzd
bggdozrlszmzhbk
gxcnxuojunoyzqm
ytxmvosbsnkyrfg
nfjwhxrnrgydlfh
fzlslvakkhwweic
dowynrrosxywvmz
dhfluvqrrmzpbdc
dciqnogjdzddrkt
evwhhbraulwtfta
urddimecpixfimo
uvkirpzwkefuqws
ejsplflnlttwywm
ndqfphcajnqcsjk
dfcefbucppnxkpq
nxbjtniabriczei
qcjowqyjopvhsbl
losyfuwovwtsjte
getafivpfqjmfxl
agdwhtuzphtjhhq
yvbpercjmnfignu
phwchymevttsxzb
ofkdwyrtvteikxc
mmmtxijlfyveqpi
dlipmgbixwmceog
hdzmaurotihvlcu
vepnxsdwzgvpwxw
nfuansvmacrxzbz
tgbyjqezlydlywv
okghxiylvfzievl
eejcpaiwyebvtid
cfyphumjugexfsm
okdyikrzajjjtum
kqyffcoogoucpor
txpstekzztulwgb
dadyzkvusauzoak
bgmywjtntfjoyac
aczmyaxqrmcblgs
iqduqofofgwduqr
bqbkkilezcampjl
iabbcbyzudtykpt
neozcvogppjdvwc
rviolfruvodwfzg
tgzeboaubrcnncx
tjvknwxzxbkgtno
jsyllrggktzbazg
ryvlpebauuugoys
fgqdwgvurwlgnlt
cgjtsvaastynqet
akhzrqqcmshagef
ihxtcwsklljowgg
pkkwvsvqaxshzik
ywltwxkgednbonn
yfuautguodjxzhe
sdxwbetozvqcluo
gapkfafcwjlpqht
cydkjdmihedfgao
mwgijvmpialstwn
kymlvqgkjcldkbw
krkbduutjgmkxrb
ihrcrkbclffryve
yqcgrwlsmwfqtey
nxqajfokvnxhome
soelrwqapxssqbg
xidilnatjmhkfft
mffwurraeprgqtv
enxzmpdcasmezkt
oolgwbyimcbzuaj
dsrociogwtudmng
hbclkpsafzenyrt
pgbkbyzjpbagcmn
kwxaxfgdayqahqb
bzsqgqdvjxrdopl
nivmfagwjtavaim
cflmagehnsvzafv
losbchugrozcuzj
mjpidwyfaikvpix
fpobhxlaermhryy
iwgyajdhxhjnukk
xlddabeztpgjjsk
nuroucljgjcldhh
zwcplqxzzoyprzr
qxsevhllgcvtxxg
tytnjnpuymyemgz
imckhkjdjhceotb
jjzukhrgrubnbdk
uwinawvyhjmcdng
pfpnerbqkgoscsq
ogimotgluhrkuxh
prabmqahzurlntb
xigelukgasqvvgv
nydhvwzoxazeyra
yojanxavbzsrqfw
tjvmvzynvlkmvhn
utktvyrytesrqhw
worjakafvdpfxgt
melcicttpoprfev
synrvzunclimsir
vbttyfvzfgvqabf
elxskcheghohfgx
ocmhsroajzxlspt
kndxcwgimrnfymn
hdmcjuyzpvafqke
uvognhtzkuvckje
bsirpxwipxgbkae
xfudtbjgdvaxizq
jasoyphhoqwfgzs
mecnrzckaltgjaz
dbquonmsqkgmcwh
ddukwzcsuehsadb
vbajcpyxexeowtp
unzycoddwswdqpk
sizumfwpgmsazvu
wegmpvsncwdetcl
nwdjwczosxxggzs
acclahgqnkdgfpj
cujtzrewyxoxtsb
asvifgkhnixzuay
zumaegtngbyzfto
oybvcbnydaqeghq
ttndnxvxnpyrfhs
gavukopmsklphpw
gtzbuhvlgrgsbxn
lxzxoaqkqjsfxil
jrtfflijnrcvtru
xzcazdoogbddwzz
nwdwsvgwzqgsrob
hfjjkmlfscuoedu
ouomrdhewdsytkt
zteamwazxdsqjvo
uagascdqvertoah
zpmftgdqvptcpit
gamysyxdbwmvvxg
kwiqiooetbeqpyt
bdzbkfmwoyuwvsf
iwqkndyjkgjcsat
tokvmqfrfbrnvfd
xmumtkhkzojxbcg
izacynduqosonns
ttvgwxjbfemolak
zhripzhuixlchla
xbmnzetifatndka
nrzfsqijyinfnap
njdwfqulblmjtte
uhoviizagwcxkic
chxfcpalxntawgt
xbreciwnjankgny
cdbucnkiojzrbiq
glsyxkvcoadgkss
rdmxvqxbwdguuth
fwjabdadatiuwbz
hvowvburvmstyom
xcgsiugmtfetlic
rqtongpeoahzzrl
jyoxqulebanlsvu
sbjnnbyqnpkbsww
zagzukfvbtnufzq
eizpihhhxdpiupc
llhaftpjyctffgy
ydzviuhzhesbkfo
iascmilmacqvefp
yghwzpqpzqorljo
ubnwcopxdtuusoj
fkfjxrgvxvvdtcv
cwoggfhoihmugef
lniywlfwramcipk
ryfhgvkdjljiqta
tzxckmwqmtrjang
mluugtkgvaaxubn
xhideuzhzjafgpi
jidjsqobbwrunum
wtjykvympppqtol
dhpdvrmdyjutcgv
lyrxynrrvoegzif
freuayfwxsxxzev
rvwrxdugjnzwfod
lzlxdalpxinzplg
icinctzncfwjgsk
dxwmnidcxwlzynt
huwotvyyhcttlwf
sblkyfvukdnbfcy
ylcvwognjbrpqli
qlkuulyaktexybb
unshkoljumhtwup
rwreycsshsjhlxp
snwjtbgyxqmtevk
ovdsqsgqaafsqid
dxjtetobcjlhwlk
oyregsdxiiveiua
aqwpjedqyxwckmx
fwaglyleqwfagyf
ybemkodijengwws
osxxomkwuqtzgpi
fptyeoxzklvxemz
ipvdtlrwrvlfsol
cipvxugyjcrszdu
kecdxldtdbotodi
ppesjgzygtrkpmh
tmualpwktqsequw
wvqieifhdgpujzw
jgsqnmmtclgcgsd
hwsesmpevlxaoqq
dkmnloxmmatthfq
tdstzkznolqflvx
wigbhgrjvcvthpf
kqwbxtbwcjshtyk
jsdfqgltygpydtf
oyuxlwxrgnsfkxh
mjuosmfrreynjer
dviztxlzebtnvmz
xobfikqcolwtmyf
pawgbvzzlblqdda
kfvwmoxrmexnxwo
ckggqggtijwdxxc
deoxemiyrwknvmn
zjjupvzlgkhdoio
zalwmjqxhjugixt
xscmfmbbpbyqkcm
codfxheccnnqjwv
omfefasvwsifkfu
lizkoxgvtilzunv
dtorzsanheaauht
aliowovfdmzdyrx
dmqvomahzscfppo
tvxjnzqbjlpruxe
bzaigwowuwyxclj
mdyfqkhrhhhjwro
kostrwfylsjeqwy
oqgtpjdhenbfrrf
pxrdcrenemkwsdn
gjmjwvopdordcts
eynhdrfbskvnjyl
ivlagoewhiogzri
hfvfzknwvrgbggy
xnwzdancmpxiqpj
bmlenzpphuiigfb
garwuoladfexdme
ycixloluiquiijj
qylkfbqeblgrdqx
trekndguskfntmy
cxqfhibrzthnjso
oghzatnpobjogzd
etvjhxxuqjpbvrn
dysmaxatschtldk
vcsdmcxyseltryq
brktkysnlknbroj
hmjxzocvjnsfdct
mvytxfdwtfwszyi
geyodoopqspetha
ylzsyopvflcyjva
zqzdncskwjhmqqk
zbkparvfmfgmrbj
jurnctuccxnlroi
sbcfnumexpjlcsu
dyfgqiakbonvonh
wpzzmwdbzhgeurt
nflhhhonwvsfglu
itsuwafbocfwiwd
mjadvlqhhlmdwvv
saeiewktxjxjggm
atfojbozgzeyvuj
xtqcmfprrqxgkas
kqyspzndtpjkeja
owkvzetyxccfemy
rsdipdisopvqpnj
xkduyeyidsvrcyo
hkhfgwdoendbame
zzchxbunrobpdpp
lkjogabwavhempm
mnfjhjzistmyjtb
vmniwazsjnrugrl
gzfnfzczckbstkr
lwzcaxyysevtcfx
kshonohcezbwbzd
dgtufigrkcmqypf
pucmkkvnvfgwmpd
cjpuvcqewvcjzle
isnfgenllajjbbd
iekuhgctxdqscqp
hntpvoypgnopbjm
fdfhyxpgtbkzsjx
pcfhbdksotitxey
irxwnjutdewmhzs
rllpnppsrqqoujn
hmfqnvuziwqjicp
gbgrqwijxeaxwed
uccvsyuvsgweqdn
cnpbnnfroqigiwv
aljnqajqhjasaah
owijakmsphyqfpc
xodqousztvquybz
hgrysxzkgrlvoil
zuvwvailnfhycks
yfvywouhvygsbfu
saknelutputjksi
kzgbtstzbunwygc
gmiswcvvqjjnoxi
orhpugwwzncanfn
ljspwgtqurudtvo
wdfqcrgqgaqvfiw
hentkofydbmrjzp
vnnpglymeghdzak
bnhpvnoslyohlfh
njqevjizovmnfap
kanbfuevwxbuonk
xotgnjqiimdgeey
jbsqxxakyawrnvg
fxjisbsgigfacaq
wpzkncxwunzachj
eeqzjndilupraoq
yabblpuhtpgoweg
vnbjjiixfkaxnpw
zvizxmnudbzikol
lbvryoltseckpap
ynbvycqprcntouq
vqfmrwpbennwfav
yufqqbjisqeuutr
ojiptkiditakarc
ztctumyibkoxsju
kigjtgrbtrlzqat
ksrooorhallmlmf
qsgiabrpysriukk
eaudhbsaamkofsh
iojvmpjrsbfwbfa
uidlvcvewzlqlgm
mxkfxgsmnpanurw
feldopgjcsvwzkr
zqrsofymvmejvyi
thumhnhkugbdymv
oejijzctbpjilnu
qtkqmjjgkoqoqwf
dougiukwgfvozus
zcsxioclhioijwq
sjjgazegjfksosb
vruyaivcmjazjts
ahbuesuulfwidni
tthqzxnwppkcycu
ihckmgtaoisddai
fhdzjarmzbyvoip
tymbvdjtqpziksl
kvrlptfzncecqpe
zfwuysjkhskufou
riebtarpazwhlll
fqbmwpcxquteskh
ytpqgwzyesmcrml
fltnbsdghmrbhzt
ghtwxqknlkitbyb
mlxzkssedjvfiop
wohyvtmaoqggtyz
agjjwlglqxaotvl
pysjtzscryewftv
uwbktaxhzcbztwd
hjkvoduemtsvgwz
gkkpssykexhvjfr
xvpdrsqtlebrfuf
tbyjrqourfauehy
jlaazxrvkmxyfdm
oeqqekieclgukbp