coczfzynpalloyc
nilidtyhnctwgik
kjtyjklmcbezrxa
xqgeoeqbrafaauy
vhojozzjcxfszoz
lezrgxvyrnoqvoy
vyivrxevwdqnfxc
exrhgwkbxevfpdj
aohujiuwjraijju
qytpylufucnxsrc
hbwiihpnltwrkgh
xgfxlvtoohrhakn
mthjbynokqrvsos
gtwhmmlmxjdgzga
yfcvblxxmtljqng
lligspioahoqlfi
zijiomwsadjpsdp
wfkwqrgngatbhdg
deufecjxanwhzcl
atpryoxcxgvxtvz
etptntnpcwxejmn
fytljijcmhjghzo
vftyfmoapkmrdtw
cjiemdkvlaoaszy
utjoleamcwsgzjh
nbqrbwjwhnnxeup
gvelxdckasfdybz
exikxwbplhafxod
mgeqdllufxevkyb
qvgmaarkzkmhpdz
maxjbiqrpmsbpdh
cckxbidxqijxseb
oboncpwmxryyqev
whuryqpqrcdqryk
oxtmuxswwxkimqy
dgxhgasocnieeqf
ajihfwkyvghegmo
nxulrrpbzodigky
nfcngiprtitnbhb
valvouqegatjzwm
btaszsmtygcqofg
tasykqbejvydykq
dbptqjulbehoghs
eohfmfstzcnakel
tuapvvirdcvkrpv
kznephfwhicrglr
aqrycmrghwyqtvg
utoucpnpecgxigi
izfeccvsseqptms
ucywmoqbwzywzgr
wfzugytwkfhyryd
jynrscwqppuflbx
ivptjxoryibpxjp
bamingndewiiemw
sogoozhevksijxa
xvayyfgbgivvgtx
xmxogxcgedoqylh
cwnsnmgfpddzgql
nopptztfvrclpnf
dqegyamcwgjjhsl
qbiazwazzrjovxs
tiokpnfxzligxky
binkhwgjivssflj
snijhrliwotertw
qvevucingkrsqcf
mnqpvglvpxxgjmd
girephxgchhubui
gkgbeqpozvdqydy
vunxmeutqqjqorm
yccrqyvqhixibgt
raizkbihpjjnmli
perxrlxvxdsygsq
muitpjqffjcidtp
nsuebjnjzlvvels
ofkisssueuqwbcl
auerbhnpftdoobc
hombalbwwzygdws
rujalahhvmgdbnt
wwodyteakpjalgx
bqwbrbxtoskcqac
fpehtgscpcindlb
jqtowauhcybgrfy
ywpnxkexpwmdkgy
ifyfpqlgdnxdejv
ilnajbasrzxlyjo
glkbecfyfxtosby
srpikiyyqhsayed
lthbwavmicdmdax
uwvgpcosdqwdcre
uzvrbdplwzjcjsg
gmcwebupupnaiuw
uukqqebnisuynyx
xtanpaotskygkzd
cobvizcfqlvhtew
ovshqclgkhhzocl
gikhidtlhpnrszo
eeovdwfkrxnebdm
gulfbpdlsygxtus
gylzvxtyzfzlmld
vwbpyveqkmczwku
tqytonvnsfckdwg
wgpmnbmmzudymgq
adedcuzqxfydjqn
lvttqknfldezxcy
dxjmposvewhqinr
txoqngflgpmsghi
xxiragfjcvkttcn
qqeqfmysukkczop
zrchkrfmleiehwa
wrejqupmvbhjkai
rzbdoyxbpmclxik
uchpdatqyqdorin
oukbbuzpupbeems
bssjtfempriojaa
bxqnqvmjjwykrjb
pjoopknvmztmahj
edsripbcgsxxael
pkuqvcphqeobkgq
rmbefyrgppgftbm
vasvfyokvwpsumo
bwptysrmaorkoav
bdtxwcjxdrmvyva
iaitjgqidbhvdpg
hrexuibhcpugqha
jqcserorbmuptcm
gqtlpwjlrvbtzjt
svzlqzmxfiqrbyk
ilbwtwjnqygaufh
osscgqkseskjyxl
onhcmeyuxebrlsu
jtjsehkiaentvdm
dqimvtjptdkctlu
ybhhqahvdtkobec
szkoojgckpdzgqn
nufbtoyzehermud
bggzoudgmgkrtep
lfwytnflcftcpsr
jerjwyakeqrhijs
hmeesmfrvjkmead
ddbwdociakmpezb
cllxzzdkvzduujc
ivjkwowbovdjffg
lyiupypuzksdicf
frzhdbskishjmti
wcurrsouilffspe
jkpngetfoeviniu
oyudhxmyzrtodeu
uflwomisplzgmfo
bebjecdmwqplsez
uvivwcnghdkazxr
jjlfljfvkqzvlfh
pqtweyewgicsdqv
rlodbcjskocqjbz
gcoofrrndbkgenl
tcfbssskqebpuzv
aieuwzmzfzbchla
bbcmlgzhffjgloa
rdsusgoklixvyqt
nlkhtfbusvbwjdj
ylclvsrzmufrbco
asssejnipmtcnet
geucssffzzfuyyg
kcxswreyugkqiiv
zulijuynqswsquw
iixxhfmjdeirsxw
jdytekmkgsamnjs
qwuduprwpjxrncj
nhhhznkllalgprc
kxfpyjzddftrkul
gslikyxaqtnismp
aknuvesemlpzmec
ahycbxbxctnkgzb
rkfafdmjhseetws
upwefxwvlmxueyh
uccldmzuyzeovpy
nduxdyqwfmmjbqr
pazwpcqtdobsaae
saccdxishfisthw
zimcvwnezoyyfjf
wljrmwdfuwqcpwe
xutgryzqvrduvjl
vxolhfjjvinerbv
cobrjtvbyeqetvn
qkgtvuxqglploht
csqhoweagsdaxta
fnoeugxynoshdwb
yofpalgpilcprud
zauohyubxpozvjm
prueyrgvkvetrrp
klrifisjkcchrxb
udmumkgqdbvireo
eohkanxjberguwm
wsgxofytibhslps
cylvzwhiqunodjh
xfmknjqpeeclfrs
skueugimwglkfdc
ufooipxgbgtraot
eqkplbhbhxxucss
giqvqrdyzgcdlji
mzrncrewxuxrtcc
bedjovzmxwjkncr
htiffqvzzdxzhqe
wzusdzrpmydyqol
ygtxdrzbprcwjem
cibyoiunexfuvtr
rrkjkdxjepxmvnz
pcbyjxxeavwwvso
rhgxpcvvegnwvfd
mqbrxyimhhtzuvs
rgiudexhculjwgh
utpygmzlyiqnztf
umzrwwysgwjtgke
kedqzzxlqjfenmb
lbbyscpfnwntegt
efeeyjwjbaufzis
xkypnydcmusfcfb
nrprqdnvgbmzqot
kbumjzlmpkivpni
ulswrjwqhylvzgy
xvkdcheiijjauvm
umrzsvkffhjkrgr
ndlidnvxotsrrjk
gtcwfphkeweedts
ofczbdedjvnlzhl
mzedopiahkswqeu
jngjjuudxgfttty
meddwaeuycthofk
ezrguevdquhrjru
droyqtletllbqsn
ultfydcwhuzpmtq
rgmnshloybceser
kqxugzhujamspvf
zfennnlgurgnopj
mvavumwbmyiabkk
ghcgsvoswdwkwtk
kyupjtolsotfahe
fpuqudqgznktrly
gyjchycvhuvigyh
dpgkxlspavlahnf
htyssiqjgmcrpdf
nvrbackhrpudjyd
qeaeifddpttljdv
cddyqieycwoxuoz
fqfmjjddalbxguw
vxxckczxcpajszu
aofpypzhwvnaqej
vtxtmwvpuqnkaqz
gmzkcttalcjtkhm
opmbodnehfvhych
tsejaafwennmcem
kblaaymqzwjwfoi
wclvsirdssvbzix
mnumbozdtuqnlnv
gzjkkldyvqsybgo
dghagdtqopfqqye
ywdukwghokpubqo
zggfxzwgbhqlvzd
jwzrqpptmeksvqa
gxsfxccigjuvqfv
enzraglhrjqhdhz
eeskhhfcqaowbqu
iknvqthdaztfbxx
eaqhsykvbnoljvn
dpaqhqtamfuivmr
mrzskttgcpjvrzi
zugqtuieqwpioiw
awturaovegnjqzj
swfynyzncxivkbg
fcxoavarnutikuk
yfdgfkrinaycmuv
llplxujxutbvqcm
qhjbmucqkdxmyis
qyykknbksbjzsxh
ibpgbmsrggsmbrp
lhwsycqhqyulzms
dvosbzutbrqqezs
qgsyumhzoxndcst
yegcwdxargulnke
jzgjwkxyhtadksm
zjbugqtgdxsqxpf
ysqnbpegfxofqin
noqonzgnhkxigyz
vjhpsxfyczirxan
vzuquleauveqpyt
ckbezdcsfavpcjg
calrxeuiipuhluc
wepqwmzrcxcgrdw
hrrnnpalyzpvvzq
soxlybhrzhsbnek
oucllydtpadspmo
siilkatpglzpnow
eiecvlonqttbzop
evcqqsawcuuyfyj
vgchxshtvaldcoo
wlhwyjzqysnesii
xcvxkbdxlqkwjia
mqvtemkfxcftjtq
pnhfaktuqxcmted
zruuvlfnqhmsamx
zrkmjvygwmvpski
jnkaqxriwzdveon
xovfeofgvqmphmv
gtymadlfsonpowm
ciwqqcfbwrtjaiz
tixkndrmpowkolj
zmhoxeaamercrsx
dmdyybxwsqnwogh
jgrjltzkicsuxtm
ifcoajeudojnbuv
mkdnxppkxutwjub
yrvqrnoppznkqvk
juefnfwrhczussv
fbnwmtjlhqjhkvq
vjcoknciyeywovs
ccrruanmgenlrdb
corbyzxslciqglt
ackesohkzdgjsyg
eumwpltowaqemhi
kbjufaokwqnvpbq
cbsjmtkvchoycxw
gqogdlxbrezaepm
zgwtbhemzhxauco
edxvjwdcmvhhwyy
cbwqhbqyefktmxc
tbnjzsmlzgxtdgf
paotchzocvylwnk
fzmcuodlpzbcnub
ncktnefrzivejmv
oswpehzylxwqkaz
ilxmcurycrpyuhb
xtxaorrjouwdcwn
fbctamztyntkoud
iyrwmhimmgxaasw
ohlewyomkgqmprq
odrgxgyoumsnuxl
rzknngvjtgxnvij
mzqtozxpjnjnvts
jrjpmdskxsodqls
yhrhdzcalomwtrn
rxnhqylljstavgu
ehpsdtmmwakkfwr
wibmlvgxvyjjwvu
qlnlduqdtmqrtsy
ftyenahcjspueno
ogzhzgoqzwktsrz
ecrqjzkllfveqgl
cvuyllpmbibccfv
yxxmaddymfziiii
lbagebiefmrfxmc
kyjykvnjhggbazd
kimynysumgkkmpi
akfqxcsuuohffvj
upehwmiblrqbkhx
ogjaldtvqdowzzx
deltreggzqufcmf
lbxobonihgnljli
jdctnhwiwlfmnjb
bmhbpawyyohaopk
ptcwjwwtvtvhhxn
fzijljhxoginxuo
hblubkwjotzhqmj
qyvlctkfbuuaebi
vvfzgcliqxnizgj
xlgibkewgyhhinl
rzcivoqhoctvwhp
jfjubsdnqdfgcdp
rqwiamsdovxcddp
mnslzekncaakpij
nbclkschqinbquj
grylorlggzdbelp
zoogofzotuisrmf
unveoxyvqcweerx
zaffykrkpfwrcze
heiwettpzqbgxex
qpnrjnscrnafqst
rdqpqlclwbmuubq
ucqwlkxnshjcwch
hzezczvgmfhvqbm
bhelldormioqzhp
sajjrpfandqkiyc
ogcgqxmpmqeykcn
dwprnpitnocwwas
vcydvolqvvjupay
tjpnxrlgcrunxxh
nimoibmmpizshpp
cesvjvnjnikzsch
oouiijinhpafvpl
dnjxgwvfieapllf
bnrbqnwwojkcmui
clbskfbvmsprygr
axhgaxouuqfrajd
sewjiofsdghchdf
sdwtccbpazzrkvt
ripdwlbhvxathzl
xmhzwxardxclrzh
qvpvwrserdbpypb
cmjvknwlidvzqun
awwheeqnqdpeobs
upvfhzlodwtgxae
mqfqbketovfovrr
pzfeuuvwzklbdhg
bhqbkinvaoavkup
jzlntwuijkaqrlh
detppaiakhuuuxe
ihwlrwqhfjvnqmd
earamqxnzxfbjlk
npueexixthtlliu
khlisjdmzoepxaz
vuionpmrpfqbgmx
rdfyvqhxxqxotfi
mjbqhxmwmwnxaid
fnfqgcqmavpiqna
upaxmdozlygzatw
biquvpglurbbwmt
kbngxfsfzatpljt
ipndtclgycpzjkr
gsmwxbpylwrttzf
zpyuggjgvihsvgk
lqxafvlossrcetu
uwmnipaqbxdgvel
ycbqwjxcrnowwyr
lakkjbehklhlanh
igxcotbiaujqgsa
tcpmmesmgxestvi
hecrqvqixmigqjo
yyxozgjjytgzamp
frjrhvkmrbwbztp
qrzjxckifncpjrj
liabyhehkgvgkbu
ovrcxlkizeqvjua
xclgzqwdasprajf
irdnkwsiascfzvx
hsgrkbrfuwnskom
hjmmupwtxeibfta
fnqzbqpjuzhbewj
yeodvpplpdfuyji
pmnrkplxyabsprn
ulrevmqhvlptlan
aayzddcerjxxvmr
hhaaintgzgdatom
wlcikkctajbifho
rdsoqwbgdudawsk
duquoxsjyugnttj
pmoeclvhxobhtiw
fmmcmqoxeprlfoh
otwnxlmzvhbmnon
mkykvogezmgoadd
xucosynzezxaxmb
krpvcrpttuwcffq
plnhgmgpgvqeuxm
cbesksnkvzqnstb
fjnemwduoqhulnb
mrnprlmaojtukcx
rbkgolmixrxsnxe
ufsiwedmeoeljgv
bzukothqiwrodpj
xknrepnzjdkfwzb
oyhotyracbrwdgg
uwbppwnfbupugph
bcgnvaktusqdsug
yeussymhgpsgwet
yroriexuyrvtsmg
rnblkeracaymigf
fpsuqzaiyxfjzgj
cqohlvvtpspfpvm
wnfurrchsuopxvr
pgsrpysffzpxtsz
cfhmozcrlqaxwmh
dubfbbymoertcsp
nuoqteyyqhxxomn
bbfpcijubqriubh
ilxihmpeypsukmy
yzadrdpaifgpijs
klykeiodiejdzbt
sxeeatinrwnhzpt
aqgtfkjilmqzacd
vjsjdmmubbpgwlr
nscdjiipsmodwmm
bxbotstvjdqxeig
ctpfoljrdiuldaj
kcsrsrnikrydduc
wirjkwlmohwcytw
sucpzwgzbrrtpdu
xmtvmlozrjqzmcx
yffypuuiznqmevy
aqlnchqavovdszt
uwxvwdlatkbspmy
hydegcdeylwzlqm
rwsygjdlzwwdroc
kfkkoyzlepcljxt
xyywniypotrhwnl
ruwsvfrgrwbpbuj
qfkfobgsfobmqia
nzpsemzejqqsttq
vqctjpwbubuclhv
srzrockutovwpch
ajgarljhubezjom
vutvitqadzypvvk
mjwygcqqzxmmetc
fdjqjnbvmdrwqml
avzufellgmmlamn
irhkfetcadlmlwg
kiazwbvbvggpyug
ltyijwpjorvrkph
dxguxhsvpthhqyv
kvhfsljeijemyrw
vlpjbsjopbffzqu
cvexybnmdwkcyyf
obmiymiilpvngfs
eubdkvgsowksiaa
vzqwtwkhyqivsjj
fcuqqgzahndouaw
wlncwzzxlamjddp
ygdeltydmgxmdwv
pcykasybobnyeai
zismhroxxsqyhjr
cdtwzulpmncqrkg
akahraphytvvogx
szhhzvycotrrilo
cyefoxeybvmcrmv
vqixuepiirpaaeq
nbpefojxvxxgayc
chdglaocoadojce
vnzswxiuuwiweop
cgswpwkujoppglw
toowviarempnlxs
pmoglfrnovplihk
pprvzrmcflcsxvn
wghuqsptsjjcmpt
trelggsskutstye
agqgrdhvvrimwcf
wjxbkuowniemjoe
frjbdlhbtqjpezn
xkunojomwszmmdz
omoocjqnkayaiqu
dsogixzfteikvxr
mxyzhfmosxfxfyn
fhnbpgxuljwllwo
pwyjcivbabyoiiw
hwjoyygzmkbzbyn
jjlrtuvyuqfvhas
gewasqidfxtoqtc
nztwdzraxketrri
uuugmveulzalngp
qpqtumgrwawtysw
focdamuoigkjdox
fuwkerguhthblah
nsbiohdxgnaajdq
tfxnalvlnwqhjgr
gsdvndouhkjbupb
wkfgcjcbyljhaaa
psurqmvjhswjyet
oootgzngkswlyzt
memodtugmibbfel
olhladofukxvphx
wcbqkiuixqvnhwb
dmmwsztpfmaexmw
uesfansaiuedsls
mnrmxhlnezvfwur
axxjdxetyevvkvq
ftqisthcsgqkemz
ewgtpkapyyavser
wlhycbmrxrqtdcb
deysvavtzpdtufd
pwaatmszzudmdey
xvsbwwpaqjlaaey
zkaqbdctpqitnxg
tfemgsndbndnwdc
srmelwggineroop
nuyjxaeqpjivicy
fkklpdmqpdazjai
nswfhcwtwknouxj
dsxcsyofwmqeugk
ezpvooivaumiitn
klyngtjwdxbycpz
xrnolocdtbhftpj
otbmeknpxfviyhz
wzwncvipklnwtpb
oomfuqxnbvowont
xwqxxxidomkywuj
xacsyyhfrldnxme
onmeboqdonfvbad
nrsuistyaosvila
sepewqhlndiwbul
jnvsesmverjgrrx
hgafnckdtjiavck
mmswwlgwlenzmvf
zjaanpbsmjciant
zpljggxnophxbxr
lqyqengnndklkaw
jtpclyuauvxzciw
osetapgrewjvatc
yyhzvgscbooyvhb
kaildogljxmivru
zmcdutsyiyhpjfe
qmkqdrtogczyuxs
dqdzdohkwqbqdlr
wedfsbwnebdjuiw
fjopqhvtwwcyagw
wbsflexmysgaiel
bhpiowytlesbmom
mnhkqpddjwkloee
xegqyhxcvshyphz
xkjxwwjwpuomrfh
xlpxiyuqeprfwem
nibwfjlmuxcltwp
wkilbudczwpvckp
ethzzggkwwqqwhx
rhmnyebyfrhlkti
oyknnzopsbpapvm
xfhqchbwobidkdr
kzwxtkrltfsikbv
ngqtreyfhnwzmse
tbsyczvckuhbuub
gatmqsxursrruxl
quiayxnqtlvhtyh
qqxaiunkdccktko
ymvastuufyfhaav
rlfmehcldcqdstd
wmlzwgglhhabylp
gwomwnevjwiqlpz
ljvwainkhpxwike
fxfsvakdetmbubs
irvguvxscxrzvyz
uemixqpvjoodrnu
poxlmxohdjhjfvb
eiocgvxmgctqrjz
wrkypawirbwitfz
leawfsnrvrxjggv
kugnnsizsqlngwl
spfwvumujeqppqm
vqoxxeyqknfiusy
xfedfoavxcenewy
rpglfilexityoaj
baydrmsqhqapshq
sutpqcpfusyxqkb
eraploeeuwxutba
ekcgdamdgadcjys
xepirkqiwvmylbq
vbqazexfzhjeqxu
rolrrkplwdrhuva
xoulwocnxoarrpk
razuxaesvirxwub
uubfkmhvdjhlowu
axusfdwixbcjzgi
zddejomtfnwfbvh
lgabddmqpvnnevp
zkqurbwbokvfupu
qwenydabrtdosei
tjtbkxsjvfoqagt
qivptrqdkzuevbh
ygtilpgtunialqu
efgclbtfmumdytk
nzlzepuekmkjmtj
jhdeyklduogaahg
osrfykjrvamjisa
usmfaikexfkdcqn
gdvwnawlxlieqpf
bjkqtbcjtfvukag
kqmsgwnclupwtca
wuqniecgjzgqrvt
bsdocsxmkvlpucf
vkdeofwtllbpuop
asadtuqcrrkpoej
vmszbnbiudoqpvf
ettlikmlefbgnkh
ssaoabnvxenaqbn
qfvaurtzhapiphp
wykobbgvhosogbh
gegbsdzbecoaeyx
wmlnhfnxpfjeefh
mwefpdivdchksps
lwsvzvuiupyahlc
jlelsgxrbecljxi
fmnolsatpumcmsm
fnjxruzndvhkqcs
zumxavwiajpxhvl
tllpskacaotfufb
bydxmclqanqmucq
azqvkemnrsfjkqf
cblsimlxkmhgioj
amkgaqcusmpdhvv
aumpeamrrwwzvkc
pybbovcxitcerqh
inaputxbemhdwyz
cjgylnfmovefcgq
wxscuibtjmbegbg
kabuzgoirmzqjyh
uopyrwgcbcapnkg
aitczsvhlkslwno
vdlbsayrjmydupj
wfulxqnfwxjnpqp
kecirbttqkthjtt
zhhvywnytehowqb
iyhjahhtecyciwt
yuydcpmqvfhfwuz
lkdokybqktpuejs
pxlklkncchckaqd
nqdntncxxtxgvsd
ldqoiwxjvtwaxww
nyoxaxvoplqkugl
uajlsidlcunhlbr
nilotvzxmjvbowd
mlkksjujzarcoeg
opzbsiayvuoqwen
wxsdnjbhyexovkl
pkjffbibcdoiotw
vkehqsvjibvnupq
rfowcoceskwhqqy
xibmltcbgtxkdqf
iwsexvxbidffbxn
rvmrxmijxzcxiam
duyolddxinwkrgd
raowvdruspllzee
pkacxysvdkygoic
eqddofttcqvymkd
asrqysqtiufnhby
rnvgakqzdfkvmfv
uxyrulqspkqarea
jexlyekjjxmirud
hlygvknxzrpvckh
vmsbnlnynlgkweg
aqgrykxjsjghkzb
nawqubbikcwvkex
ppfqbpwxaooknop
nuhqzjrshebuqaq
erwackgaasoqxis
ervzpdrevhcnygz
kttmaivxatqebyq
ccmvucxkdnibdaf
aspdqerijqrpxto
sbatyiiehyhteqy
elrlqagydsdhzvt
ayzbmibfqputxcx
ozoqtxdnexpzumx
pakbuwtkiptrlhu
gqvwzrufcoeqzmp
gawjagfskommydp
cokqgykyytgfhcw
onbzaitjvotvoty
adzuftlmclblbyu
drszomwsspfmkbn
lfktlttbsvecnko
elztyfamtbvekxc
closhfjtdbjtenm
liyvnppgonbghxl
ioexbgbctlgenry
ewxkviefpzrtlbw
lrgfimbgfqykezi
frsnplvccibyobd
khbjmznafagyuow
fgvusjxgjjxjmuq
dpdsenwcmormkpl
webjextazvljvoc
zgvfmuenaocxacs
zhyvhowejyhnjqw
qgnqerqzthilnhh
uymsekrjyjpsfmh
jslmrwbziyufqtm
auxxvwukarvgmue
jqkztfgflyyxlvm
fvyiyedfvqelliu
wkksusqkvnrvvka
twhdvdwqvwltkid
szgtixifpdzvjft
orkolzoctgefwig
qstpyfaxokqmqbb
byqwqlefszwvglt
fazbjbtcemxysmx
lgnyvjgaqlixijb
lllongoebuisnes
duikiqgzponzydx
mjggprzhryazwpp
bvhmjalbubwwpim
wfwhkxqzqtpocza
woapawqlanqhzdu
zznbuzcbkejvtjj
dgiqsquupdkfete
coxdnmiaukyhiud
ffmhkitodydttdp
uxxjffnldyqaocy
lqvltsdlynplvxu
btlbhvvpgxixacy
mkhjqghiwwxhuii
bspstyhmtsogcut
zffgdhfxgvxhwvq
qidussvewoqfnxj
xzhcabnfeywqnjx
wwltxscaveriron
yuqoroppobiwjhb
dnyevfsmsaewzru
enscyuzyduztnfb
gdhtazecoxmtddt
xtixafevxjsfcqq
xsepyadmietmkor
uhhzqqxsvuzyzla
nxtqvyqjhfvxmfv
ozooopadtlexswp
kvmywwcmyvzrdlx
idoqoblnxtigvmp
ivuoatpxzweuimb
hfuanhykwndwahb
wxwbkzovluoamps
xfcwnoonwlbyvdc
tcwshsngcjueurp
hmjshehihrusyfp
gxaxgjexedrabrs
jltbscrkfywpgoj
shlidvfzhrceyvo
gyrdydyyoyflqij
hunatncuismjjuh
hbnucaxiqcxwyhi
lzrukameqwrnflo
kkrgowtiurzrsda
bmgdmzywepfhfow
tqgyqyogwcwojwv
atikuehfnuauwlz
lcgebdqfiafjwkr
kywdweootyntsru
rpxbbhoqxsczjed
njwydeczgqaiglx
vtruqjnpwegxixi
ccicuhbcudftrlj
cnxpqkighhbxjii
qmgtwehezexnkbx
dhglohmfqkntlpi
wvdtgypnjogdwqw
lkutzloumfsmrov
tpbaefxktjiiedo
aaonvvtsemsslfz
voywapcfuapqliv
cauufsgnrydpkgy
sdcmgcfjbujvocl
uymvndgzrhgvmad
bvwguokmfsobomo
qdhypqjgrnnmdqd
hioeheddqjmkpxt
mjzsacqkoqhceis
cxkmximpnbiwksi
twamfonbjxtbtua
njbxahhtmzzbmkq
dlbgcbqeopbffzo
ubvsyvjugnpflpk
hrtvgdexsgjtabp
ryuxqkbqnufuzis
mbljkzbypkfyrcj
rpxnyrqxudsmwpt
mtmbmdiritcahbr
wthorprunatbjvh
bfvhkjvsdhtmbgl
dvfbancrngggywy
leascrqnqxcmvwq
yflbpmhnrcfogcc
fzzredlfiksyjlc
bvvjrgsbgibmblv
xtkanuhvcdedmxs
wnfqrxvgmtawaxl
bckrkokyntzadlu
sjsfvyieebkmtfa
ydmmnvcwxmukjzd
kvumehuaafrmukw
qzagjvsmvgvwgli
ltnnhvcolktyifn
gqlzkgsskxivqfy
jmfymipqzrvhlwz
rbcxgspgnvbjqqq
xqetnxdomuysxch
vtfisclldtrmywk
aeqtnuwymqksyfj
wvfxyiujupdvfcm
wicpsjmtildlmql
gqperoavfrdldpe
eavtkajxkumrmpw
lglslfwnyrelnzc
uadrcrilkbfjvcq
esuoqhtnbgutafq
rzttyqkydqrcpgi
xgvgdywxwdsxidh
rbmwpdlrrhvjvaz
japgdmavdakvzxt
qsjsfuylmopqnoh
gnqvutjnktnqyon
jpdhiehtwhxhgon
fzmtdrqmofleuax
fkkmvhkwwnkrtpe
grhtabswvitdfet
pwfclrhsddxnonj
xtnefackdhtlgnc
abulrrylryytzvf
kyiaxnrpjehaswo
rkhkcsmjpfptnct
ehzkyphfazixrax
yangrnqfeheubqd
btcqznhwupqoalq
odudrupmbklywgz
ltjsglpocatupae
drerjaqlapeildd
hsahrnnqutsihdd
pvzpopjmxkzjfvj
nqcdwezkakkddiq
npdsbfypfgrzfys
zhpqqcgeoqsbtmm
skishdaaurjopce
hzexftmtdlkdqxd
kysxcsdvbrzgpwu
cbpieiumubgyspt
iciaurcgsqyplqe
wptiepkbtccjjso
qjwyvqzuedsyqgu
kgmipzsqfxwgbna
mjhgqalswozgoed
apfohtwhoivqkoz
ylrnlcjsdknuyhy
jwiggfmxvgnqlap
uupzdqoqobfeape
urjiivhdbfrotvd
agdsjrwsuadjdju
ytdeueabxoflfji
kukewxmqmuremsl
mxxzpeycuiolume
fgfsyzdbrgugcsf
uklugiepbhkbkfg
pftyqbgzcojtzdp
uthwdvjuspzjltx
zxabxyfolxezilu
bhrnhqfyetierxc
ajncwgjqmbwnvhm
haadhxkbzudcslc
ymzlcrujsbvziza
zajrdrwxeizkieu
czhzkkjibxkxyzg
zedriktpdggtzxo
ouprwuvryqdnxzi
dmrxrsztgjedemz
hfiuwiqcnmthhuy
cchbxsquxfrykqc
ndkyxbipmkpbxzp
stykzpsvojbzzae
glcmkqssjqgfulf
uksjlttlbazfpgs
jfrgnmvwjmqtfyj
bmtqofjnxhnxzfp
ylvyxdxonqkfkbi
pgpcxdqhtfykkeh
gzgusiaktkqrczs
dktdmyhrzlllktr
gwhmnnvpjpelfej
xnllszocvyducyv
cbjhzumxdnqaccq
dgcoqxzfdreevsr
ovkixtwleisnzef
gibhoyhwklyjcxt
efzfulywcwunxqm
kqotsvbdcsyimiy
gviurqjhdojtxsr
bzioerxpsyywcue
kpxtifoiwmjshjv
vazvsvjvzlumojx
ttvkxtrzkvysnbg
nnndebjlvkpsjib
sfbrqocgrtzdlph
kbnutfnkwhgigbx
rrtewpytnmrmtwh
lbsddwapmdfdbwb
mzvtpehudshjoqg
sgvbnxyuafbsshh
tyajpjpqdfulzug
aitiqjdzpeuqgqk
vaiyipqlgbairct
bggddruvxyiwpkc
neojjnkeghbzoxq
jwmlftzsqmlgsmi
rrmbmhlzebrqqlb
tkghwhaelsqqjbn
wbclmbdmdojtqjk
ppdtmmuotbjcnbt
vtkmdavqfrfmlly
vktgvxubhupdifw
zpdayqduyfmcblg
zporvedczdybsxk
wpgzlkpcqchapwv
tramdxfxawymmzr
hsbqsyrmdexmkgb
eveaqmsiuvlnbch
akpbxczowkdgutq
cwkkprpdkbhvakd
hmjnhjilqzxpbnk
lgzwjzixdxsxwsz
yfvhfwrvppgjybl
beiadghcbkxijsj
glyvkxfusvlczao
jtcdzazkaomeuxh
moxbbehrelplphv
xcmvznmbgvpnjbk
wzdwjssoztwwwwm
lweepkagavbrttu
cykdkkxvanodqyn
aukftjfhqbrhkdy
ddqalellwukvtsy
peicmnlzstltsri