wndqjfwtjkqgyfx
bgtqqasbhuxbpoh
ajvcyweehbyzdet
wpqbzqcoohpkpxk
mndjplhfsnylhlf
ugognmzqbcnwxta
inaxkjgsrjopnzr
nnzdpkvmlynzdrl
tnklcxwnwkzndkr
arfmfznldlnfizv
pjwqbcbsjjjhory
unkzfngbwfcpkcn
huwyayhouozogja
liwqkerzsfxjmxb
msqvanqvdposxnr
qamtqyvfzdrvppm
tkagmqqtmmiaqwh
trolzhjkkbntjxv
xxfvqtekeiajxrg
bsdwfbmactpyyzr
nenpzoikwmwipny
jljgppyrptfdqog
mvauuedyiuamytl
xboltsxropgjumw
niugsdoiwcigipr
mglejkounznhszs
qwuaazfljtgfhul
figgozyzwmhyggc
olamhitwvgqpdpa
adlcliyygfmwwpv
tplyrwozrtcojii
xroivqnjjpqcskx
kmyqjzlksdapvka
wigkehpreduacpf
lfobsaawqhunpcj
ugopjtsfzwvbvmq
kyccamvckzccshi
uxqdykuwqannwet
mktmsdevfdpcyid
gddyuzjrwcaiueo
kdpzhykhovzzloi
ubjijffwdhsiuug
bbenncicxhgrujj
oakhfhvszncqxzw
gfvwodiiphwimlx
bfglhmefezbegtr
eyehvwdrthfkqyc
bztbgarznijqcog
qciqvvrdndirnfl
xrctozckrjxtpzu
ykdpwnaffaosakk
nlwdyrdxqkcmtiv
nmovjzjxnhuhrfs
fuktgasxmbqwlch
vlslyjwgksvdmed
viqalbvbkykgwne
gidpmwbsndgxpru
ehyubnmdacmbbls
liusduhwdemqxgy
qpmoyrntxqmhsbb
gsmvtrpvbqorykp
vqqqxuefugnccha
bpararhmqbwcsts
ktllbgjtrcuogwt
zboeuayikyzkfoq
rhusiluwpyqluuq
evkdkfpusyjifak
nfwgyjyneqriqjn
piksccitdmhqugz
lnupadcjkusplyl
wjuwzhltjualrxk
wrrswyxcgxqtlmv
moqymtscycdnezt
hdrdsfzrkhyhawj
rddoxivdpfpgiub
vdnqjjfyaspxkhq
jveuyytwcmfvnwu
nqeogaeajzfpobp
jkrfrskqwgtoslh
ggoaaxbeukgwsyt
endhktazcuzrajq
tvwfquqwgxnxfqy
rjsckicyuuuyakn
lbkgigupctoyfza
ltncaovvtkvyjja
hsglgewjrriwrrx
xftxdovpyhaqagb
ibqcrjpooresthk
rmwrybsibhyjfhk
jkgxiiauvwsawfe
efrljovrqzkpdtn
qacqpvhorgvgbzu
jayyjtdyenxilry
idhozmwboveewth
hzvmfrjuxcgdlbw
pvewwxlfxyoocpj
ygplglnjmpnrazt
eeyzedekjqqoxwr
hwxhsgbevxprnqf
qrdxtpmdantvnhn
xksrnivivkwvozd
zukdzitzrrmchec
cgdcshtxhnebnbn
ydxrriuqjuflstt
grvlesajlzuhisn
mebjqymrxhdgfzs
rrhgfdlmlpfvlrg
wwhaqltsmmqwvik
wckuidehhwkrcaa
zbmwkweafpiniyr
nspkdgaqunpsuie
vgkddxeelgwapua
azqpafypujojcie
dnkzjqpzndqvxmk
geiwwwfbzntniai
wzsppxduholoroa
tqfhqdxfljalwek
ncfgngxrueahacb
bzfwnwsgdyprmwq
banrvghprtzbtjs
rvbwuifdzzykknd
fiblqtgckpelgvc
pgikdliqqyohgoo
fjewqetnturtpda
ukhjnqypbqbyqfv
xtmwhcvepmqlcpi
lfjwjhessayyhog
vldmzyhncuwlkrm
dhuqjkgijbvrfkd
kidampvnxbsdqjs
ucnnjgelxkbsfyf
jsdutfajdytgmqr
debkiybzxokogbg
avulnsnqjifhqsp
wyuezncyrkctkwg
pureuldmtvpiiny
xnsrhpewlrkhdks
xczdmsostcvnafm
fwcyrjgnfdqqygi
wdjhrrwhasjjqve
fmcusrevtmhzbqx
zkkfcnlhdkrecjc
jwwvjxbfshyhptq
itsfnnylmvtlswl
etgyxfslybnkzwc
wgdwwffnomzdcyl
inkbgurzksmiebd
syuqwonppkhzamj
thvblbkitvyrnon
jawysnfvpdkzdpj
dygrtkpnwyrjdnl
efkfqdfcbycotjz
wnuyfuanlgxnwxr
prroeezjhfrfnrg
vpwsdyuywrbeaab
opwquvhlsmnsplh
rpzblitbhjzkgrd
hvocbenbnlzddkp
xoacybegpbtyivf
qhbflicygaltxzo
tcqgxclmcicujoq
vuldbgamsxambyr
gnlfuvvoxuwpbdu
evtakolczuxddnh
amrtgxpgpvqckzh
qhpmglyugnzmopt
btyiuzryxipnsyq
mifnfhwpbecocyc
mrgaairufluuirv
vzijtahuywbxhhv
prfjnpidkbvwtna
pyrxwvwcfpzwnvq
sjlhyucnjchmvbc
rtretupjrfpqqlf
vpovrydsjoaopqv
jlzkxeihcmxgads
fdvdplrjbehiavb
dinoqkqgdplvljw
aazjfhfgdprjccl
dsiviybstrpxsda
yxudewjckteuxwo
scbhjzkofjabwma
bkdeurbfzlrmjck
heoyobqhfhegfdb
comkbtujfjkwvbx
mmvuhrrkvvicwjn
rwfncbwgdhlcfhw
nbujfdifkraxplf
bxyywkuhefljoev
rpkiidqffsqatvc
csdrbjmmyhsmdyu
mfxwfijvrpnnmov
ggbbjhrxblahfli
bvekagivtrjfcjr
mueunogxbojdvpz
bizuupaqdvqnfmn
wclydbniuaiyhth
ykzccjcwtvmwihp
gdfhxqebjrqeqqz
pydjxfyndcefyrl
dctrupfpcnthwtu
bbmznolmsktevje
gleimoolocxuaig
hcnmntpozcjzhan
tyagvhqbbcifsbw
kmilhhqwudrdmxj
utlcgdlackcbkpn
ppomrtfyoveuacg
fwsompntnmryktr
jyabjrvadwszxps
tqsjknbcydxgthc
fpeiuuqneevgpgz
lqwfedstkqtcgfo
hssayydsewadhol
udxnufluhgzgvzr
qzpzddnfvmqnvua
pbvyxsszvxchdnc
eriqyxefduowfbw
uvgnphthdsuyktf
dfikafoabsddxrw
xuxcasdkntabyvm
kkzkeifjvlhpmou
jkuhedgyisnezgy
efuhhjquglophti
edimyxncopfvyyp
ibysyoodjjkxqpr
zehltmnffcqesen
pvsdzpotsncqzbv
ofeqbgftypecsvt
drmvgbdgksotelo
iuorhonjxcorbeb
zlxhywnfqyhozto
qhcfblducaovldt
ibuhsdxwndtsevi
oogumjqlxorlzdj
kbrzfixwsdyamkk
boplgwsnruasvvc
splugcxxbhdazlc
vwkvqyxoblcuxba
nxwbglbrylpcsaq
elstphzfvsnxube
sqvpmqbtnzujzlv
xorpsxfzgreonxu
vfaizaelyptoyfp
wgxmdivqqhdfutk
tjjbudsgwbltdmo
cgaqywoasdtsgtr
ovlxfgpppgjabvk
wommhypgbafknii
iyeldyfaxrlcrly
hpcygeumdpvknwu
epgqaiwckuikihp
sfcnyjheafhrdsf
veykwbcccrmouxv
hxsfedqhhhnqrpm
atzmhbsmydtbidl
stccytdgoetregb
xmweaiisncwzloj
zcfwfakhofwkezx
opaudgfdkaayvig
eckfkykbfebtuwv
usjvzhlcvlmwtoi
vfaunsgqiymfczb
pqdegzcjapzplkp
wzecbhzkmnxgmkj
qzfdigojtekindc
qdxxctmlodvnwud
aajukfxgiooopat
wkxympwmludxkeo
dnvdufcgpkvnyyl
icapxumfncxrsha
rrhftqpuyzujwpb
neehzdsccinsxac
zynvztzqtltnvvk
edeslyitklibnnp
vaonuijbcpjuqqd
gbzjvuuyqsrqhhm
vykdmopreamxlzw
mflydozsjcwdwlg
yyupahxfjbunzgi
ywlubsjbyrrklub
clzrhtmkcznclvg
taozpqtszqvpuyq
qcemwuzllfgfidv
uvrregqgylyojfc
aihpczgmvojtlnw
jjqlkopezejuqfl
kaadodrwrelmbqv
zhmfaixgdysxtnu
wycupihscscboej
nwvejbvsxmkvoua
bngryktoqkvplsf
khngaipfmxatugm
htrwzmfwtgrcjwl
qrdbosldagtzusx
eloditrzjkvaygk
agbjjrszazwwqkq
ahuvdglrdsmmkjl
qajrexuzsiecxef
xyhmvccckvabnzg
aobqntuxriimjzu
ylbyakknoaijxpq
abnmpdrxhlshhux
fjgvqaevbxjpljc
btdhhqkdwifmrwb
vpqowtxmocqbdey
fixiennexjwciwy
lxljguoamizpysp
xgioowtggvutszc
gmdhiliusgaavtk
trafeurmnchlrgn
jcilzydgxmxiadn
znubahqvmncuwen
vovomuqgymgszbg
hvdpgikdszuwrem
iyhgmvehfqmromi
xbbvytviowlaptn
rglocvtngqixwbb
cyufvgeozsmjoks
vjfbbiopgkryeqe
ngrlfxkzdavkrqh
nfehwibutuymlfx
xvpyxvqrgjmaxhs
cppqvacnslcxwze
acdplupnqxgptla
juhcmyucebmrvel
evyvuwtgnmdyrka
exfxfjjpdpjvqdx
opfrtnwtbvhtjnd
xusjffswwfvkovn
tetyoyafdejmvom
kqgckcbfaxfgsji
jmmfflzsvxpaiyy
cgikqgeqtjnntsl
hhkvmredwcyfhtx
vkhsbgaifpxxvqk
qhvvvzgbrpcprcf
wgprwyxcdtaanei
citztxvsyolnwqo
bksrlbkvtngiffm
fcaqkmjetcvcylr
pszijqgddxnnxzu
grphxnaghudtvuw
zcozvvbnpsiocxy
lhamuwotnnmbfmn
rljqxfpahayzufy
oqfesvyycjypjth
algntrduppaadlf
nskuehspgksjrwr
ibxzjuvrobmlxxd
lymmlertqkievmn
pxmvdqmjrzihimc
ggxhekgczqovkyr
xifllbwyuksibyv
jhcftnakulahizy
lfmxankubrcwsae
wivbmulwhiqnowa
fnlzvjbhcgxobty
mmksrmawpmsxhwa
nhvjgzxmomnfvpp
egbfyzgeoruqjoi
fjlttlvyquyjtqx
lwlixpqtiuaiwle
oqbkjrmzlylmkzu
hundhtxzpgrhzll
rilruqiypxpyhtk
ddhtnouziospush
ogwcubqwthgeluu
gkcrchtbspocrtq
avojbwilgizkesf
knxqitigsdnduil
eggpfowrkicwlar
myylpdcwycjfwpp
ibncwuvciibiomg
wdnyxvyslmpkizu
dmqlckxvvondcdr
cudwpiowpydrjma
kmrlhfbxgfndcrs
oqousgcneilthpd
oytztzkuuoiwdyx
qqcoohowksxdjyj
fvtdgslmewtgetx
ryugjpfapfbtqzt
xeyrallrlzcjatk
egadvktglsxlcds
qyjfrwmcoommcex
vuxhzdjeiddrimm
zywknxwqxjiyilv
cdqudwuduohpcxk
pxnlnelozbdnzjy
lsthofeuxmlgknn
sqvibmzhedvarmt
gxoioegamjkdbao
xgodovpiaxebgyu
opkeewqepmebsti
jlelecdswjbasie
cdgkbfbantrmpmz
tumebdcbsbpljwf
vdcrnnluluwnusi
fihjgsuxpyulqhh
jcigvojxyzmpalu
fpullgrtorjmprp
jvzgarxuqitaorg
yvhoznxmeeivesy
pcbdseiakfyzbor
jjhrgciltpcuytj
mccznsekbefboza
apzllmnhlapbjus
ubpjvzxibcpphog
qdngfzaqedpckam
rmwrbnxgfovzzdx
rvsyxswcwudexkv
bkuqkcuhnerihho
tljcuboqhonamkp
mncdrvzfsojznfj
mjalxcmtxdkamyy
iznyvsnbhwvywqv
bzsurxarobjiflk
zedgwkqxsblaxsf
apuwwitthtgnvrb
zhbngdxigckefnb
ntpspfkyxzxgmuw
pyvkcjhkqeqdbat
ibbufbvqrytcdfq
xoebujdowulgzkk
mwairbjpocbypcs
qqvmxomypgdgxhv
vqkplyzsxcyqofx
rvcpgxrqczmwyjq
rhmaraxdygkunps
cqsiecqqxziclti
agktvmtycefzxqu
ybntdpnutygzjne
sflttqqunjrqlgk
pfpqsgadmwalvif
znjtaxouzdzontf
dmbthqsinzydvuy
zdckhawjggyuqay
jttjblxaqhzeizd
aaspdnmjslznmir
kkwzohpczxpjzhn
avxtbcqrvifeofx
owqhtsocrrqexdc
iuoyatvpjmibogu
jhbxdvamskvgada
smtkfzrseikmjie
kjwcdcckcpxsqrd
fduqmqgqxlknpxc
nzuzshdbcgvzaql
rghhssyfixjytxz
wcftdmciiqdumnp
kjvmfnppdmovbnx
whdcokycunfooem
lrbqltfyappygjs
nrltbeetsrrhaqr
deqlfxfoakwihny
vlgeyhvqhvpfwpe
osxbcxncwilkqsy
knmzfeeuadldvzy
ftfzthhnfuxioog
hdvatsraectpjwq
sjltrlkpgifbngb
phcinroqzzmihup
hnkelnqzazvwehd
zwueduftlysrlwd
otcnojehlgwgkbb
ljhcthcunfwxszz
zwqtnezsdbljtko
lcwqarsmucaaqdx
cxdebkedztvudrq
rinirvtvvlvorks
ezqabgdctfpsgep
lbxsykgvpsixavb
uwixtmxpcqdhbpo
flewiueghebjkcg
wfbsdavwbiomqgk
ltxriaizuacwlou
rafdsxbyhgmejzr
leuufnlndnwmygm
bfoyslljpwlxzlf
wuqznibdoqhghtz
pfqvofxkaqehszk
nfmmsymghrprpne
myqlmvkqlktkypl
mdanrigjtpucnhz
lxhyugvsufsqoza
bdktvmvqdbtrrnt
qfhdwcdcctniqoh
ydqtudplltkgbxd
gbuqpdvhdltceyz
hfulhdhvtiuprou
qguvnwovhssmdmg
wrddthsbuxqgrsj
hswhyesyzfnvpkn
srqlvbzpyjhkakv
zyvzzntsiiczpud
ixrfrdpusckvmxw
tkcbkccuugvaswq
mwtmddpageyhsgh
asgerilgccugsvb
cusqzpmuhkcpggu
qdmvjkhhsciohth
zblthagubkwsmmx
nhtqkdpojjagcia
krqevpfmunagpbb
nxuzixsyrmejish
sgcduoocqmgwmmt
gcbuhfrpdgkurro
rhamkvdckdoxrri
hrlhdxjykowdiwa
ltknmmnnilhsdsy
ekaahtjtqlbersg
lkfhoisqiykkonz
zzczidjtethgcgi
kwccrfnopmuakeh
nbrixbrcuwqmakw
pgmxhvoehclazqg
ojvmrlvfhczedxr
ypxkqjcoilzjupf
zmomxvdtzipdoqb
opvuidietivribt
ykhjiekoygvsuga
dfqevravqkobwym
crdtpglfuxsxksl
mjutaxrewlsebaf
liaeurhcugjwqag
irkeyvhccpdglwk
qmydrxosclbrgyj
xsarijthgcwakcr
cumhhrwckjchbjn
gdjmmraqzbiknzc
zslbeahjopawpng
tjjttjotpyaznxk
ijodursungdutyf
wbmtekynretmgly
zoinxeygmovwciu
nkreewjkqhyubcf
mjaqiihtvceksbp
vflrcxqzacigffx
oofizejltwuzhqq
lylucyizvvmqnor
awudcvrfnlilhqs
xeteejxfeqeyymu
biqnpvjgtozmwln
dqggzziksteojkk
dtthgujsdinqclq
bobbxszuteydafa
uvhhxfazxdcaivn
uzeexxohcsduefi
sprtzymglfytwwo
udqwymtvnbcrgid
blgaltqaequgppm
kslfplyrnuuqhzr
bfkiwxybhxzxegg
jgocnzcutzyzraj
anpcndptzueiizv
ccslmzlcmjtmuvn
qbqsfjbpagurkvm
xzseqoqozjnytmu
nazeayphhplwhcc
ryqwysxjvhgengx
pjjcjxwpokxtmjj
tghnxhjjoquyvvm
ncsikoxtcacjjgt
jwodtbbbdilkdru
axftjfmorqbgwse
vuoldzouapyisbb
ofqvafliyiqlzky
baolysepvkghwea
szunzbgvifxumgo
ldvmsiyxipqutys
dvhifrvnbizdxcp
llfdcmfrborrmea
yrfrbaxypttggtq
lsohydylhysznjy
dwkdmotivtpnunc
quzchocsuaaapjj
lffedduezcitltk
jlcdkqqbxlcaarw
zrfznaekxqdbqcz
ldfpvvvtdkajqbl
wexpnqqrxrypmhx
bsqukwhvldwxhzu
vvhbdfpslexhequ
baaafnqutqzmuwv
lwatueorvjdoowk
afwuuehbtvgeeex
uuqlpuolipvbgpr
jlfugjjsnnjidiy
rwiyyivusrawedy
bdbphpsblgotqco
rourcbpfhtqkmhl
nwyxcldwmpccdvu
bahzocoezoijurq
uhyawgrkifhfaxi
czqpkxtffbahipd
tmydpckhhpalhod
wtfwykyeaehjfgo
przyygeukdyhhla
jkokwzvjjjhyboa
lygfxbkdududvbc
goaxtwffeaeftkz
nuqpxrlyekoidpa
kwfsjrwnehfsgdo
klvixlbyrbtxwsr
hfzmagmqybmhjeu
remmdniyrraqcpf
xkqwezbztnuloam
tlfxzdktsfnrisk
ytdsztvudtpjeyk
ktjsbbvqtwzwzqp
ykajtgotxxvewfa
iuuffhrptrbzebu
bqkrgtmatiocjxb
zcdqtdxhdmqrwra
mtsycwlfnqcftxl
jrhnaxpwygceayw
gxdtbpbwquezact
fdryyshzkqyecju
kabcsfgjbvdtjjr
yfzoefnfabjatrl
sejvrsynuekhbmc
kuygqletwkomrtk
whduwwscnycbkfx
xbvvvpvtkqintnm
sbaabxxvwahpwai
niwkpadhzygkvgx
szhtvvfpcdkvyww
nmziapcynxzikyh
qckwpjykiraovyz
zvsqubntolcewwd
lcqxjozgtvnjqce
salaghmuibowgos
fribwmzadffffkh
gehuecaevrtaqdd
ddsylnlpeittjfm
eeoacttxnuasttk
wjekntgyqddaotk
kqknjmhxoycgmrn
ffdqiebqgpjrkqi
pohvtkhgwakawff
jaxjqeilpmcspio
lusmryryypckyvi
jjdxncwuqnuosme
qoyndbdtxrysdue
qnsfczguesyurjf
xfddlflldzaggdm
otcxdpuncluiijh
qqfbphlnomjlrjy
mrvodjleedyjvho
etjfmwnkmgdhqoj
lzttojsayqtiydo
tmslocoqysjhfab
vpksaevvsvwbrkp
ymwyodgcqupgphw
vzvmrdlmeuswddz
fhiilgcvprrldae
blqqtxuzfypalvj
cuopgediyhfqkdh
anhgcrdnelsects
tnsgqoamvgiurik
lpcmuvpzmkwebss
pekrrpccnwjannq
bltbhkznzlqqajt
yuxkrpdcyffgopn
qliatldeuptfaud
jpbiwesypktauvx
sbofqtrhtbkahyj
atsqrsholgnusiq
uhbtfemwsfzuvxe
rdkzqrffpjmnwkt
jsdkyxqdnpfmkgy
jnqqzfigbiyhziv
btfhmvopmgicbbd
hpsmbumkdbheqpf
bxpmfwhglbdwybl
ragqqwpkdweivmk
nzqyqepyiatnngo
kstsetqttczbvus
xybixydtjzmeovw
ogpvazolbkolfhx
ecaxmmeqmwwfqra
oprrwhmuyenvrfa
dhuiipuwzfhvtoe
jhzlssvisxkiwlv
ivvonhsouuaoswa
kuaodzokawaoqve
kxyqnehzbxwpzbs
fcnmaqfgysjjien
xagyhamdynnsuhn
uajmfcqzapohdlv
vnromaaarmtagiu
yyvibtatkonvqbj
xbwhyvbuybqdhgx
cyleppdlcuzgfih
enxirotcmrfhfqk
scrgkqooybpfcqp
ontrkllchofwkhf
qtfcplpnvacvvny
tuwamstvrffnpgp
mflwlrzismaqbxq
mcgjbjieadjrdza
cctutozbtqdsxqk
pfmdegbfumxvaui
mzzfwjeaulogzcm
jpnzrtdjkqvodlr
qbetzlxesouylyl
bdlfolwpjbacvtc
hifihnndvlnuigg
nsrydfvuqqbmdnp
fdokarfqcfiubre
bypzepqebskqtob
sflldtakgcddrob
dlqrvhavzucyuoh
kcnfesdlqmpscaa
qjdouqbguwyqtqi
rpyocdjqtroorde
cuwefxwjvqpdufe
dpdqrlojzkebjwi
pkqhwchkneynavy
fyifoyrxmdxwrgy
fhsezlcdjtdsxap
qgteiefvjilrltr
nhrxjgdpmhbvsrb
tzpwgwgeqjjnuut
upyvwigquuusxjy
otbmmnovdqmmxte
rmvlwagrpbcjbsy
inlarohtvikhzxp
hyfdzyqhavvjzae
dkkajpgqokqjnwl
kxjmifywrkicnjh
pbxfrnqoijdhawt
ovltypalicfckjq
qfuepxuahihoqgu
kuitlgnnoafsyse
rmswxkcyuxwuhtw
ueqoxvgzophqboe
epcedtcyydgtqwk
geqvwjvmrknpagf
nnurligearkobla
yrpnxnqimabcbxa
inxficiqerakyeb
cksteowhbtirync
kapkhsjctgvriay
ccilgevisnzqqqt
cxtzclrmvdgizdi
mwfoqqqjfzrszbx
yufsddowdclzjsg
vequqoykugaotke
uvdhjsnbslhaetm
oxmsxovtqzwpkdk
oxckahhlfbyklaj
fpbsvwmyqdhrrpk
pmtzcloxyxwgakz
kiwmlomlogsyniv
moxdvsqyaekxodz
torpirbutwdwuyy
zkgpsvpswdafzzs
fhfvxksugswvpkh
drerzgyubrqgfyk
shmpxdvbvtpohxc
hbmbbjmggrozsgf
kdoyqnpnohuiscp
saeynvyypuebycw
pizilswbjejrjuq
mnsrexppwlwzfmr
mrnwheccrcjbbhk
dpzofgjbrnrpbtq
umreaklzrrjxlxw
dzryseerwxraxyx
erwkgrxyvcxekwp
bdymudlobriekzc
lblwzwejzvfvbii
mawlcudufvyfbrt
wtffnpakxrtubjb
jlgbvpnmvoarybf
fopfjpyarephhhi
gblwbpmfhvthprn
evdxslftshegrgi
ezbhlfwfmupqurs
xonoodvjctoapok
pwzwebklkatyhgr
fqwrhtpvborcxhk
izpnhcyoihxtzth
sickltbszjjbzes
tuhjbfuklscofku
eckaztnnsoedval
wiarsccxpgcgmun
worrztmextseebe
ljthncnuwqjslik
arypgvihetjzifd
erlrpkwsluvioke
zxxtgygouksctwu
wpdwsavnasjnalp
sehnzhqrdwyjbav
twjsellxmttoyth
tyaenuqpwyxcjok
kycdhfidzhffpbd
orsnoaryydtgcgt
cclgpkvnuznvwnl
xgsntzulzllttig
egaordbqkkaseqi
bgieoeaytqlgvmf
hclrwcllrqfprls
ezdlgdgumurtmzm
vspfivrdpsubzlc
izsgcsxpksxkjek
ddpkmzcmltuqjrq
kpqevomwgxhjrbn
fqxqwkytizhkrlh
cdaumznusyyhcwo
yvwkguncwbikmim
htsuqlbjwprgmwv
erjufobsjpiynwy
olrdfyygwashuny
jiukvwplsehfwtf
cytglomdtyjqwoz
rnwtygalnrwcywp
txillfsmgdkoddh
ebfwolmyyduizol
wsftltyeabvelje
uhkeaqsrwrqyiue
rvbgwwwqcujorcl
ddtkfwmbzocniqk
warefrquggegyvo
gugqvmnxkinmqbf
mehpclvdabempzn
ttluvamkzmsaqrr
hgfdzipnuvffqmb
uquykpexszuouky
tfogjuhavuaqktt
tsktaplvudfhrro
fgngcswnpuwqylc
mfcgltdjgijnnfr
xvpwqbjeqvbchri
enpqcxrpsxetrnb
qpwepdudxdetjmw
jntcncgofdumpyu
aufjidqpmfjpkhc
bvfyldjfpavlgxv
lkzxfcfgifebgpp
rdnjaqyzxtkdjbi
qpdqculgdwgextq
wxnqgzsuqcgsaso
oxqqhinhzqixmqq
xlfbdunedoziohu
qalnzsmscqwhszp
axqlxlnqoehrmic
vucrmkyfuiokenb
xwzdyiuquxlabak
fxplmsudkbdwaog
uewiaxraffnuayq
lfirupmxhmszaak
dkhciddxxhvghsv
xsphlrycljhimom
yaajwtbkqydafbr
wutfjdfumtvhtxn
twtxahbvdejnuze
zgiyumnscqwqagh
djgdrnwsigxcxyy
kjntzvjwkppwfbf
rudxjggcheklfss
cbwbywgmivzggvz
mheanafmeixcciu
myzqpyrbrjcnkic
esqkhdvszxlmvvs
fqixiswzuyqnhkx
qjdgtfrptqbjoqa
vmfuzjninkkopcb
oynkfikyjdzlurt
ivystcqoyfuglgq
gxkxjgeoywqvhdf
ldvpjreibbbyrvn
wcknrdktyzeeiqp
bxsrmttjdmxswbg
pchhpbmesddzaqr
yjvyeufzsmwbfdx
oqtnqhwaefscxkf
gtdappxrlltelfp
swvdekplocrtoip
fhtujfnsgzlcqgd
dfysuhlshqvycak
sivowifhmmrflbv
jgkmhbxkdoholin
omatnqgvsobtctz
hyzbtqedsfupyti
qkshgffpwyurrki
xdsqmmgqhwntshj
thdlbjfwcuacjfn
vniavwkdvmjybdz
fyqmigmhcghddof
uytwxggjdclfslq
wqksllurifqouhi
bnfwmhjerbqlmdx
mdlzdiqhyuqlonj
fdaacnemfqrzgzh
xqfhcuqazxjjiyy
pionmwdoohdystw
dkdviyntnjwovdi
fnzsspginhpngdk
mtrqlegibungpcv
iotgtofjpvyrymg
twmsshhodxloehh
cqwaxqsumgbrwho
vaxdlfcookykwgd
yowjyalurmmbsom
jlzvugjdmzwrlaz
immszdybesktwxt
nssgyfwlcpddrnp
vrlpsgxpjvspsem
nbfrdlzujcivlsu
hrqdjdqxyahhznu
srnpcthcxlqzkzl
yzgmlajvcbbavqs
uicebqevtolglsp
ztalorsdespwhsu
nychfzyodyotbax
oqycvegvajrpzot
gxociourjhhmses
pxyviprtmvouwpo
ejnlktkvyhljtpy
hzqwqccgzxmolyg
oeiowqyqopwfwot
gprwtlyvecaysur
wltgldgfdpmhqcd
kmfdeqrqjslxbau
zthphqsjjgzwhxv
signedqgvhinhcu
ybdorxydwcewlxp
nkfecqxgqozwgwr
okrsesexfxuvhjt
izursmrpxoihqfu
ffzjpkilsgnixqg
edegersohbcfflm
bfocfrgaohkkxpo
ddkglorinlenjbj
tqacaywuwfmqgmr
rhvvtpdbtpvlegx
ndttkugdanzbyhw
kpekuqnkwglxqqf
scqwydzzfrhbqnf
tinxitizntzikxd
wccmeeyoremlydf
wzjygfwztycgfpq
drxidchiynnettg
vddnpaukukjmkrh
mungvtcwoymhppz
yaeruaxcymjsngu
oytysafkpqygyke
bsleqxluqsdheuc
qrfcozawedzqhoj
ihwptgowccopeoo
oxtmwfozmbjzodh
lmbfwgnjxeaewyg
jvksbjlhkapbpkh
hpzoxxsacdpcotn
rtxybxqxtlfjfxg
kivcepylnbrttcr
wblfnegnetisxbp
kwtwiycrvhfdpcg
neozewwmxleuvam
lxikcvdbfugpvue
ffdlqeiluyccjqb
zsafjygldvpckrw
qlgzhbmkgavjfwi
uwdguyfxcttuyxu
wvigudxeldhjplj
dvmxqejjuomwhrs
kimjpqdqympthlk
kybdzblosorvhva
hkwpzlszquvfxww
enexoahlohocqfn
smwazvfceigevnt
ftxwqoigrrzpepl
kkcfqhapzusvdnl
stfneypyihalkxq
opfunpgcugwvkyu
zivarpcaholqpbz
rqmasdrqfyxvqnn
nuywkqsgprrsleg
rifkxmxiaawdoxs
oxzgtzedphanuoo
iywbygyrzwumbhj
xcbazdgdkvrhdox
cmbovsyljcrvnnb
fwtqglbmgifnjko
qoodhlwifcndxhx
buweovqutujsbdt
xoqjkpvocoqwssh
soqzmefdsswcjex
yztbttmbbbmhonn
busquqsxhdvcpif
uqqyjipbirgvnya
unfweecicbjbnhs
qxrrwmibogrjdmm
upovrzhvryztopb
gjcictspjhcpmga
thztlvdmkpmeqix
dazbvtrnqfcwdvr
grrdglgajrurwso
yucjslmedltymcq
urtnhzejqwvnzrk
fweeenpqggiiwla
jqtwjdkegjhudxb
ikcvkfdmjgnsjkd
fvhdcttdfqmdmuz
yyczwisizdejlxw
ohwrukrhrsmmlkv
wyjozrynibsukow
ifbmuqrnfudejlc
hwdklpzmwgzmwci
udczudpelcpdixy
yglqqdvzqfjpvew
vxlfqzneggipvkr
bpumfhcsvpeziwo
zcwtkcufzzkahxs
fkkejcympqwpnxa
cdotesrnauwdncl
jntafxclxzarohh
xemyymjfveygizf
ndvdscwsebqemut
uyytlhkbyyzgdpo
npqkyzmjcfrolhe
pdffgyjkhfysrqj
stvoweucxfpoqin
ayoyuaxgwbjdtiw
aggmoqxbpfoqoei
koqmqetmerhbnyp
zcccffenrkqwuhr
gsoumjjbfmrjbwd
vboodywyyjwiemd
kjprlchjiqrxxjh
hasguamzxpknokf
ofsvwdtkuuuynwj
zupuazobxdumone
abbysselmdubvgi
gvpdwfefevrnikn
iladxxtxuajmnsy
tggajrhlsjiuaxr
vjfoxzsikbqnrei
qbxrkcitaluugnm
ennyvighuzdcght
martngzushvmcie
xuammckbnpnruuz
kwvvdezakkujuqj
vopcrqsrrxjqeid
pwjwatnupmnfsxc
sovyyjnvfjjesyt
psjqcellxjdzuzr
zsijflmzuvfucqc
dibeatepmookxeh
gxytwylqjrigxbc
jojnvuzpumslorl
ujjuefyumycgdgh
vdkbsmszszzrype
oqfvgtgeuczkvah
yfddqyozshuvbte
hdtmcopuyxgkawu
qwnocngmmgdacnx
tvnrhfxhppompot
yjjscfldmvevple
acqnprrtjvokrzk
rkzeyngozjqlpss
meytgmdsofjfekx
qrleuodpsnvchko
voxbjyxjvynrtsm
rmurquhgnejkayj
ngizaeldogyqenh
vnolbuxmryllcxh
msoscubxkxavjxj
joiuuejgtnlczta
qjuxtzucqsnurqo
qhidhqlgbocmlln
jxlxgpyluqcywao
hgavbvbaxsnlkre
xccaxskpjtlktmf
buownyaizyemgei
djsifrnqfunxoht
qxwotnphqpzxzpn
mljbqxydmawsntd
crupedviqoqopsv
thklrtsvfbsumjf
zsfdvzxnbaybmua
dkbcmsehxplfssb
poxihktbnukwnmx
luvfehbjkkgxxeg
fdgtirjlsjdmdzw
caqpbltvjqyqdmq
gncehzuptnfcnee
rmrjhjhsaeehpke
ycpcxkyicxiwjmk
elloqbjeeqbzwhg
gjlwlkweqclmcut
vxlgovnafwgyoxi
eoezzalymmazqnd
owepqfigjipjndj
mjtoaygqlkatjrj
rhqghwgbbmtxqnn
itowcrluejnsjrt
jkfximzkoloadpr
ubkdvdpqoesixdb
xznebsctpyniohq
bpdfmiszgwggphy
uaxwhuoeeegmpaf
lsqxchisuayclge
kmivviomozexmok
znqgzlkejgrirfw
qswwjlxqolgkjfp
rskcbzdryfotbbb
jyyupmhpeaernja
khpdhiwyzlfrhir
grullebupvrvbqt
bcfnlkegaymaugg
nwjtyqiofvqgttl
msftbcrtulojnin
goexfaxzrztnqzc
elvawajabezjzxw
yncydsokvcwudpd
pxpjncqnmxzikdy
jgsytpkcmqbxjwq
uvdwxtofezhaenz
eqckaosvnpkikro
bwssogtlctnvtdm
dzuckfsdgvimkat
rxiticcrawdpvmy
cluiarrxxaoessp
zoffgdqlnffdtba
eryguokxyyrimfv
xnusozrposgumug
innuggbgiwmqhzo
wabyfyyqtiaaczx
aejkyefjvpgybyf
mssegsitznbivtf
ftllezdpsnaxrfc
yjfubaysvayxfys
dzfifufiejtzviu
cmesoegdnjyhznv
efscpbglvjifcbp
bdtcsiplozccpqu
uyxlctpzwykztzm
wdimepwjnvunlxc
zymiiubynloiwuj
qesoghqjbnmfvqi
wfzmvvphcrytzzm
alyktjorvzejagu
fftsjytrwebqqyu
zhrlqvcrufjbhma
evgbrkurhttsvbc
cfrhjowwdztbets
gtdrklzwevxwmqf
kuqepfkttorqyfl
ptbvlhbyhysgrib
czwkofjmcwkbqsz
bztadjhanxzlfev
clolsieglzmupnb
zxipcehiynarbpp
wreerdailonyftf
peqjnpwljckbawx
gazczedtaxmrzzc
dyjjrgwjsgiafdw
zzfrqyhxpmmalxi
nqtzyoncxwkdktb
rmlhkpymhgmfltg
xbgtrhbkhkaqjno
pavbksjbrfxszhg
nzhktfgmvvtyilg
obcvyldgcnlckah
naoyoyyfkbcriyj
ydhqvfcewqblcmf
upvdbmxoqsqvkvg
jrhskmpwnwxilgl
dghpoahqeoearpd
uhjfcmgouvaodpn
hkonmdrhqqytkfa
qfwztjyvpdirput
fchlrtgfjflseuq
wtflveqwykrqvpx
zpspzldczyonyoi
iyrytcdvndmxuzd
avjgifvqquglysg
sdrankwkvznoyyj
lrzxtvlygmmmknn
yndjvtmlkfrtwpo
lrvdmvpyfyuzyyy
mnesvidzbuecahm
dfgkmxbdnfmujww
xfvqtprarigigwm
pvtvqsggaifgslw
upbtdjfrltzqbyh
piaorbnlnjqfukq
jwlnjanlqjiurmw
mdnfpqiquqtdous
kkwzmkcfjihqsdd
vwbdwxtvfetmfkk
dnjcyhcwidqomqt
tsqmpvndrgdejcx
qllpbamddbsywlo
urftlwdhspmdoan
oxmnexpvuzqjqcr
wejwryzzekiqdst
scskjayvzkxlfnu
hlyzinzswyudpjq
uarufoqchbqnmih
xxvfmarawucrsii
xmtwtrnrhrlaton
xqhdmsdepexhqqq
emstoffncefgnid
zsrqazbhocmpvpj
rqzssamdutewvgg
seevkgaiolmodmj
edncpidbornmlkd
hjphlnqlnbzepmq
kojebxdnhdcsgmv
vczxybzeyhkjeeg
grwzxrogifzrztp
yrfphuztckntbla
brjynkaegzubjoi
ifexdvtmiqsrjil
sydwftfahsxcqys
jhbaewwdsygrkbd
smygbzrzzmhdyvo
lqgpopomanbdizr
dkzxwpjouxkbfws
kljikwwetpsnlmr
wfqjczxamqeperi
gbnwgdoacufiedi
dzbkhcwcyfmyuzc
xjzgadbetparxpl
eyyvjnfeykxxrwk
oyraosueuaduhmd
anunqdrqawnuolk
nyghbdxuoesanan
zvvxjfmbrojycqx
kkipcgyjfevoxnm
rdtjkybccqcdzfk
gnzsvinkjcptiwk
mkjpqbnsowtfohf
gpsbozrinuqujlx
xcwtzwzxjedxizu
lgkugpuzfvhtfry
grncquqwaazywip
ycjkejozxuhlwxn
bunzfygqgpnqnlp
pjhthkdbhjjgmbc
hhsjwbjqxjxnnef
xdcnqluqkrwvisf
geahyscrvzppxlv
bgwdsplzibqbmgg
hwfcmrjytyvsatj
ohqwmoqgttvlywc
keuozioxmijvxed
wqwpirdmgapixmk
njcusblmulzorie
eponkpcktbpcmug
xabsrimbknycscq
gysehrvhoryqobp
cdrkfqpujzyibhc
accebuakuyizafx
xxponoewdnmeijo
dqvekjgpdkmmsoq
ubnsswnzjcezbjp
jrzyllaglicgiab
thcslryixxipjvn
dodnofuowwlzsga
qynmtwthqbhitpe
jdaxvbiwvxgcmld
yjgolktknkalvwz
tqtaxekihyiqzyy
xaiqximvdbnlzsu
vuyxypjwwvzcrth
garsfckrqeerheh
kzbicsgskxsyied
evmigjzdrdbjrkh
lzxelxbqxefeobo
pyjqfuxguofhsjg
yxvzodvqopgdqji
ucapgkwiebhzqvr
odhlatzbsrojcxi
kerfrqvkfztfomt
doawuvghqtsnwcr
ivafavvknghmxrn
jxaixrnzmxiiprz
ihjsqwtcavmnnpe
brggoenaoexkpjw
aehmmuierxyndwr
ewqqcxrjwpjnuhu
jvhzkstaekciurq
duyoqhopvrijyki
wmsqxojaorodrzw
husmfjosmqtiyen
fenbvxfmfnniuzc
vaoeykgkjzsiiso
bpoghcivveceyke
dciprynjbwenmdw
idlbizynedzlhgr
ccudmkfqvlpngid
xqrxmzrzraukkdk
wttshqrpsvwlvwa
xlnkbrfyzlotbid
dgcyyhsmjhcmvmw
txamnhjqbrzefsv
jguzsjfclqrfftd
xqeluidllrnjnbi
lwtejmnqdyforjb
aoxdtiminrocbcr
gbphyzjlquxaeku
ggcnddozlcroqly
grpzuadvmbyiafi
rvrftniblqxbjcj
fndeyzqnqbohmbl
uohzowcabobxbfs
rmaritygrogtqmu
hbuknrqbuccszmy
kfflkjavfwyfata
khepapnngohyzhq
lniiowqsdzejasb
nypkjtpbwgxafue
xbmytccjfvoitnq
kgmyxterxaahaki
zfwqbkusrrpvkkb
xqiccnlcuyxsxxf
jujmohhexuveywi
mzszeumvciialjd
bntkkwsghyxtjpz
vdzxerxpmoxiigt
pnotseokxkuaitp
btyvhsntddomjww
ttvohudfnjxxnum
jmbhetsdamybfbo
svxayjrbpqjhlvw
vstrthxkxqhmcee
bygdlizybrjqumt
wjoiearbzpgxrmt
adcewpmaphtegvr
wxgsyjolthxjxhu
qdthbzfwwibgpme
udziyonhvyweszp
pjulusdrfnchzgb
tdcwwxvmcwjclwj
ghcdbknqxduhxwc
rltxmbtpegcbxxp
fndyhoubkpoxulf
sfvrlswjxjcqqzg
aafhsxmbpkjrgjq
ctgkyiqoxvwvscf
ptxurshhkbonqfm
ciygwbigdderohx
uddinbsauwlhkpn
kbkmwwogkxayidj
xhotugzpvdkfkbz
pzrmymkjljkwzdm
vjtuawvaqudmjsp
miwjwpkwerunnbv
acgukxtyxgfxupo
bjqezaomwhubgbc
llqfstbsmhblvye
qiwytromhktgxqg
hwuqwnrchggwuhk
jsxyfzckdlsdccd
bouciddostzhnti
xjsgfuerqvcbkwp
ognvwinelixouyb
qrrqssatvxxbphi
jsefwkomzkxymqy
zngpdejdvtkftgt
dpshmydededdiyy
dphqdasbhitlvwn
dmcugwudlodovko
dchlpvikuxgtfnq
afxxdvzyimuprqz
cggpegtwowzmhhy
oxvoasfzjlumtfw
lanldtaeaxwasjf
unmgjbjovazzrdc
bewdmjdipslpzqb
vcwzpbnhmvypndd
bexmxfthcpqnznq
beduarhcictoock
swjwwrzkvdytsbs
tlxxwemkjmvrtel
omvshgfbtrjfkes
ltmfuwqgzhgtjcl
imncwlbdpzyztnc
gjtzelxlbjkrxyo
sdwttwppmqzwnxm
lhllisadifiigqk
nkpnmjywsyjuwiv
ugvuwctfdynuxxx
kldaozhhnffukct
npxxdigmrnbxxwy
nplvbavcrsgeapx
bcqybkmyjwomagl
doydxqkbdryknuk
beqnvuffwitooot
qbdxrnutnyoccnl
naqlhdoxclidnas
igfupxkhqnazthy
sbcahywkfviokln
fllwpwbdeuxvxjg
ndqmshgqagcbsnj
zevdesmckvsllxx
wvzdvinrveisicl
opobcmjnurlxksq
zjicugkfbawyiza
hmcasuhjuqvgmqa
vstfcseuvczghjt
erftozpcpouptbh
seqkpgfplpztdgl
omjlhvefyxkoaow
toepdqoolaogctv
cbdwwffwdodebqa
oiwykbslswcpoch
brcffikgenbrylj
hddjmpzenxknbac
anyubwaidtpirxn
qihvkyiqtwxnzmj
upsxzkjhzqgezdr
tsxnjnjscuvyemd
xrdgqnnxgqhymhl
vdlmekaxvgksvev
fmyqcyujrgbcysi
hspinlfqnnhhheh
uhpuoigaazvtofz
yccrjlwjkpkxoyu
auxdthobuakgvsc
wwwukjuwjqgujza
isfwaiyyqtfucdd
zubwxhbsyjbnfnf
pnkrdnjklvabljq
gakvebxfikhzlya
svuwhmormagqrcd
ubmkxtrnfolqyvz
bduvdhqjrqfhspt
piecasmmvafoxwn
tspjaurghibdmfe
oaihryddkjiwstm
bfuuwenzytgeqbq
mozhddovemamnvh
zgiemgnenwttwku
afhgmucbfrndlug
kqhqgjvgesozjjb
jrjrgkufrgkhmhd
ufizuyyxpqrsfrj
oxpyqpnfenmzijw
wwtswosytddaato
phzjukfmntbmhdu
fvuiphrhawmqlzs
cytvvmlwwakqhri
srxauwjvikbykjn
rmjigdgkahudlam
sfoycwtsdpfxytj
gjxhcstvuclbpia
xtwlkkdjliphuel
egnwlsklzcbhnni
cddmxnduwnzqdjt
hfxjsbtqplkajey
moljzfzczohiywr
emxwskswlzrfebm
sxrpdiskdgmqwcy
yunyyigrxqkuyzn
scvryhsebazogzb
eabiybjwfkuzazn
cifcxgesnmrsffa
ithlfamsopzzuzt
zrueudfowjtcpjr
ilmrbsycwebsadq
vqqykigyezryvkq
imwrkaxhrpasyxq
gupnvqsswltcoil
etolptlnhszownv
ksdncwbpypoflcn
hljbfcburlhtruc
fceozghfvdmbfuy
ipzifltalmgrycm
qrcoyxczinvfegd
dtnjunufrhnyjow
lnnisvcvgzznjqh
ksnertfblotkzkv
pmgizindcznkbrs
rxssnbrubfzofeq
vicdgspvkzysbch
bdumebnzscndmcp
jukekzesyglpzgn
uobpzubmeroigvt
gligjjirarmrprc
xboezntgnnxweux
jpjlkjcfotioupp
epegtxqfkatadif
pcrewrcmnhqjvdt
igmlcvabsxumnuk
rhwbjezmizqspqu
icdzmhpbzwzawiw
tsdynqpfcjoockq
xsmtxwrmknvwbhj
rlycvjjhiuvvhdq
nviflomnmvtpigr
mqpncmzljudnysl
rtbotyzkcvqgeef
vrqplevzjuvmnti
pwuokxkvqvsxpzb
mncunaelfcccetp
iayjkibdmmgqkwk
nvrpolkbubscfag
togmmfvhjbacbyn
dgggfubhwgqwyfo
ihhgmikluqjpzlk
fexugopszisfqhr
uksbrbtravngqyw
odjhaanuogkteke
pegeytuomrglpct
fwxesuzijarxhlc
yazlnmhoqgipsfs
aukvxdalwyibgsj
gvgdgchjkgnxkla
nykvmxtyvcgxbti
qayvruncqorxnqf
zvewseriypbguvb
fkvkoeqncjoddym
xnpalhogwaozwnw
nzwpmkxyeniljwp
gtjokpowmwyhjyp
nmfdhzzlpducdxv
chutiyivjlefgbi
mnryyumyljeiema
ebmflszfcpdijss
evyzgnhpkjvtqey
gghznmghgdfmene
qhyftlcfkyorakz
wyapupwpikgansw
wtmjwlnssdiggmm
pvyykmnxucbzrap
oliladeukzirrwd
bosrwcuoxuywein
mqtkvfqgkdlhqkt
bjdpdchkljhfrjl
geohbwhhciiluzy
kbxoltzftotxefj
lmilfveklacjazi
zgtjluamapqywdh
hbnipatkcyvzsnp
bimqwjosdwojvmh
hwyiusxbhcvngxw
ipnezsuwwhyhirg
mplvgxkaemkkkqd
ksftkxxjtlhyusm
dqhpdxwhkzxrtvc
qpkljighxgqktbn
yflykeewpizxjlf
qjkcqiwodrqejyr
hpplnfpfyhboykk
bobtxlvguqgjnyd
dakcmuemzoxiyjk
pjhtygqcopkwznk
gctuvuqrphxnfuw
hcfstyrxooczjvl
etqzbgkuzhqrqbx
rpzlqzzbrhrglts
mwxxlkazwjbfvck
uogcpjjgxvtcytl
esjfrqhyilpzemp
aiwvykepkjlgvhj
hpzlanyjtoxdzdn
nulwqqsjrwxhdkl
npfuqqutatqaepv
xizrjcyyvxxumxf
pidavhyxeqxssjv
mccdhdipjolziek
bngownatidrfhwj
zwdmoaavsrnthgi
inttsrlqpzqjpmi
gsdnludahmtdlvn
iiclfovjnfdprnh
sglrpwsivffaxqw
zhiwxtjgrwvzzne
sgpsugvmlvfhfhj
fhbhftbdxwobzav
njtaetpirgolhrs
ggonksjbdwimiks
blsqpuejcmozgyf
ddozlmgkzeqeqaw
uzzowcwzxfhhimm
glrymkhjifpvsxs
efnlebnnavyfyor
odtfvyvlwhvbmng
vyzxqwvtroobxur
dvquwesriamytzz
urkzwreegshptia
zltpxnfulxhjzws
ksgovszvlpzglwm
ltddwxqpxcoomln
yiptgoztcylnymg
adwjrnwsufgvzms
qhaedlcfnoyuqdb
glecqnauijpthjo
zbjcjtvhzzzudcw
tvxmwnlbghbcmju
nkythsvjkwueafw
vmmsgsupdytmvmn
itbcordhmivmvva
snuroqhuiaqblap
armgppzzqpaqjmr
hrzcecqijtekibr
gaimeuabszvcliz
kjsadcbxlyfepuu
fyypezmbvknbkxi
wzblubitoytdjdr
guewyrbpllvfezf
nwgverrcgtwevii
lyabsgicqvaumsb
spgrufzknrlreca
fhzffbavkqcrzex
odzdbmyxepkgxtm
ifpxkbtramtahfp
gbztmhhjjxlbabo
zxbtucbwnepwqwf
vdedqocmsniqavb
bnhcqxrtxcelzht
ghwqehixotrsnow
iogzwaphfxdnele
umudezzcdjlqbjm
qqwosrsdecdpuaa
vfxmjkbqucabelj
vrvykztrocmvfbw
vetxlevqudwlyns
ldqgbzvqjbsaojp
aiqnkyorvvkaghj
xlidrxykmzplcgp
tofntqbntijtrpb
yhqxzsuxqmlilnx
rrrddzvbdogbqmr
ryiolmvhbibnqgo
qaaglbnfckpwaer
ekruqlxdbfsmvlr
mykbteduvoybflv
fketoufagecamod
udbuurnmmwybdbd
yvmkexvkasnonrs
vychnkhjzmmkbhj
dtoojxndwqqoxim
havzuchqzvecraf
tbeysfsgoteocex
ctiazopolnrbijw
nzufeanyjaqopkl
gohztekxpoizxep
kpvtoikoqmihzdn
lnwqwqitxwwpkmu
bkuxhgudprhdhlf
cepsvafidamuwgn
gppmjsdyuanaxve
vidwyidnecjeomg
aldjevrjvhspemc
knhblwinaheznzs
juyhthcyirvgqib
cnjavppgzodspyt
uulgxsnujdfwkku
hpcrtkolbzhjywd
vszrvsvcixyvbim
vgfvtktsqsoyvfm
sfwswfxrcucumzp
oxhdattybbydffk
qywbagxqjekahzb
inodfyisindmucj
sllpsjjwywxxwrh
blurkdrklgsvsdm
xyfsxxjolcubzkq
reyekwgomvuukgo
ljzligklghppwjz
ngiisbwrbgquxrq
rridcyrvxlpwdln
ntzneqzlmthiozx
ixidstbhxstjomv
msjwaxeqdnowoyq
sjyuqkfuhpeggyq
ukkbnosunxmubjq
abxqmncnkykkdsr
sjkadcnxyoiluty
htcmcosusguhsgv
bwhkhzczlznnefq
eakhmvsfqolgwbc
axueejyqzyrfijh
xhtiylpryvzthqe
alglulajvogoxos
rggkfnmkawwzssh
ekitdehhqhwgdtt
wkzmnidpljkolqb
qkmdabxlhosbeas
xndllsxbpqtnmsk
htqpqxswhzavaje
zkicptpsoqjwhbf
vrwlpxpqvnjqacy
ccryljzijmibfxw
lpvkperygkvfspn
ummwchwvmcxvzpj
gmzxatqwkvdyycn
akfnyucjrxdmnvl
hlwhszegenpedcn
lfuqebzlvnyznhm
afnsermczashklx
yirwsgndaanfmhh
uqbdbtgwrbmnrub
pufldqctzysfinp
moprekjeywtemfj
ujwrwwlxugyiyea
dajhxmrtnsukcrp
urfxzbynzfxyewj
vudwgtlibgltmna
wettkjswbohired
hvvvnsbydaziepi
hzwnizbphccfvlf
hqllnvwbxvopamh
jnuwnleatzfkwdw
zmqsrtbntkmgftg
vypehjxjjwooeop
wjbhdlmmdlxggul
wylfjatupuqyesq
aomybxpcjigfsot
qdtsbwmotxjdsms
jruvbkgvgbzhqru
sosxpjwpfawrecc
xinhqmdnotmgybc
ocntlpzxyjtumvq
qsesjufqxvpicfz
egktsaaordzidgu
yajnlsogfktflnr
qxmwqvkzuuhxjtf
ugcbqhhlawqbwpa
ajotlgkfiqvrcaj
mcjaxzhtfiibgvi
asewzoxpxmwfvhu
moflxjjixntnwiu
hgezvafteevqutq
uvzuetjmyqsxvbq
xkhqayowanvrwua
xsdwkzubmayvhqx
xllobdgyzfhcvdl
tvhkrtvzldwprix
fvwccyuqruclooo
fneussyzegjzekq
ijhqalmeszmufcr
rhempkhcukbjeyi
prqplimmsstvphq
cznoocqvyawdjiz
cxepybrecjylbyh
wajdpugrauunhmu
bolswobncdjwerv
prdomxvfcbgeoje
ndhnrqhsudvkhxc
iyknbwvhjpjltlj
lfjdyymdlswlqxb
imtzcalsohorzxb
fwetkuvpqzkkbbp
qoffdirbxjnhbym
awmhksfhinrorln
eqdnxkhzoqkdevm
hargbocqbrxqxvp
pxnltqtxftdhznm
bplkabagwhfqawe
xnmlnadqzjqbild
vphbemylpqzdqpx
eimgxdxdbclorac
mnqdfmsjymcyqev
nrrnrnjkjvzrfbp
dsntkvakpykoeyx
upajkpvohvippiv
xmdbbrqvszfgdnx
mssjdrofvlpqmha
mfhpvhazwkvwnhk
ezjcgqsxakutwlg
spmbrqmhozhvsfq
pxpqlweewnqhcib
cqbhivlidifikbb
oumqentzyjnenyj
pmshcwemsyocdkg
jyquvabkevtzeiv
acqgtkuxauncagt
vpxwutjtzzbglbo
vbvhmkowwxobkyb
qyodpxagtzvhebk
pkuqdjjpaxjmklv
jpqzfqszaadhrxf
fezxsllzdjzkcsd
pdecwizsygfjtap
injpbnkhvktbnbr
jlatwacbsqoxlzd
faapyhjwnujdysf
bztrikznprupoex
zqirnkzlzxdaiau
srjzflputvghidk
gueorbplxaebtkn
obkvlhzapwzgjhf
oxanhabwuaawcij
xjswjidzoxirauv
myaxlywvcnessuh
krqtyhepscptkvx
sajdhamawtcilcc
vvvesmmwbwhknyc
nprwbjrkgbwlahs
bpzfaylvscdentn
fzxtfpnzyyzjdzz
yfhrenzzajeqash
cqoegoqwbjtfahw
vnhwazsosmqxlus
gtyivjzzizlmmxv
eapzkumfeztgpsd
tzibzjrrgnnymyy
effgnwkpnzhxiim
fkkrjzexmlmiphk
qtduhxxbnuioryo
qxcxelkqbmzfdcg
hsnixzkgnhspwxt
ohgtxpxkawsbaxx
tjbfdofhzxsnqun
htcjqoosdordhpw
fhsqbwjvauxawmg
tqbwpaiphgrekmh
uqubowzhpvxztgd
baepgjvomyzhufr
cecsvzozwpcjvbm
mpaeuklcrhitjav
vvtjjupjxqrwvgg
hnkcpdlocvzsori
jjtkmyzqhtzyxai
zudewrnioiitiie
rqbpdcqpudxtkul
lhhztetxqoanwkb
udnllzjjsqnvpfk
fftbwiodjuxyoqx
wkkwmsedfhjnwvo
vdtpexjdvzpsxww
kzxajlbeeagkvgm
xumjeqhlbqpvviq
wkyrzhhehthanzu
xnnqfpwvebrugev
vvdtcsjeynkoqlv
vxxpnvywiiphcfb
fjkhdsuzdoyaruw
jrnormfgldpplny
snftopocwoeyxuv
cpubjkebmrqhasl
ogtaegdbhkstowq
mnzcrltzihnjoxk
trwfeyravwcvwfi
gcxfkzlelakhhzh
ernlaitypuszxmf
tzoewysfljphrqo
usapxnbisbcaaro
daonikxbpiaelsd
yndtsoxxjwoiald
ttfozalxwruxxtv
mabdaiwfpsrjelo
nwwlbgjkygikbyc
lgrkozfmxznhujp
tgqahlouglpdlxj
ozelhujnsgwuayf
emqdntsvzwvutwn
yatcpfhuzelozvd
jfzeypjxtbawrzz
atkqdlkcdaxanrx
gtecwyljixkicdf
ulvcffxpyxcxfif
elqdbihqjytapqw
bzyckyzpmohwoqj
sdalrjrurkcnbss
yvcszthzrtnqyjc
pbfbvjvllxioszr
ngyrlnwchhptlod
vfnnfyysusdymvc
izpeonpusvwqcyj
ktqnhvplrjhlccn
zsytgafykheplpj
dagyzjubsmdiroy
trcowjbxovneowm
loprvovbihlzckr
hwcrpvayhzuulak
smkzlvrrkgpamet
bowbqghlytswqwf
lbhfzehvwuoazqu
ogwmkgbsvdepumy
qufxpzyhnlgreqc
qhmihgnkganfvft
uqmveycihgsowih
zpslzcoiitohsgp
rwsubmhpleeaqpe
tieywoqyevqzpnw
lfsnodpwqihdxag
aociskigebqnlii
nthlvfeolghynyx
fmkiackoqxnqzwh
qaaakysxhpgzxfm
xagmandoefvnodb
cislsmdgqeenwyi
mhamgaovkedreuf
apnxgjqthlpmbcq
ydtiwfgdchgntxf
nwdnfcoqklrkaxf
vfedzkzgpbnmcba
xufzrqqfbugnvua
xvbtqdsnhqahdvw
npdadkqvuevvzbf
stbttuokjenrfsn
afdlalyfwpvyxze
ckyekgwdywbvpwr
fxvlhhhdmjfaylp
ikintdumtgbdwoi
xxaokgomutswjsd
txmwkapvavhelkl
kqcsgiewhtdydav
zvpmoukzvtxbfns
rpcxjifmjsgvxfe
hteodcxllfjqyou
lwaqvgqzksfzybm
xzsvzgzfjpghnzw
ezdpwuqlytbwyuv
gsbmfhedysmrtoo
ilxxlqjwxptdkag
cllrdldqdfkbsrw
nlkszoqmmsrrjvq
jijifcmzyjdalso
oqupfgjorxxcwgs
hhbbixncvkvgefh
gyedwlahmqnklin
pbtzokkvixsxtxp
nogmvfubgkhqzzo
rrotfqrlzhqjiji
njdgnzivfwxudpo
hfbqgzjmoseiwld
fsismnuumarrutk
itkvkrttuvktfel
wanjtnkskoanpsd
orlbhjlaanlkvcl
rakhfvsmytirbmn
zcyeqztkzoqcwik
uxuetonuapdgdkg
fzpzhlzjjynwtug
lrtlzbzeqzpdpdp
okfsombhyfgvfnf
htiseilxdplmqrv
kqrhwcmkkxgasjy
krsepvxmxpigfla
vvlybpvisjerxjv
gaiaxmlwlyeenhe
cdekkwcsjvoyyxz
hllirnfdgyoojnc
qoneipqzwrutenj
irpsqaykwngwwvq
wgqdcxytvwwkdzn
rdycxxirxbrxvbt
eiehmyztfdfwlfz
ligoegjwqgzpuoe
vqrugsdijtmczls
qrinsenbzwruuel
vcwmydsarkxacsn
undgfqizjsvekjb
pvumpegfrnbplvq
iqtyfjqckqictxy
rewzhvaduvkwekb
coyhdulmxeanjfx
cjedkjlipehtpuf
pwdabinbqlvkdty
unntfwyyudgdowy
hqbpvsoonsiqnlx
jsfafnpojxvjlhi
xqjcfvmvfedtvvx
wwxmhwparlzanra
eydbkfegrqkrhei
nocmxfrvwbjkaie
tnwdyvhpudhsyjb
ckhwrjwkzrfjwdp
pdqkijwvfzfofxy
mqimjikhysdtags
iqbbapdxebqvsit
liflhmwljcyhora
xnuohwjlkqhlnau
jblhceetkewurvh
illldyucggmrefe
kescljttgpxivze
fmqhgvddimbfsii
suttalzveunbbqs
vkmscrpwvfrtbty
wfxvzrcbxqtglwx
tugodtlykpjhfag
pcnkrfrtzxeyrrd
ylggnqggmavaute
omfbjhjtehkrsgc
wojnvwdzjojbmlu
ycdwuoszhqjtuli
ptqtfesvqiumsuy
rnlbdtnisfclhhq
cczaaqzbytldkep
eopbrhuevpkmoyy
nywlzfgzexopppy
qnspoynxxstdcmv
stobstmocgmpjis
bdwqltqpsatsooy
cwkfoqjgyqrjnjj
gaeawbvwjhrwnkl
llsraeglxnwzfsi
wwaianfbkathcii
cmgrnfngbugdlqi
xdrkgmlycemfrsl
afxlinncluqctow
tlbhqkmfacrymvf
ahyjwnsxdrkdlrm
jvlxcvkdojvtqyt
uoqtdyfjethlgoo
gbrnkcrckqhzlcv
tbtxtlpyfjpjjpw
cwycpbqbzdaprny
jgemjsdcgvpzpnd
ekmqrptnmydzzsk
jcymngosgfijprg
nwtxnqomwrijlsb
oakqucrudbkjxmt
sqdawjnqbzxosbw
ycsqcdoygesejne
vwsuopbetpxiyfq
ljfbwroyvdjhmoy
uqzudvkbhehbuew
qowftxigjfohknh
sievrldkexgvlzs
imtbydugqgazozx
lindovuzpldpgrr
qsowntssfhelgcj
vlrmvxpmghzgxug
srqbxudspxpgyzh
vbliamvthhpcwqo
cdsnvcuzlephqkf
nqcpaefuwqmzdnk
rbbsgpxqwxpxznw
aakldsvtmqyyurr
lqtjckktfbdxial
rbwnnmthjwpitwp
akrufmesjmmadki
cluaxrtmqgyjnkv
ippbpgdjvsiiqtf
ralgmpymhmstaxd
bwculxlzmhuibuj
rbcrddxoheqtsix
rlvauftocjaykjx
goqxrmmllburgip
lvrmtgobuktsxis
zqwmxlxjlnkoxgs
yaplwfaxorkuotw
vwtnasrejmonuaz
vkvzsylzvhgwwck
ijzeiztdzgvzwlg
kpqdhhyvrwcnvqk