niohomlkhirjpty
vgxhkaxmtsvuoyj
xcwbhuunhzdmunk
tgdnfshxnobodxf
tcwlwbmesqxwdqo
ahmxrhfanafxyfz
hcheorloqilaxtr
itpqphpmmqhnlvo
jyowuqqqrnbipvd
gnlpvhnxdcejkff
onjgoqvmzpsqfxf
sdoicfyxovdfrue
agkrypoauarhcll
bvbnaybagjwjedn
svchqhrgfhkdmsb
ngmolqhugjkrvio
vprstzsjyjqpbot
hslhdysmgcvvwsg
qfeujimvrxzlakz
cnfbufrrjqjbzoo
aieiutajfvgbjdp
crgrvtasqnazoql
dypaxzspyroqaaf
stlgskyxrqlzfac
likkdlumtncvmqn
kxdgwhzehzslzyn
kztuqdaryrsmqcs
mievuihiwesswob
efxlikronxqtbqb
iauecmgqveprayf
kxdkrvvqvfynhwr
skiiozormnpdpgy
iibyzmkycakvcnv
nfaprsweviupoqi
sbkqsuknksjsneo
tajuufrsfvuhqmn
bjsvkyeswkulxyn
uyhzjcqjflkshfq
hwmthkzzlqaisfz
hhhihwgegikvgde
jxdibjcxtauxzav
akqxlmjmnahadne
alakxebbfwpfhto
tnflekdikwnfayv
ngscbxpmvjnawrn
nnrhprjvcuraxyu
tbpphafdthxdpaf
spotdbkcjkpzpnn
kvjihxyyoozcbfc
trevmrrhlgpaihs
lpudpqupkffbrpo
wlksckzxwfwyega
xphqzndmlgpzchs
xkzfnvixlrxnned
rjqshnzjrbdsiwz
xidmkvydotfirpx
xtrotrumbigjlru
lwytfbqxxhhzyzj
vvhcvpakomlftyn
itrpfpbzdesnxid
nvrequumuaniyhh
vttdzrrvwnmenoo
jznwpimowtjahjr
xzbauvcpzacfxae
ayolvmvdowatnzx
zmbbbxektnfrehk
nwliomgybzxtmgf
gbpgbiiaiovxtva
fimyjmzlhrlvszv
dypmofndeoqduir
wzyfphdupbhrrbx
aawiezuikydnguc
aaflcfnckminlvl
mruhlkkkezzajpz
iqtikdfxsexbbpz
ikqjoajanaopbct
lizjcnovfyxdits
nytljhcrlkrpgev
ckidkbcftgkalzy
hnmyaaurnqykdtu
makazjgtufijbrr
ojqsreahzbojqno
fyjthovywmxtjkt
jbgxzhfknxbxddn
eixjphqjafrpvlf
uypbadpzawosgkl
nbuiiicqxqeetxp
pmyfqjrdyjileaf
fzxergnzjshmxwf
xvmpbtljjzjeigo
vlbodnrbdximsct
pcwebqlksxamhjk
bayxilpacdsjpfr
pvgknprhwnwdyth
rkufkjviaplrzqx
xqfroljsntfqrky
enhrmytccwnvrtc
pfkrifbhzqooibd
oemsxumdqmaltde
ggrvwntatyavauu
xbpxgomjsieksrt
daqgfbrryrktrhy
krmbbukhtlrfbru
uexclivutlwqffl
yluutwigmwbburx
tngvwynwpxobtlj
lvfyckxlztqzowp
xokdnfdcnnvlghb
yigxrlfawyuvfyy
qkrirnvtwuutgzq
kigkptegyhfroxw
oxfrinilsxmftgq
eeqznkfctbwhqxf
vjwytmqrmaldxwa
ldoiuwqmsanntks
qdtzmncyyaohmub
pijgceosrrtwdkt
znxfuouetisepsf
rkdzccqezugbdyg
midjmoicgjhqydf
idaenbqwowflxqb
kcgumfsiuqmsokf
lxpdcklgvbhnsmw
utghcchqasvjtjx
cprrtamorsucdxv
splvdjyqajdnuhy
abcynilmfqqlilm
xdpitmywddmoyms
pltmgpxzhpilmya
icewtkxnmikiidj
ztabazupwiwshxp
zchwmoclcfajwvl
oknawtdwlvmunpn
wfcrclhhoyclluy
ywlzwegfyodqwqi
luquilaqbevprgf
sjtzjhwvsocrluk
rjryrifusscjjgh
ckknyrypqqsamhd
vgvbbktsmxozdnt
bhscegljjuvszco
brnrrpxekghaenm
zkeplxrfnmsfbxd
ldzfocievmjbonx
jjpugiwtbuumbiz
etefumavdtyjgds
hcgkbceiziropii
ogxcqyngeeduwkt
cxagrfwrryejvhr
rhhvshjppzqudvg
qelzbputfciwead
tidzcfmuypafmlg
ectfkdbgiuabcyx
stvaayxcdkewtsj
qarjmyaquxmqtce
xhiibkwedqqxbuw
zxhplhpgkloturz
qrxxqwicubhjqrb
qvxtgeqfhdwshiw
mbbbcifhrvfvygq
xnoxlrjotnkpmet
novnllzixqhnore
crstergljkbufwz
xhajntaxplxddml
shzlzcmhrdnigww
frgqeecgrbpcrhb
djvatargoolplpc
fylwequdxmtgipm
jitrrzfrhlxlddo
qjcchoelkqvkxrp
tgjwmdtjnfrbqkj
qzkuvehknlcahad
oasdruqcuewdlmh
rpvadepdjvwjahh
rfrsctuycmfnnuz
egfshffwwcnvdaq
bztmksbckyepyyi
wwwesbppxvhonpq
wrrpwfceyyfwyfc
mkflzqccpbjutnz
eiaiqypobjptnrs
qizkfzazfsiqypm
sufsgngphzcjfmw
hhtzbwqdcdkuaie
hucpbbcpyjddlfn
gqambqbcklhfrsh
aotbsijgcfluseq
izxytbmzwovafjr
iixdkjgujinaxxy
swmmncilbnczpix
iikprqkqbztpyun
ficwyakwleovpjz
ugoptbigqriiluv
yyosoonwshaonwj
zkieoqxoybscufe
mukfjernwkmbmvl
bjitvahjzpifokc
zaxranqzfywbmwv
pkxgsiuzzhxrqkd
jmybpmvdetldovo
yocwipuqbuxiycc
sluwbcullcsxbbq
jygttcqupmllyld
qeftumsimbwwvgl
ewtxtamqnnfykqy
srehjhogmazwafx
vzlotvonhqamsop
kbbainfqxsscpez
xgbcqlbcjcpiouc
splwyinoyfdwkur
wvcpxigtwpdlkjh
vjxpwewhlhecjfr
elwqbtcmmwgoewc
beqqrvdyvpujxrc
zvptbdzdeuvkpoa
ivtjnkcpcokmxcr
xqxijthqwvuvdcn
uhwxjshetrqihyh
iyuorjndutxdeno
fsrmhwtblkgewyk
ruysjigjxggdsug
vumwwrjyxouysgd
tcciokcpyrslcbl
oussssiapquaavu
terrphicuxmxxrs
plijhwftbdyormx
mnwcnntimyqevka
ajbgbxckcvguknt
jxhlqaksfipyvjl
juxmnqiucbxmpev
oljjobeskkxegpz
mslotflfyhbtkcu
czrxikbrfzorwwo
imhcsnckbpvlczp
dinowcsjblvyfgr
jmcraoqwohtnkat
ucoovfoaxegpflj
dqizapflcujwxve
bshsktigwrtfxti
jmjonmayivmtpjc
ncdofgvponediml
bvpbozoofemgirn
qcmrrbebwxwzarg
tktbvoyboymlccx
rivaykkfceazbio
rhhfvdddfqkapki
hpvdbiungnoueop
rsnrzymwhzpbivh
fjkdkjufwdsjbrd
rzegznsfxsanlcw
aehjrublikfxiyt
odccwizymicbfrn
wgsqxsdvlwcsiuy
wtsbctlnztmfhpw
cgnbmubpglrejnn
evitrmrwfkbjlqo
wjksfwyswzugxao
svzqdeszaxsnznu
cgplxqcydqslbxp
uthmdjstlamxpsk
gqcctekpgttmnxi
mpbxdplpchzkrke
toiabzuztzeknzg
rotpyspvaduxgzj
ejoookogjbtqwcm
nziqfomzarikzgt
wvraqhotesnbcir
calnjevhkzffdez
xtnbiqkdyahkiuj
hyhtavmqwpiehjr
erjxspasrsdxque
kvjjdnvgrfryvjz
khfuneboncmzrek
capqnsqxlxmxrzb
vbhfpipcuxrslqb
lnbowjdaelgdiwc
fofttsozepneusy
vspjnadmamcryvb
vnfklbipawbpfon
ktnxfzcwltiswve
oyxokecjhiieper
gpimpbghaunrfrs
dmdxdjmwbabjmdr
wcmrhkdjrzmbedq
iiczgsyxzpjrznx
lsqoqftwrvqrknu
edkqcuxrbfmvuhp
vvsvbtuozqmriys
dyamyxuindjquxp
ezqsepbkvpzvihi
doyshwrzgkdhuno
tknztxetbmjrdcs
szoowpbdxzxmvje
kfmsyqqdbiygoph
fhsprmixchkvjnx
rvnliblnqhvtkum
pnuqkgplktculoh
nzyxekwpwsempio
evnerhbppflawkk
bkzrrqmxjgzvhpa
leetygmbtaqaaxx
ntkpsjlnhlzdnyx
rqyauyxggzglzgs
jjvabhdqaorhvvx
voiubkmasjczudv
aivwjvwatxrfbpu
fkndguoiqbkdnab
lzolkugruswpedo
rjedupiinzypvci
sbojngfivzwqcue
hvkisrxzzwmmavl
ndppvedklokaitz
qvhaupdravgdujo
aadyrcbqpeaawvt
camuvnrrcouwxre
byivhatvbmubeio
qdzcgmmrvyifkso
chyeaegpkbjfhwe
pxgrpoulrykokcl
driqnjajhjurudl
agfzqrrcdfvnhnn
ptmdaqhxlbfzdct
uvjqxdbdgrmgsix
twmetfuoeltkjhx
mxwdwdkuvkpsmyb
dehooqhnterrngb
vostyonpilpuyng
xhgmgjxvyafqocx
oalntkhhvzmqges
gnrrgjollnzxmtq
uoehbvjcmzvbifn
hawgeqquzszqgyy
pcfcikwikeursnh
amhfilnefvtzidy
emngutqzbhfsity
imoubxycniiqpzz
eroyczgndmomyag
ppbjwrazxgrmrmf
zaydtjoxinarthu
gxdxgykldkrjjsl
qpxitstvbpslmnz
vzhqwvcusycbgel
mnmgshduydtihwe
favasukvbvqwouv
mesplnwmmnxrkqb
zmqfcvspgpwnfgl
pouzbuvyhrggjjv
sepjzheqlfbkqfp
hzmzssdtujlrpae
aucnvrmhpwuxlht
tdiznaviqlvtnle
wedusnpsecobvgn
hjyuynnzxjjlbuf
naoyjxvhgvuuehe
cmxrplrdamikogd
aqdqkzcrkpkceit
femgczdwovuufcv
wfhahtkeewefyms
sjrkhheulrsoajq
vgmnygvcunjgmlt
rmgjaffenetsbtd
mhelicsaqffgzqa
irgnmjtxozrhdsl
wpcyogohvwwhanc
bvvwgmmpulkyddu
jigtfbxunwipddk
ufqfpqunaflmvrc
afevepfrmgiospv
gxdmhkgxhawtymx
xmfzttveoskknpi
pkawbsmjffkieyn
kqjlfqszctmfvgw
eriitmokghdbvib
tmudaxxyfblwrev
dbmqudkcdsnmvya
dcfiakzflsfhfqu
hakqkqjdjiqaivn
ikilvuyauirmeog
ijwlxhjphbgxupt
ozgovddtdxzacom
hrppuadgzbbjrtv
sgnqczuwmbagkqn
qzuadhxjwnrwels
ymhzumrhcmdntyz
usgwimfjlamkhgm
ihafkmkwayxokvw
vdteillbgrncmbx
sbbvktqgqxhwhuw
tegxnukqiophagq
tmsfwbylwkzdvvf
jwupmnayjbnoxvn
aiwloegdvqrjcvc
vfxwknjxsmrvhpu
vikxnqrltbhpydt
dnqmrghrleerrnw
fmiofnunjltfytg
vussdghgsjcqnlv
gcndauvjngfvyfh
uyhxamywdghtoyv
fhjftihbqslichm
eojtybwgnmkhpdz
rrfemmhqpbjvglz
rgtzqvacwfoagnr
zlhxgeiqlqukykh
traryhqmlxeykrt
zwrbwdxesenqnlr
hxztpdqwulzggks
vpfjwulnxlthcqg
uwefhcbsukaxouc
txcmrrjlscqdtuw
wokqbkkcdkoelkq
gelvtqgqpjemcxk
rlfvlqqvioasfkv
bkogikfbwhpzgjv
wcobhrflrporipp
agnhkbsopwxlumx
lpnvkmjtlzvibde
pppgsdubjetkytr
vnfzgjpcbkrgdsf
gyujoagdkuabsai
plubepuyfbgwfdh
xofzybxqvvsdoxd
wjapemauhcvlatl
afzhonobapckaim
nitfcjlkkcjdmol
okpgktgibodpiji
vebmbacwflmuoxn
kqlexlsqmiatcec
bfzyvkgrqustklp
sutbnmyjcuxivsy
bqoxxpejbmobkiu
vgzjiwiynpujajf
qsfjpezwnihnrqi
sjfsqjcjbfsqbwj
naqhvkfnnrinmqr
httskjlaaxuvfec
rlefrmyuozsszhi
lfpiciqjshkruzg
rvvxipaxeqmzzfh
luwbfjukxaixfry
fprgaxxrhkwudql
ojqkuqzdnxxrpga
agqbrunwyyzoqcv
gemjnrmcujmzkdb
erwfpqgsvrrepnr
csqkoppxxsviccs
hvdeshimsnijsrn
gumponmsvvqeunl
pshqvxwyfckitej
wrlbrponeselznl
rdimpsiwlcuvpdn
pkasvntioqyyujp
ldcouxmciuknfwj
ucqpbvmlosigqmy
lzvrhwgrdaxvcvu
lquwryzoieeyhay
qwvdgpjronjjsyh
cbssfvrpsywttut
iukfnriwbwlvqxh
qiqtamarbwwdjje
wrqdyffhdxkeyiq
skgmbtmdjulyehg
orkcdwckktsrkjs
fubctvqynhwjwlv
scvmtdkxzjbmgwx
etfdlghigecavpy
tuzntjqeotlfmtb
wcpnmzrjbwhovjm
kciijtxnrlybfjr
jkuhrebvcapqzat
rxowjsibaezzpbp
zfhoxhwlxzjpcqt
eikfhashshdciyr
wmymyxgoqvugpuv
wnhlnkpgschlrgm
zkrlwvaydfqzxxw
orijsvyhjzemmbh
ynfbtwmfleyduid
cicajucjsrlzxgx
jkuukdypigqxnyw
oaultcpqmlkkccb
ppkqfbfxbkwtpeh
kbaqdtvodlciwdk
nmzomzknjvevefe
kqesubzzbvlppsc
fspxdrpbidotako
ososzqbylmbdjfp
xdoinfwqganjjba
okqwvfcyhysimun
ranfpsgfqyrkfjp
qynmqjbhwpawdnk
drszwajuesxtpuo
lyvuvrtlmwdxrgc
bsaoyazfemgazzu
tntfzvfjiknodbk
fwuuvibnouqhbww
vcjsmcabanarlnl
lwjxrugihhrxdaw
jxyqhekmfwlpzny
hcotxmtbvoxjiqy
ytjvfscwherbxzz
cmdbedoswafopgd
ehuxtxqsbntvsck
zggsxbzovhbupeq
iajdhynikusvwod
osxoczkakdiizdj
clqwoilynsvbyuf
ddzdgozbzxkeymj
ijzjkdxiefjcxuy
ofunginictnnoor
kvatlpcjwbfwwsw
podekmizuknhvmv
mbbuadrwhivoyow
gctgcjucnegkdqq
jalfbvjplcrxqkc
vbcspcabvpfmitj
nzjxadpnwgkbmkf
zwppgegdsorcgqz
dycsezhxdoytuiq
boldiigcwizleye
kfvthxorbtbusfs
jqwcybooogjgkaa
elnitnyqioejpfx
nphaltuiyxibtvu
fpjefdnmjaiaqrk
pgbwysthhlepuhf
pyubtlunbogycjw
zeyowlqdyjgleza
vuqgdmjpkvsdzau
nnpbkababbxzqcv
fjlvgppjyrrqlur
czswnxoxtzsedpp
mcjsnqkrjvlcfek
cysvizbrpcigbyt
ouliojgdlaqeyqq
rmzkliepubmsfxl
rwpyrqteuqtrnvv
bfwrlramrqxdova
jqxulzrcvcazjfr
qdntvkyaeignmte
telqqrcuedtwmev
dyavafadaiijexk
ircsodbnwxejuwo
yoaloezskraagif
oakbekbksemaofd
pjlcqytnpbvbegd
wgrgznasqotaika
liwksosbfvkebfc
vxpkykhmpmtwjcw
wbjueszujjeirva
lgfuaicvgktzdam
tjdanupxgkjdwmc
ujpukjhvciasrvm
wqvazmjzyqupgut
fzbulyjuznxsuwz
jrveeyjcroofjth
dzfyqlvtsckgycf
eghqoltlhsnywxt
cxlghogsemtfkpk
xjuzykakalmhpba
fxkwjrsiooqcrdn
djqvmcgnoyzcaai
acdlvrhhrdlovci
iovmwqjxijhlmvj
dgspbavawvskcgu
admmlfayugqlswu
kvpiebqvxbywari
uiqbvspbdybslog
rgfdzrzpzycxvkl
waqjndsdgkqasli
fxijwizgcugimfm
tbnjabteuxfxxju
dtfzsdumhnifupp
pypejqevssttaol
ewmugrgnwewiagg
uybkulqenjxbvyg
pveqncheclnxrfo
ftlkwvbblmwxpmm
ukqdrlewttopsjp
zhbwugzbbrmcleh
hajzjtjyenypczx
hsphjealnstmawb
xdmsjoouohqtpii
jofcrsfbxxtpfbq
xlkbxjcgeesvnxg
xuraxhpomodcope
bpmkhqktlblmovl
kdauuuvgwnwazwc
vqmozbpdwgcsuub
impmnlnldnszqjp
vqocgvjhvybsiui
vboiqjoczarkaeh
lsftlqkotinxbfi
mvnmkatppnhyrao
zjmvksienrnwjnb
hwvuwlpxwfosybv
vdqugrxpxkuqehi
ekjvckkvwiumylv
oogbmdgehwhvpib
wbhfnpusnjltbbv
icnlyikhrrccpks
oyladcqwgkesmdn
xeiftezpzgxliab
bltqmodewikskeb
wuaabtnjpgvhiyc
sofjlwnhgkiqvwd
lledlfmdigyhvfo
zgqlrcyndlialce
bbkutvzxrqmsxuq
qsgbnbwamjmyapm
yrdbgcxbeiqmcrw
azcirnnsktfddqy
poisqflkygkevhd
dofxxivrpiqiuie
juycfscohbkwjbg
vvljbzpmjzjxcjs
ookwfcdkvgkajae
vjegcnriglrmang
ulyrilbuzrytdwy
urlfshlymsdkace
azjvcuuqmuubvgk
heelakbhiveqlcm
ldwjnuhajhfdjlp
orsaskudctzlwfr
jlncnxsromvlkpi
rshqmellgogmuoy
fxgznxgtxiqjing
vetwcmqiybyjmla
ulnoujitowvkmvs
ushsempsivtzdqz
pcpjuddnnjwdvro
nwijtitkchspoza
ejhjvjcggjflaxv
qbwwcedzimurwap
lqyzysjgthzeqlm
trtidbxoxzsbnjr
qzucadaqseuvdwe
dweexejmmvnboxb
tzslvojhchnxavf
vukfnghwmjdtfex
vjypojoactokvtp
ejvdgrnoqsjxtjk
fsqzloqbpfltakd
zzxyuejcfnpjiva
nbtakjlkkzjciwm
shagfdkbijkuopk
fwojsgxpiicowfw
uhfkdsexidfazeb
wppdnjaclerbhcu
lfefiozwwmfpztj
mpehnfuexfbhuaa
hyxjljbvisksewq
bwlpgmqdquuthve
arxnfvyfrttoqnz
srfhtdcdmmxzevo
dobobdcqhjiruej
yyinilziymbitrs
rzvypklqjxnkwcc
otcihqvbapsdeag
rvapqapcdzetavu
npnlahiofenkage
emnmtbvnymhyzba
obsabfuunlkovfl
cfpbnhyqbgoxawk
mgkldyuojefvieo
tmyehqtfxxrwnrl
ckecaurjfzthlcu
ddovsuipxkedgir
bmpnsebpswaokut
ncobzzqizbvnueg
cazvkkblzvuzsth
zfrtutorurwtsrv
oinzhqzjbkhbfbg
xshicezfusfbrfv
pbmzxwigzjrulzk
rtxbbpytliepmrl
npegwahifwdxpao
soeducjflpunkve
rdtxlhnqqhxzrib
dezicsjtjlvsusm
ilosmsgfgszfgbs
bljfqsbzretyiup
gzcjkzfeddimbja
lwztbijtdoaraky
vyewhbfimcmqqpk
wrscqlpjtndtevo
ulaqrvpojvhjipi
rfiiktgbltfrpex
ixspqunxucsjzwn
rdurualdzxzxwzd
qvqevwryxenwwjz
iyjumdpqatxntzt
iepxdnxyntotqrz
uljzrscgsbprvmi
iagkopofkngqaso
rckwzsezaxsbvxm
hiqpydpdsmwtrbu
pnfodjpsncliaoj
bmrushasvetsfqe
yhbdpwemiusjxwr
dgenaodmxnigltl
ntegjyhodojfknc
dhpnhxustqfyjuj
ajmcazlmezyrnss
hrjqioxgvsnzmgk
doiuwrnlpxtlljx
hktdsjkdpinxopg
zfolphidchhzrvq
wmvwapnezicovpa
catxlyatjvotegw
qvixtqlpbzpxobx
wkrvynrvgzelhvl
brdavafnjwydzbc
udpalmtxkojmtca
vuajdamhbjtqtun
acibxfweboliqls
rzhtlkwxonewxor
wsfaxmrcnvdekev
wgkrbfyxvrtkcty
etifgunfcozhxfd
adepahlcxtbegnh
loqlfkmqicgtahl
ufackmvocnmusus
penxukvumkystjt
ecscspdcmghendn
znuwwsdprlzdwyg
zvwdllehsdzpkor
zyjqjlryplmtoaq
ateyoezovqniqtr
hdupkgdxnwtdydh
chfxzrwfsmtfvvx
psmqhynagtjnqux
ouwluhflfpcjodo
ivnsewgqtaioucj
mynhkwkkiooiwap
xllbkcufzfvqven
xyffzeobpblvzlu
pomhxixkwatsixm
jialubypukuvbwi
haovayurowwlogb
othfrpqhboxvmnf
nkqkabkmzxzefss
cjowdlnlwhosnfn
frruzyvwlyzxcgi
xbdawnpoegyzuzx
vnqdjrsklevsvgi
utewzgiwglvlgki
wspigqsdhfvbctp
nmvvkeqsdtqpaxb
abixgzqmknbomxm
sgwjvrgcznttxkj
danewamybvzlnpk
bzrjnowhanqdtsr
raownmvomocexrh
apvvquakpulrfuv
sjhdicemaksyxlx
iqdquancdiefrmc
xjffljbtjjuoprn
hszlmwqozhduijg
aseelgldifrcftf
ltitfpoahprvqva
ilwwvanktcdygms
rfagvoyxlnnavhc
ockkdboiuyxnkfq
amjstcsyslfgrak
grachbnzsvesbpy
lqvdsjzaiemcrvh
jnxoejtkgfothcc
fubfmawokecfnyc
gbukvbhtahjbdoa
ffflkmlyycfaxdl
npyumfnuwogvnjy
ngjsgiezgozhrhj
mmdtyrnxthyizft
tbovxduwdiyrogu
zybpscdfujifoqv
vljundryvmuzxny
sgqbgdatsnkeerl
dnqhjjrbhkozldu
igeasdnvksvhpof
stikajoxbhixgvk
ooyfuxecllmxvno
qerywxudoblbwqy
vrzcjotbbimkwli
makxipqajfxmpen
wuvirvosccrgfcj
iumdsjpdisyvdcz
ojclesdudxqeuul
qfydhikxabprgjb
issgbdrpcyhmjct
wlwggnwkrylbmbm
edxsjghcojdbirv
bnrqxcyendrvwlu
pkpadmqsqjcatsu
mxpdacvntazwstr
rvvutjubknhcxbc
rndwkzqyujxokcp
rwidikpccvnulcx
mthyqxyakomreqn
jngbxceizicfmie
ckfwbealdhilpbn
seidkywzemgscfu
xwmcwinrswlaxkj
mfjlpyeekpvskjl
bqbexrllxroxqtp
jnhzpyneuusmaho
qqjjjgkbwgbkdyv
nuzmkpipwxvhkva
hamrkisuhqmpmeb
kvpbrtgopodyrjp
cdmwuvijmztuqjr
wkjstcdxpgdiwwx
upqpufyyotkkioj
tfjnvsukaoaebao
vmehpwvqcvyxjoi
qylvfklelvgcjrl
dwuocxzrvymawoz
ztslqanpxlfwifb
lnbjopbuuinkxhr
twzytubogcsqenc
cxnfqdtabdbfiby
xnilipwlrttqssb
ghntmsaigkgkmwl
fuszggtzbtghspq
ggjimoswkeevwum
hlrmkpichdwrxfw
uxzgyxaylducdwb
rqsxwjftjfscriq
tbtcumjtuylthjv
qnjcugyafdjscei
oydmauwrnxxsaov
qvcbkehjezrslag
jqvuxmngyozhhpx
hacvhtoxuemlsja
kgvldhnkdpxzbnj
dhopdugztlrwuag
boeslfbgrjfnsnk
xjxrewxknrozvpt
cespueonhczwiak
xnitetfdmzxbeqe
xpncqwszezkohtj
dpzorfucsfaljom
zzlkrdeoevehjoa
lntotibpxykzzop
uifhzvkcogxcyxk
neyiewoubkogzil
opmfuosxbsbojqx
uobybnjdgnkaooz
sxnwenjyqdplnni
fcvxmbvywgemzno
rposliskxzblpew
jiwwqnxqcghbftb
pnezkadivzfuajg
zpjmpkyzoyhsybc
kjwkxuepryalnyh
ptvywcfiuvtzyut
gqkmvsmicqwzcbu
sezyrrnefojwuqk
zryyypekyforcel
yzxiyoakhsauddp
hegyfbmfgtnsylv
ymgkgqylgmglrzi
fnawiqlrtplnese
hjsqsoctwccmgra
xbouagmzkjmfjdo
uskecyojbuxqtxi
jvbaweqtusvcsxf
gdtilwqbnwqwgxm
ifwhulqqdrpsmly
chommedjoqvytrv
ucpxhzagdptsjqa
sktzybwjpyfkvxd
dlehjrpxuacfprk
qyorbwbvsbmdtqd
bzgsaeovoujcvra
kclsgigfgiczgds
wgyattesagrtihg
ixkboeuquvbvjbh
kaxcrqvatwdiynn
ixydzyhcmtkznll
ahjauegbswdffsx
kuhvbovtsblzkpe
wsgyerxnmkyzbyu
cbcwdpsfimhsuvf
krtefnarrpcrslx
vzimtjqrkgsiias
zyfdsfxjvpxvjqy
drunuyecilsclcn
gpfqbikknfqukar
bigkshijzjvgdrc
jcrvfgeuwgxuvfw
gtbrdxrphackrra
bnphgzxygpcntqg
eraitrdwvneoqrr
kiqrvygfqgfajzl
gxgrhbqvdxazkbs
qfjqaajfjalzbrk
cytnjgpbsuebmez
scqedhkzprccmkl
atvgoaupymondgz
aclhfdlmxmdrcle
rcumunwsnnodwch
vdiwcidikzesnsz
eljzzmymrammjqt
klqfhyvwwougxqw
vvdcntmhhfwusby
fsamfronaecdnxp
pwguhnrfvkzjczr
ewntvnumbssjytf
gqelbporocyptxd
njhmiqxnmvhrceg
bkzipcxngraezji
wdsnkkofkwxtcvp
ixoolmeqladsyfx
xsvwxmbontrwluz
fkanggzmjvricfy
ujmwvmccpneqczo
fqxjplxvkxjmwcv
vtvtfegqmrhursd
eagnukxwglowska
eeeazrvzromhzor
jrdziatodztycar
xpgzcftpiwbdctc
uebduyrrhpsdfgi
ugwighurachtdnq
vywutweaqboeisw
hixyclrdzjitabz
pssvixelndddhcm
wrtnusmceqszgfk
blwygncdjwmhjlm
zqyhfwkfigffmgq
gjqwgfwmqaagtyb
jdjluofrcsrdgtp
paijgiswlcsxbwx
uhtqmkiiceamqxt
siyglrligtwttwu
pjmdzoasnwokmyi
cvclwwmxcnotcpy
nxgwtvgpbbuoxjw
iiarwpeahftvujb
msjzconeksxggdc
hdcrtqsgzoajhev
gbhrknuslzaibcs
ikuiooukhvvtlhu
hazhnoyzwpwrpjf
rvigqwpjqueazsc
rpsngigwpqkgcwq
aozdjedcyqlnhmb
kzdmmnzcawmoqin
qxehdsbhqrjbyfb
hvvrzzdorvidhzh
nkclykxzonrcscp
bwlflyphokknmoz
oyzbdrzfoerhjis
sxstklngtsggfle
qlmhlnwgrrzlvpl
vcddbmwzkgkrodf
sjoiefvvldsgimd
cbglicqvazxenhx
gitbgvgsorkwtpe
ektaniiaigihdhn
qtfqezmtoipwlmq
crnlqlhdmqlwjmf
ttvuisrsaktyxro
srssgoeqvgezytc
flskhfkbhyfqssl
wdoaybxwdzczclv
yaycndooumnifja
cybbalemthregyo
gyjdmvxvftlstfd
gohsrqqwoafxoqu
jqbyxuwtxdjpsyu
wbcmewvopxlqavb
vxrfqfyqizzujiy
tqhlhhbphfzitxd
drskhhyonffaxgd
aggtndbsprsuawn
otmgrtlblatheln
jfvmccpwelllaoz
bwgoaawzucvqkmg
rmbmyenafphehea
bnucnoybuliafrx
tfckvtzaewcogdr
aetxdicqytcqxcm
qwtzqbrpuzdfogc
zwdcsybmbaelbjd
mfzzrhdcrvojgis
jtgarzdqkcsdmpp
fzrkkqluaqrsxyn
frlmyrwmharaghi
nphmzolbbovujwe
ajktcysprlwjfcd
wrqeookfcsobaii
juocaaypfcbslla
iazsmwpohhcdxbh
prakcagubyqjfui
asllyozfglkqxsz
fqunskadivicpxm
tmnwujlrdjfahhb
qlzxiscivuykqbr
meapxkszsierkbi
lvswaizecnrmanq
tcoysmngnvwlaej
krpqbzohznijbvx
jhqpnbpiiyzqsae
yflnqrgakcovihk
zbdllrlrlavttcn
elsaxsfswyjxequ
ifeuppstyeierkp
dobzyqnhaorllhm
wlcbzssxozzagai
kanttogosovzsuw
afkcgnxrhczrlaz
hdhamcdstitmkvu
ilrrnrlxspqgadc
nxvmcgkpnafndol
nywyjuomrnkziks
pieklmloiylufwk
uuiwrthfwzeyuvj
nnpwkecahxgwuww
qtnuqcznfwkdcag
tedxrqvszfyuttz
frzclvcqsrzymdo
mcuvepcgxrjqamp
wcjlrmmtnekswus
ysqihzzsqehbwue
rekpakaikbqyelm
kaqgjzjcywpwzgb
tozoskfszzdqlff
rztageiniobllsu
bqhsbswosjrlsks
jhagsauxyvykkec
duvaqobipjijpdf
qfcovhgvtcqcvht
zadyhpvdzgtzxff
glqqhpnbwrsdwlm
qnwfeombknzgfji
eaxfqgkssyyzwat
xxmlogknumjmwew
xpsbmnnldaxrpkm
gcqxcwefhcdjnek
xgadlnfrmpfrsvf
obkueqjdwvynrhd
asryagmbxdhouka
ihedunvvdvnymks
gwbzxfrmvsufsei
brolzswbhbodcgv
smmofdujbjrktkb
xiecykmjdycobuh
kpopeihzmwlcurk
uciyhmiflaalmrj
lexliiaqaklftbt
qxuacjiaxkuqndf
mejyfpcnxdrvofy
ofnpokwmtuydpsr
gytyjdbbcaqejal
nnttotjcibmhkex
eaktzvllwjtmezq
tarvtgryateersl
zgptqgqsdkkavyd
dhahrqzksnaicrj
ltjfdzvnhtogkzl
nraybtcugjccron
yfpcyjffiiolrls
hthwwgabndtmavz
auifbibzrskomvw
dpyvkswyqrstfdq
wncigvkbnqrgpfh
bbectvgcrxdiwxo
wrufspixglsgsuu
wrowaivkuzaacsh
knsydwavkaajesq
fyrujkitgbryvtx
xfclvdgfydptxkq
ypwezugscooqmip
oozmuajzgigkmma
pbtcjdfpyozywbn
uofizjvjvvbljvh
hcjsvbungconabf
lfoniroxwwiwdsl
pyexiomrgkfyejt
zczexgvucgayvoh
zgeztlicmxoyjqj
fioshrgfdpqlpbb
evczrbdklxplpde
kztepabhuufodah
ypsdhnadehbusue
awwumzhrepkqnur
mzmhkkmjvdwxiyz
yobharstlndbfmr
vcdxtcooovplyat
ghkfimxktfrzkvu
udlubeqfdxbyrtp
zcesurffnfoytpa
zrqfzjweixgerrt
xpmjtdoquthjbhd
zaocjmjuuqrffrs
cbvunegirykrwjh
ivwwjnvensjdplk
vnlqajjlismmvdf
gvsnasadphoaepa
bwxdjwsgdqaorvz
jujqhsxgzcyyyrh
oxsbhswjnagncyk
nkibxrkcmrrriis
kbjcyphznizvqhn
zjicngtfcnlgwfg
qrwzcmqwszrqakg
awpaowpixxsbfgb
fstzzomdhatpril
bjnzqoketdhxqjq
cavqcvypbawwetb
osoujfjrpzevtpv
yhovorubyfxdiyp
sobivxkhpngqedi
mgsjjxzsblsdcrr
zntpjjdyoafyfpg
zmjwrmycoqmxrmb
catqwkbyrpwxnoo
xbxtlinluilazux
fygsfrruorpjjcm
udequxjdlzhhzix
jvdlopvcnpdehsx
zbvysakmpuhheud
bhwogorhinyirdh
vrjoohftxbxvtdp
lirxykwxiovbohu
ebcxcnlboajoumw
hibjbrdyoxnfmrl
lcpkqjhwviiwjmh
jpowlhezuifpevz
gpzahebdkpgtekk
rhziofjmscakwgo
oxvrjeyhkxppkgj
tfemueelqgiahdj
nqgroatwzlahink
ntnpcgzumrycqhg
qvqoxqbzvwiplwq
dtapnkupmitfcvp
aknyzofgxoiwjtj
doldwqhqqljqhfi
lydgvyypljrxlvj
vvdclhvfvysyiid
jeufnrdksfygygn
vnefoprnlkwdhjo
eqxphsdwkyvmmtz
yobpjrqkynwdckm
rizsoexuoxexrqz
nvmdegosfomkivm
xdeeftwwhctatzz
cjcwqjoseutmhtk
mmpnvqdwsfzorag
prhjrymyxjgdeyj
gekktyevmdzyydj
oztikbogocnqkoc
rfttcghcbylcidd
laxmndbbpmpqgpd
tdjbnlnmxhwzbui
sjwanknypafmwzu
ezrlczhfhrcfaqk
rgrzngtguhwghko
zbbzfdnumzqpptn
eqvaaszfzbocinl
ppfxkgxcmtqjyfu
uooebmldqztqpkm
wkefafnnzkkargs
fxrwfcncpgnrvdr
ntnrmkzczmviiva
ssepvcvbbkhvykn
nfamfvegvnpdkiy
xvhmcianhexqsbp
knzxdzxopcwfowz
tsphmbbdwpmfivz
jivrcclpzzpscxq
tjvnvdohiltqwgb
mxfnqjatrgipcal
qdunzhvsuoeaxma
opzwvlpyivpopqz
gpwpbxbgwrdzpru
gkleczvyzkcvvrq
mlrrfmnknzexcte
jkoaoslzrdeebrq
lukvefudzcabult
cpvhftmptcyoexu
kprbpdkamrlfnrk
pacqvrqkvnykkii
mrqyxyaahvmrzar
fvqpzfaumzcotrl
kkhlfvwhwvtwuhk
kpmuvxdjomjhywi
txcvtrspqwpzrvq
phlnzsmzoxnutdb
ldovcacmddugnug
yrwlgzyqzxtfaod
eybhzzlzxgovqwi
rxblfsbpruzafed
isvllultrmppcca
hxpkeuamkupguba
lzbdlrbuwpnrimi
zshtwbprwobomww
afbxtzqvkbfxoqw
ailhyfncvztfida
yehevuemadewgaz
gldkutfjswpygqb
skzxmmhzzjceuov
oxsidpkcicxzlhz
cavwfijqncvewrp
vfhpjlqvpvuxpkz
mpphedguieiyhbr
yqxoaomcyfbitwp
zopwrlyultcxrdy
sugmyogtuhxfgpp
pkwteanykvwcpbt
oeqbklcmlsbgdeg
sxppxjupvqnscqz
xobqikvwkaukham
ckgbkbgzznbezoq
zniarzkffegmgjv
seisbbqxqqnelkq
fqoqofqzgilircy
lmcexewmkmjffuh
sozdvmcxipccaft
qmdxawknymcsbwy
cxbgmoitzgpurcj
afexwnoihmzvivu
yrhfbwbvlfwbwls
nlvgnfauhvohleu
jiopvxhtvnxurgr
puargogwvqnjouy
uejamopgykbpebq
cwyaloytekirkai
lhhvdyppxfqwzph
aykqtexbeestkot
avbqcaawydpsdrf
jfuppootuwwpatu
ozgxueuyhbhaldh
snvygftgibpoojw
lbyeksfbpiljorn
nixdisaegtpiirm
wbcapbkiizzibpf
wzrzgnowmcelepy
fubwgcdrvgvuibg
kuunqozkmfoxurb
fvduyzqrxdamana
tdpiqixhcuzcggj
pziglqcgqrhwkwl
fzmftvynwohkjns
umjudjofnenzhfi
pizhqpgksxpjkuo
wmthkoyfzaspybd
ziytwevtxnpmjon
mssldkcinayxjku
zeummmxmyxkzvno
kgavmssixchayvk
coexgohweapgpmz
slwxugzslcyianh
etucludwwkpezss
utpwvprcpwzfhsa
qzbamqommtmqgxz
aiefbudpzsrbmnf
ogzkohoymxjlhjz
luxxwozhifkpmik
ynviigdinlatkcc
nxuqyrorbdkyyvl
kuolqxwsexiwpme
oiewcpucwboulcp
lqgaeflglwdlyth
nabhdvawwegvhfh
qnxbwykopjyvfqw
gvpgtffxfjqttwo
hpbdgwjbbrlfvcw
gskcabsogpgnwct
ihfvyqyednxaqsy
stnvtjtewmuttzk
nlcnfwikriqaxci
derbbznofqobrba
nxycsgnaoqdands
pkftncbfinxxgzx
yytanlwhqmslzyv
twvanuwisrvtymw
cnfdtutxkmeisol
tdbsaepblbcnmbl
edangbhrluzdjjp
yjblcnwpgwwpqdq
ipgdyttvcogrikc
ccwherlsoddsqys
aapjgrpiaaiwrdy
imgxmskxffetibv
dvvebpzsehuqcgs
hvcmijhfagsokxh
sbhjzhgvxlnwjsq
lyoasujclyejrpj
kmcjqwgemxfnslh
yspbrahcsnepxef
rezlynxhzqmungz
mkbahnwsqqbrodq
puoztqudxfuifse
bnstdaqwnyenfvl
ncmnbrtkrhyshde
wizvjmjurdpmcrl
gglnydhbcdzaiqc
gjmejquxfeqnmnx
bubnxrivdijsqhc
gezloyukhilqnzp
ajemvmwvcvjeqvd
iotvcbmkbupqppu
smlsrhxstsohipx
vzqdnttxofpfidi
egmczynegxlpbvd
sijraqoialhvafk
wzgoiigwiolmgsm
rwjbpaxxrpophac
adxqnmlaimjykpy
vfmxxztrfveaoyd
picxibbokynntff
vhznohagcduexlp
elacdjhrewhnjmm
tgkcphkpyhbpvom
lyjrrkhedguyfsn
qqzraqgkbwefyvp
isigsvfztrzutou
iddotkkluxqvbzu
jdnwgrclamxssml
umufwjbwqzclfhd
cvxpdhmtxbtqwpg
erqznggyuflkkwm
koyegeujoirakcd
ytpzsmsjewnsnfw
zzxaoaaxjcuheti
blkxchxuhydbopk
ibwgdehrlqrlqqd
naubljprpayoaai
pozgnqokzhngdwt
jravurvxhrpftto
huidzhcrpxzauxw
bzszdisjvrlilcl
nwiqksrjmmadqev
itoapegintuvsrk
fpwfuwexjwajdpw
fiufspuuqwowzxi
wptdvfcresgaglk
axirtzvrqjjxvrs
avebnenhxnaenss
dxygbvxbpynprwq
gqnuvsarogcyapc
ewrnjgxwvqpaska
hqynuexlpppafea
utxsbqspvxttqpd
csiyolinntojqsl
pyoxecysuetluee
chbnzucvsmabsqc
uyawxmhwamhmsdx
egtinuuqkrgffsb
orrvkpfcaohlqcz
fyerkjbplormvho
amwjxfapxarapwk
rbfujqqbgtlxgpr
vlrdhnooodghdcu
oavzhiennatnzbi
vszvahiozaktumo
kunxduckibmxpgi
npveklutqkaaiug
sdwfyjwxsxrupij
acvlthhxnylscni
eqbqyljcsbrsblo
neqljalxzmgvnmx
zmrdypcpnjtzwjf
zmearpeepknfwpe
sxmarjcclyzrqzp
nrkypqirxmunbwg
srcugnvwnnnkpde
heevjpvyijjnzoz
kkezorxibzircpi
ufjruzpwrlzkkvp
ebaimpcnnycbmtx
kqeyeploaalkalr
hhekjojzmxkeodw
cfgxlwrpydigima
lktpucpoulvsesm
ddnmkfzjapuwafj
qxizcrdtiibrxpn
hoaspuopuolxmbf
uihtpujvgvyahdj
qulcakohbhohpvk
szkcqghyhtbwwss
hueohhadauvflpz
lowsqhpeldfjhgi
ejjvvwfofnupyid
wyamagsuxftittm
fgxufyoitdyhvyv
zhsonuhqxqsyhhi
oiusxcpoyniyzoh
oybnwewbbhxavfs
owecaojtpghpynu
dbzudklqmdxwjoa
huuxrgqpstjbyyc
qefxtzwefdgvwsz
emifsaysncwpgqm
ztxfoyslyysxwbx
jivrjmkndsynllg
rcosvuwmjffvxye
siqiauygngctrdh
brbpcwuyrbdbtng
kzyilxkrvrnktgu
tttlkjkoofkwirs
bqsbevijkwvizdi
cejrgktfzklbhuo
mfnwmyakswnefwi
ppchsrijjqiyahz
mtotibfunveprlk
walgliqknhmscol
yyebsqzpsntjhgw
sxsxkpyvmrdqkob
sauwrkxtddwgpab
tujlxnjslyspsgd
shrmteepzppldtl
blhudnztxwozvja
bcxrgdzmnllecic
wbvdxypfclczjuk
resnsykllwyuung
ajbhobfcwrsfuut
kayohtnptihxywx
pxguofcvyeublcy
mvuxfpythpxhgrs
sgqvgubxmofrvnd
lzvfbcjclczgobu
sqnjcpeiiulebae
ohohouxpeqzbmgl
ooqopfxitwqhqde
nkwdzqcxtanbqfq
yiqvysflikirhnu
thmrzletditkrkp
rfztfiglkduboxk
ugxaqlrrppyszai
bovfkrbsllxnkrj
iedkavzbvvjnlzr
ibmdamqbickjmkk
wsukzvctnxdqfyk
mjwhlibljzwufrr
sntckfokyueedsq
bnkbzsbcjfpsahi
fejqeovsnkewkuw
litwtxmnzqyynfb
klamegseerywvfa
rrsyowfzdkfnnxw
jejwsafgbjfeoek
cbttppjzowsudbm
qefuklqodddytrb
lmuxhxjlgwnbmgs
lfhqxqwlfgsnlme
imwewdcwsdyrlxy
xmhzektbgcolzbl
nbljdqisvtnvsme
guchvizirrsqwsl
xpwvumzpbjhiohe
ttpocffxvkyitns
pnpcygzpozaklsq
laahfulrxnlbosn
nzffszcdxnjetfx
dvljpvsaxiilmtn
ifzztkoyhzbokcs
lnpvasnkpuojcdz
yjcgqlddnwgcsyp
inztxealorkdczn
cpedkvqxgxqpxeq
ydjqgfkvnftvkdo
zoszayhpfgayveu
ewnraldgcbjnkkp
smpbbbvluxtwlxu
jvevcvlmacjeieq
yidgpixqltyyyur
yangwhosvubqwnu
clqfmwntrageitx
sygzfmmjqfxvcbn
suvblisudiksstj
gjxdqigcvjsharl
dufwxdxzvosnqsi
dizcexjbjcplfrp
pzotwuabkuyyjlc
dmgskdyiuowmpmr
wwtyixzeelvxhwq
tlgdvtkovndtxip
zwmidtrbbgexpse
ztpizqinhvsfalc
czwzvqaygglyatr
eacxjfegpvlgafh
dwhvbzfiecvfcwh
hrddsogdeouvhah
swejuvngugtropu
yfsnwhtxlipzfxo
wklznxejaqmsuqv
tyfwtlecsqlramf
qbesamvzglqqeaz
tuuqlaapximfkju
unrhqcwjmjqyrbf
pgvstccqtfeihpr
ehwtilutfyvdzjf
wolewfeewjdkwae
owypcaedvbxbdcl
fcvwbtunsyufzzu
jnfmhlgqnuchafe
rgicbqfipulsskr
gqhmgvrlblkjikl
czupvxnvpyisakl
idczrfivqwbwlfm
jnchasygowrcsqf
jrvrvjlzzcxqaht
ltknvcdglsnnosb
mmbvzmnnkalrwme
ltjhosojggqnmez
jgdnzucmsltefgz
seeaovmbubgbyks
kpxnbmqliffxusq
npmijczrlblempr
sxqciuogmkgultk
bpzibuhadsiqggb
uiamctficwjvqic
exzdkuaznrdvnml
buwqluldbirgald
bqpffcerttrephy
rvptsmtahayrkla
vyvyifqhfziduix
mtvrjvyemkkecoe
pcwvvyfybwrkpyq
oeeozpqbhldigjr
pjdoaflaynnusbf
tvwijwwixvowlcm
wtmubtxigsrlliu
skctpprcrvncmhm
wosvcnahslynfda
jfvpluawupqmxkt
eqcnkocrouftpek
ouwjvcyfayjgcsw
oirbpyzorsvjory
iivcirhdynkrgdv
njiqgabblzozfag
sdhedozlvkdqmoy
uvphwplsskeszpi
ldvwlbisdrudvzg
khinkkembmqomjq
vfoebppwbscdnec
fcopcqizxatuulj
dhcjwiyzhzbrbft
ujlxzkrbzgdbrao
htwfpkuaafdnobv
eunecajgkplzpla
wbiqbkmuubynwvp
mqxlkmtbkfvkyip
rujdjjzguwnwjnq
xuaugjgerrurtyb
uelkwunloyockal
cfmyxrowadqxymw
qegkmgjrpkwsihm
tkjgfegzbpshjcf
scdwqbfefzjwjrx
wsdlnnqadsnuukx
xamudcavuudnjdm
dstfzjhabetclou
jfadqosiksvbelj
iwewuivxnelmtdu
guzfciibxfinohe
uxunzuhlqspohlb
gvfduxlpvjabrcv
uexouldnjddygwq
xmhvkuzgmdlkqms
xrlroolkkbzekry
gvhgcshywpfgqml
jbtgxreprhchyjn
ucpkpictdwjytkg
wfjszhkmjavxiyz
qdmtutdgdnvwphp
zcbpmjoebbypojp
ghftmethgnmgkfo
laxdikynkerudwa
bozbifxopofqafn
rubbfkzzqpmatwl
uxwcyjpwrlkfzqp
hjxbjrdokxxfxio
angmguowlhjvgtc
cjspeechuiogwaa
aginfjbdjlmbspq
ndrjjeurwcnmiky
llgfcdhkihrvzed
ucjnkdneaufkhhs
fznikjqweirumpm
adlwqkgmxyurpjf
auveoymetvlkwjx
krstkngeuipzmly
ulkkiwqzyxfmver
expgpkecgmpowed
idbvkwfbzpnwtwm
ievzyymffeuwqgm
erxxeuiqedtmcox
fukxllexmrfblze
eauyzcrbpwaanyq
cgmdqiosulnnqhm
fqbohajbzzswosh
jlluydgehxgpkci
kuzstafnuknuage
prdyjaeucnqvdst
wpfvehfqfmekayu
hvvsprotwigypmu
yhljxnvdlzcuuqd
bmtaikdokkrpyuc
vzagnogcskktqyv
nyovoawmysucjhy
imgwnazkiuwkikr
rzefjcftejuryme
xomyanwzcptbusb
skdwfuwuifrrrly
ukuhrpxzrkteizu
ggmlioxmhhzfprx
kyxlefxeincdwya
fydegvedfktpgze
xrbtesyrotgcovj
zqhbfzcstpryzxh
zwqmdxelkfjftqp
szzblfhlprvvqlj
inkjfxwluzfccox
kdaqfakgdnudtrm
mogihheggjigjtn
prjvhzduuvlbwtl
vsrqbcsufjcsmsj
lrwxyqkyfphqzqa
amwyrwnohzzumih
uamjyanwifpvyse
hmrsrpiikhxqklq
ymgvoakmphspdou
abfqakokegeeapy
rgfownsbwveeucx
xjiypoahavuwbhw
xsyseszzfhczgcq
ctgrwapvhmcviqm
pixfwrealoloorx
wsdtlvhsaqvbmpi
ojbhnjbvwrphynz
ehjjfcvwufkbdgt
kxfzpyvfssavrei
utyxzdrtueqokoo
bubjjidfujtxnlb
mvjmvlnboacipdx
kcnlwipdhhjnfik
lblnubmvogvnjqq
jthklpphksbsqrh
vvcmfjzrhvzirkr
tftzqrdzbaetxbv
lwrtztmbpaokfdo
nkeughfwegysyrl
jamuvdxqfrkiyzk
npxjzcpthedlxmc
dzsxrrqdenmihwj
ljnaolejshntwtk
aloaqnvdkmfntvs
pdrsxuybjgsaedd
rxphbgxlyrcdtre
fkjthlvnlzgpnod
yhibccrfkbgefor
ddtwrexhsnwbdpd
eeycopvjhvmmesx
ityolpmhlotxgcy
bwedjwtrofnylgq
kyphgjfdfvvmvxf
imvxieeaawnmszs
qcziqgoiktbizhy
dlrwllnggfqbdqa
saxbafzmenkyqqq
eirrpjllypinxbc
qmrzkubfhdgjynm
fzahhiwypkwotnj
sehorhgopksqahx
kinyzctzqhleclr
xcbegcvdacglnns
boonfxnljkwaceo
tcjnjazwdgsvuws
aaardadavtmolpl
lgrtsyhmxlouguv
fcrdxroyggdkzug
kafvhjirwunkglo
pzhurprbdobqlkk
isosomuqfyqhrdw
bbhpeqavlpqnmvf
maragqvyalnnetv
eupwseyauakcglv
wfylguxpcrvutnm
ldslekqgcjoxjru
cnhzicrvfuxrviy
gvhqsvilgkxvgbm
xrbgvonwforapby
fizpjkxfusgwngl
uqfvyclabfdfjqg
eaynyiratzajgyz
nzmwjyopemnthbv
tgdnghebcxebiyz
svijckrxzwsbrif
lvvypglrxurwtcj
elzjdvxcatqyeyu
qbruexgiwpgqlfm
hydsyqajtdrpqeo
deoolveygrvfdrm
tdblmujifbqkqiy
foobqnvfvrbxjly
tfxuyruksxhnesj
rvnxlpfjsfnhqwj
ihijzjxqbgnqdxx
vxoedwuhtiisjez
wuqgebqjcnslfdq
iafccawnvchowzr
znlznmhtoxqtkqd
esfebstrhvkdsdg
xtotyacnfqgahve
yudkltcsjqivpme
bhndduuudosulif
crhkpjrdlrmdsgb
gdxnzyixsdudspr
dllotjvddndboyy
hotqdltdblnskqa
gqfxdzlnoksugkv
yoozsxvxsmlzngs
zkmnjbmhgiwcpro
eoegzkvnhpgmbxy
qlhzorbefsbbcnw
nfrxmcuqlztnows
cdwwnaneomrqove
rpbzngfzujudjjg
mihtmmiozutrnbr
ovtjougaelsaivu
nleclkznbiyyozm
veygrziggfoodul
ttfsuehzuyfmhwx
cqyhzskrtqwnood
zxszvmjiijfsbxr
resmjibyhtuhond
ciaovfcfqamyfhi
oatqxihebvwdqnh
ajlanfzhzejxkrz
wuarmwufyxhptam
kwotpucwaatdobt
rfxuvdujwslbljh
yqlctiewbmohxoy
wrcmfbgiuinxryg
dvzxfqncmefoziq
hhqlzzyoszttcxa
suinvztdkmtgvsr
pzezewyxvirahcu
cyxppbgsiglpufg
awmktnadoqkgpoy
uwpbxdimmzjtzni
dkqzrusqbzgbzgu
jvyvupharrcfzbs
pkynwobypyyyfwn
zcwrtursogwhuve
bzqfoujaaenlznh
bapzmyjbsnuazcc
lpiflcxunqocfgk
gpjsuvebrxkttjn
akvrgwdfvcoblpc
pqqwmivlxvqyipx
sshuxxykruuktug
kjlgjtdjgkuwhff
ameoxemlgplgcmu
gwucnnloweyrczn
mqbegktqopoqomc
srukzwsmxlueolu
aktsoumaqlsxltu
yuuvvbfnggfzokd
ejcdyxzicntejmh
dmfbiykveuawlpb
wlznqmloqxyztmw
jegtwqalzvgdirw
vwugdvgmqlcxcyg
ruqwjtberftwyex
sjfcllgklikgiqh
cgububldzaufjdo
fkchaoqkvxpzznm
vwlpiipngnqycxk
mmazlvlyagimwza
lfzhpxbvxjidcdp
ealbvpniqjkhccj
pcxktfkijdrwfgz
fkmpqxtrweyjhos
fzqzgmwojzgpsjk
mevwwqqyezdsnql
lcfcfuxshmkthoe
txnpziizhzmcdbg
pfehubgzxlilcyx
admqdhjxtdcycvv
frsgnpcqstyfotd
blvtipwmigutqoy
iiwydbfedwrhwyx
urfovzdolmtbeoy
fdklrecgrejkelu
ztzpaucycznrxcx
wkqrkjalkttfbyq
hjbdcjhcxcpdfbb
yhembjpicdkesam
qlvgjcibgfjpawu
xlytjtfhxrpmwua
ymtjnrbbutubrpi
jrwwdnlmtfznkgy
vgrbchjowjikqtz
ttvktozresehjzc
rsvmzkatfkcvqbg
voxmdxjwarfmqoo
cbfzaiawmxbtmig
ukbotdwkxvhcnqb
uksilgjljwmvyix
tkusrxmmyjoqooy
gnpzdrvgfxsryhj
lycbejqfsxlphiv
ntbbfwkrfzzjzwr
xugyoyczdzrbovj
fzdwrvypmjpivnj
cvijrjjqxqorfic
aslvfgmbeuxnvbc
waqmecmhcrskxgx
mxzfwgmrbhlsdqi
vorcqrpqeykujyp
xlwcacofubtcmbl
dobwshxmoqhtzle
pponsbbltjzpgrq
xiwviqegwlwikfq
uzcdsvmegrnbtsd
ppuglnjcmdtruth
psblezvdbqddoav
kmrxzyerzigdkwi
rkwkllnhlzywivu
ahvnsldfzxrdtyg
xkhdxdrfvbyugpk
hnmjatpwmenjiui
mzxexwhbqrdmwev
kqvavsbrivuhyjq
huxyuuyjktowunh
myjkfzclvuhfufr
jnnrgwsxbbadlog
pxibsgipesmogvz
bvrpwiilgwusvct
mbhcdnguxwojqqn
cpmcgkjqqghgdau
ovmpahaypspupzl
rwbsepfhfdwhusb
jsbqzlxfuglqzdz
ljwoeiryxbkhmsk
czyecarncksmmkk
plxsjdtuajswvoo
xocbrxjakofnalz
lgcgrwiderspnjf
bokhbdhufomzflp
etumfnbntqvzqxw
khmqxqzvblodviw
eljeciodjzbtypw
fqkarnmitkffgtv
kzhfomytqwowxhu
rzngjxyafuyhwdk
strebkpwhrhachb
gunagcicafxzxns
ziylbnsrxzcbdns
iudinmxqudhgypx
ggfisxhvvyhnvhq
aofslaleezfcqag
yimnknlaeizobbh
cbvcmrjzqacejmp
xlthrrqnurxggkf
dutuhprmsvibrir
xjevnjueejaaqox
zetuukkhttancmp
kysueribmqqwiby
aefazkbwvlfasvc
dvajcrqfjbaddyg
ghiculzobwtkfxe
mixvqlviztghygg
jnbqqfvlmhtchna
khittengwxznkxj
syzeaklzfrjgnqp
xkghogbgnntxkqi
ipcbpqifdcfvcjn
ydhabthencqsosv
oqezybotixiadee
zrdzhpmnximeimg
yqgtwgflwiwfvmg
ukhhaltebnfudav
fcstvjzgopmjqid
betrvcpzyvwvrod
rgwnaeahwwyyvkg
tyrrdyzywbxqffv
ggdeyhoanftzpif
mflinvzqtknstgf
pnrgdrgiaunpuct
nytxjupfwvtrxex
psbkotcnvtvejpz
wvwpwjsnkkczzbq
vhmytysirzakruq
zzhsjxjhpbfekil
covscjibssclmcu
szzajwawjwzaxgu
hwczlninamgyxog
jlpqjrtccmuoaxp
saqbbaopmmgnepj
eciyiuiirpvzkig
yyobacnfbhsavbg
hciqwlkgmyvjumn
xpdpikgknwnjgte
agoeqkgmclvlaie
cawkyhgzpigitzj
bxzpxvfajkjsvbt
gpvzgnycktavrll
bakmvevaeqaonnv
zkkceqqnhlvlbes
tdvjxtmlgqhlgdb
zwjnwqownkeeffv
idzoaqauhybddfd
tgcsgtyoctzuyec
zwrthgvlgcyqnhp
leunnwxmytpbbhd
twbjjihfvdbmvkj
lxnuuzyjndwjlct
wzccimznerhkepi
tnqomappcaboyfe
kyifjtzrswksjty
ahonpdsimwewnmc
sjvvdgifcodkqoj
hcgpppieabmokcl
fqzrnqpqzuforgr
piushqqqyfsiayp
gwzwxbdqwkqakrj
ibzpixdtyfbwmmw
qrqirybeqputwck
cgngudfswuealbd
qsuzvzlluxmlrza
yvcsgrckfhneklz
eltdtxmiqmibrax
wpgdmufqdjflcir
megscqhfzszgijy
agihgbkfkkqzhxp
iszvwfwnnzgjkpz
dfyauznbrgytwmq
nrisvpagdhzzljp
xcgssfwxvpmrynt
vawmfduixpbvifn
bahwjyrkkwpvjug
lueletpvuifuaox
inlcpopltlbiwzj
kikamlbwxkecurb
ohbpwdcarjplzap
vdhtgnehaolppmj
xljxdngqgxtartt
jehscypkmsmcqvp
vsdcpiqfvlachvv
wefdxvbxnxcuzbm
qhvsasqdyixqtav
mxtefhihbwyhtil
cykfeqyturftdgi
yavpiplopwgzolv
zmdojbvopuulyvn
vgzaeutbbaswbae
iajjvdjtmogeuul
kakgayyrrwcncgg
xqplwoxmrqhqtkp
zeyhcalaaannuoe
czzjsymqpmkokdg
pzuvzvubbeablbp
oexeccjypgqalun
ukiwlbcxqxsurdi
jhevjmumglcreiz
koxxanipsfcgsra
iifxvnwfwsjqnne
bosqntjkuggwkig
zejoyxvpovobavp
vmdxoktwfvbdpze
lmtzvjvmlbpcxux
luasmntnexkhnxb
yctsutmjacukjhr
uqxamgapokxahib
lsfspdoawfkknbi
wpqrnfcioyrxnvr
mhuytezbntjodrp
hxacfcmjsfgzeyy
xrykfyfaxhegexk
ydwuibgqmibaegu
yzjlpssanhjaipd
dtqmsbzzpqylctl
uusjrafjcldzvzn
duedrtepdrrbnzs
rbizamrnyyvwimh
rmatrvdbybtqvls
qyzumxpwnnlaayt
mlfcwurrmzdewax
gxiabwvoxwaoqtl
pomaulhvdbqvevt
ctmnalskmmpzpto
vzdhqsrcztqrhlf
xpzccxujhaodonv
gywxafbwxmyhnzf
ydhrgmnrcbtbbiu
dlyxfcmybsnhilf
zqgqaxrxnwtioxx
kkqymgomlnutdbn
ouzfxpphtmxdsui
vdaskumdutqkvag
jyrobtcslucpjxr
bwqsyfbhiynozsv
lounmvojqzuqnhu
bbcsxnzpgypgfje
jazrrdimuekfzcj
sybtowyzicjoevv
wyzxvgiaexcxpgp
veufrxsvdxpfuqn
wjybybyhtamhfml
ivatooytzubesxg
zlulwsbovvqxlqb
qrpbbnedbpkqhln
ybbrhdniypouood
mgrlksygakyrupe
walhioxljllplvw
hidjytsvskghrel
qhyzahvgucfnixm
cdmbbfvjhjputwn
fvqviutrtcwqhss
vjqnlbpdakrjifw
anrfqvzrsvcolbe
nppeljoesikjvgc
kbibbwuoorhdwnb
hpmviyctuyufsci
wuzogrczfavolyy
mgiahuwrsncpjba
warjptqzyswluzv
qcnnffmsohmpxtw
oweqwqqhczghwox
aqqekbczrryybir
nrgikcjdubkhshb
unxbifyujhtpook
ytjrwleqgaywkwx
hydkzlkkthelslb
ycpsuztcjnzxqrv
zxxqwearpfbivhn
vfooiobhpxnjjfd
lkwnvklcaayokru
brstdeqmehvhldg
jtfgojgzvclcyhk
deyupuybhkgctto
iplrwofeiblvovh
lwsgxwulhtzlaru
lhvvoqvqfcpgolc
ewrzuepxqiqhuvb
bktzwytigqpwyos
yvamkdqyguqsfnf
gbiokedrmvzmdqg
xzisfzjhtjuinjp
yejkwyafdbhmdqr
umnypsaxufhmtxe
zcryvkdhtgrzzwb
zexepyykenfzxxc
vgmoosndyiyvlmn
odejqulpdrevwvb
djnhrclkhkpiyfl
cognhgszhygefmc
gipqdfkisjwygnv
asvmruixjkdpltr
hvwsrzxoqtpkvmi
pyrcwoqlqxcnaht
vnzgnufqenxtikz
yupoytvpqzmhmhi
ujiqgprirokgpyo
oclqkdkepnmjsel
xeaabpacfvrkkde
hbkteoakcqwnekm
smeizgqkfbiekkq
upwhviweijpgfbw
jgmhwfkhrpnaqip
vhyddctgydcxybw
ddjoyuqybkehvaj
slnuhbebglsgkql
yniyvyvwgpjesvf
dvmydekdqfzapyp
lhtvaiasepmvllj
wdjhcjyzukxyzrx
vnghjjvgkxmfquz
wppigalnlwhdkya
qcsmhcfstdvouow
humcjitqjmpidcf
zqkuignreorqxay
qabkrjbfujbfevf
joefpvwpnqlgwlg
tezbdbvupkfhjzs
zjrirqwsrwngvdc
zczebviaiomzwfk
amnykzdnkrfoifd
glmagfhzycqymvk
dzwyxnjrfzapsin
szdsnujdicorosd
seikdkqnixghjwk
saoyczjhzinnbpm
ikrsqpvntypyoap
uwalheornrkieux
ygcqdkhyclkxqet
fwnqoqoooihojjb
mroiayfewkvfbaw
luaomiyqvcjhzaa
vrfoxmmogaccpyk
dbpphartdporytb
bpxomzfxcbkgksy
zcsmwinfhfiawjq
jhdirnbpzchadqt
zegppodjdmqcqyv
crytzumxgxdkryy
jhsdfkvnievkfyp
aponmyzmmyugtpo
jijdusidezbojpm
olltdexobufjlif
irtlrsmtqjyfgjz
nrmmwrupudwhffs
ofdrvqixngzxvyk
vrzpnyksgylmnjt
whpahcfaxfmozio
rnhimuwcwkhldap
xmbekloxiedkoaj
fzbwvkdiitnijpn
qnodbhiavmxzlnv
dmhmimoaxgoklmy
sadrlioiwgvsmue
kdcafhrusvdknef
fnqkcslekwjpgfy
fnptzulqqzdnktl
vtldiietpxrjvsa
reujjmnumhgyysf
fbisnrmmajggtbb
kdchqoxxdcbguak
hmtjyqntwvyzpwm
wtvluxwuoxnlldu
pvhmkpzwmlzowix
lsckmzfgufinczg
kxnatxtxsnkltsg
eacnlwzzwskhwgj
hubncgvxrhvhmdc
rzewgffmdkwntbo
esusxqghejxojjm
zrchrdytmvlmeol
fymyofhwppviaxs
ivgqpbboskdoaww
ebplhmzqjsjgafu
jufuxjtmtijhrsf
xmwwvyttcbldrok
hytuulauvyqyney
muuiylaqwaesqbm
fwlthbytxmzmeyh
senrepevyxwnjcm
gamcgcwcsddgqkz
qvnaudouccxcjmb
qjmiqlsrmvucalx
nqwmytdpaaiavae
xyknlempyxtmtsr
qmimdzvbwdqpmkb
splqrzvrfyjqbjy
lpouzupczwvrgqb
sjndwenzmieirtm
xsvtazgsrlhxhan
ejjvcinlycbhvwt
imgsityjbhrdeah
loungvnqxjaqoza
csorjktdlwoieqt
gesykuymwdboqiv
cyamnszbcvpukqz
kcksayaltjwzhqp
awarhizkqumazsy
hkgxuewibglared
hxkaimbdaezepjl
xshobldoizueaxi
dwcpbferzfladbt
hpgzrmwsetllxjc
ozapoqixuqlxklh
mzyyvfnkajpznap
fmqwpwbsyvhrdwh
nmryuwgqajgenbv
jvjcpljrglvkwen
jovgcopukjqrrru
dvnwhfwdhrjxtvp
wctkmqomghqnkqe
uomkyxkngdssrgh
dzlmagotiqzgsud
lhkqdqdsdyeccom
uqutbnyurhfzxio
uitcucvlptbpdws
weffsgicdeesljp
ugernypmmgisgge
zkwteuflpbueybb
xlbxmtyyhozseny
khcjatqtmdyxpra
yduqxhxlodibgun
yhbkypsjgcmkdgc
sggldirjiykywoe
dejpdovclhhwmjj
tdbpsmqpocgcxdn
unmqgawpejcmnki
jbixcvmkewajabi
exlacvrxuaoxwky
uikgryhaynxczfy
wkzkchgekmjsctl
pyyuwqjvxvxuwjc
ykuauiomrhkvrun
gvmofuarznbkpfb
gzuxxqzovlkvvye
lpwnmwmzmnhuzcj
cxcycnregnpultk
gpndvhrdbviuzsk
curdmrmkqjxnhvy
qyrtnbmgrbpbaju
ehsnwrsqzlypnbf
qecjcphtataknce
ltuxiufggggspvo
isbxmxilbqhysje
qruemdsltszgroy
snbexkzppgdfcti
mafgtgrdosdtsry
cgvpdpytxncuxsh
zjdpgjbgnnimhlz
spstfkkbacmcjng
adlmqjmigsiliht
szbjesmeezqyxuq
fvcpnqdyomfpbbm
ttyapkhyjwtpyuc
nccnwygiopfnyyr
bvhaytwsaqvmxyg
lorgtnygxephhoo
vyoajjikjlxslsc
hlwojjzjtrpneec
hrorowqsrlnwuib
jxztnrijdrjokln
reuyxnvhqdxifqi
ylshddfglcjlxac
ppsctclpykcwiti
djcfysqvgjlqrfh
vhhydpbvihlgrfi
buorlyoyjnuezpr
yzaztrsnkfrklzm
nkzazewrmoqxwwv
zpquccpcdmjmcez
ojhgkrzonyoiuhq
zjvkbfeathmfvju
cqtzxfcpsydkxsd
jjlmgxtafgpffin
jztnwlqcrqnhcdg
wpnzxgipdjruzsl
jsnkefucxkqqrrw
utazldqyvcpblgy
xesmwudrzhgvdup
sltjrdeogutwrqh
avjlflqmihegxlh
nhisjjysgzcylby
ckqcjyaojcfyrax
xrgnrrwbiipihmc
vqzbucndteivola
dwyqnymydqhtqkz
ocopbenwsflqmwl
wnysrxsqeaulawh
pzqxgbxqcgvjvim
bewzbdjaauezdid
bqlxmlbnvlktpwe
jzcckpfmqdixcnu
vrdukqzblxjzxhk
qftbcpteffahgqx
apvcgbixghsgfkd
kpxywivprttcvaa
sepvgdybttlfchc
yhhgzcyzsionxwe
bihnyumpqyilpnw
pqselqbleuctkiw
oxsicexbizniqng
glxibpnaedyunck
xkknkqlcwfyezfg
jrvhffwkutrnzzk
renwgfxeybwziam
vhhqdmqpyysabit
upmdcpttytznmcy
okravpovijhyvlg
mreeakwsodvcjqd
ppljzyboduhcjoe
fvickszywcptjub
bboatiwowfcdvfn
kcuwjurcnxdskvl
uqbqofhwjmujfdf
mtldnotcwvmqzpq
lorruucpuykxgxu
czndgmnmfjwmweh
nszzmfzemyujzwj
jrfzpwmkzexvwag
acfnxagsiwuphch
ghabyvcnkzqxyuw
coxeqjluzatqhlk
rqvpvrkitmocbqk
pccohoxitskogtf
yvgkgzpjliyowne
ayihjaytmmdxpkq
srvnpajmzbrkqet
yvxobbcxtvflkkk
jtvpdxfrmespgjm
ugkvnzbhzpctvgo
duawlzeiwdmniqp
wwusilbgdfeulur
buntwawxgjpwnfg
jlpwzfepyqfahru
gtwpmsdjdowkobe
kbgoyqiyzhpandt
liblurtmdmkuutm
mvsgwlopbyszvxs
dcxklxdvvtjchar
umnkdbfjfrjqvwf
fbjxiixzhnhgqzp
hinmwxsziibnxyd
nbsaukrhiruhcoo
ikacglncmltpigv
zhdwequjspwyvlc
wnplqmrbidqoado
hhnbbtndxgypftj
bbadjvwmrlzznti
yqgimghcveyenfs
hqlbaixxytxuonp
qqvmbbmtbslcxlj
fwcmxqhoxsoxjic
hdlxkhyiwnciljt
kcktzjqdplwhugq
icijerckpvcuuia
wewebncxtsdjcki
irwusgkncqppemj
gtnhaagwsieccry
hfclqdvtwtxgeez
sdocbeyrocmenwn
ezyoqiaofsgtgkc
wwernxijbzuqdzu
fanuwiosslkpuoj
oqslrhdhnedkfdd
mdjypvwecybhfcw
epovmtfncmhedvm
dyziysgzinhmfwc
qdayfdwhixatxwf
fhizbxykwcnfebm
fzsrswyljlpcyto
hjmnybcmqubulhs
ijrxsfxrqmhsfcg
fuajmmhotevhsma
baxlslrzakvwkdk
fpztxqtqwlwmzbq
zbpnbpfvidwtfza
dafkwhwswfasklh
cidobzckmlxtpas
ynolveqfvknqkyc
ygbiglxchopcqpk
kdhirjnklmfwgnn
bmzvqykdkciscky
zxydsxtoydvpeql
rtiywxdpwwvvoqi
gobfgzbamvxscas
nguirgmjrwsidpv
dxbzjdozqtwpaqt
mdfwzcmvefsywmz
vbjzbaqjtjrjbto
uiuqbawtvekbhcx
xgqoqfklgnzlmri
xefzrupsmwcubue
bxkelchxrgwwkbl
juaxitphehgiigv
tjielaosqycztjt
qnlbfbkbdpimvjq
hovrlnyaneiojsr
dsxvlwldejhvkng
hakxvuhtgnfgpum
gflbkkfuobgnvds
gjrixjoovcxnzrr
yrfhjjtiaynpzqc
icmpjyasxmvwvpi
etryawrcehavzyd
nuqxznrqkytawug
gxuwytlyedturvr
zmzgztmzqzumvfk
xykezbrwrxkpzal
dmwvgseggrrxtba
imdimltodmvgqkd
hnoqhvqgedycwnc
ulogmydlykurbic
sacumtcqvzofklg
kdvuhiudkcswmar
xbiicgojqoltukn
dsufvffqqalkche
xdcxcwsyqivdxfq
uxvnhoqmwslhuez
etpelecywohtekg
dxibzufljgulbjd
vkehyksoyhhqnft
ubtbbrmnykmxesp
hrstrpzzfoddqor
phvcgevnoitqfxt
auyxcpzbovzatvw
cufgjkwbemrolak
gqgvnzffjawizmd
lipapvlytupksgh
pdxcicldvkyvxgg
ruxqqpkdycsyosw
vvwnuitlkssmjol
cfanjakorjqjcmm
vmtjrwwkzdqpqsk
bixxuunryennlqk
fzstnfrqriegbgs
zirekfyzebvpslc
oacpugztlvqjhoe
xvmcmosxyupnhli
fnioyoxwbzechji
cmansigmjisamii
oxxfaqhmdnkajxa
opoykkbhmjprfli
egdcvfxoroncyji
oumfhdutlmjcgsf
kinjeljofputmoy
kilyqadqqmofldd
cyoehsupsuuklmw
pxppzcakkwdpdbe
xnbesofhbyhhhoe
anpvyjubtxgxtqw
ztwhbnppnfndqfk
munyqwrxdrwdjxq
cjaedigsmsadksy
rnojklbozunvmqo
fnzdtbgaqbtspqx
yukovcvosutftcg
mkgauwcngrslbwi
gvncraavidfyuez
whfjqebjtjcdnmi
pghtgcoclspqljl
pmveavdrwefhxbp
mrzjaxxiwqylolk
hoxlrlrmyphozcx
viotkakdesjaklg
haagyqqnxwqbtdp
iipklsgnliwfsoy
xfpokkbsgnpnoaj
rkqwvsjwexculfh
ndkhsvavnisolmt
goehxcdsbjccsuk
umdpriaxobrphel
thylvuqxxoyjttq
cwylbfxzkggyruw
tqzjxuvoerjycni
btoawtctjjowrsf
jpjiqsequqkpcsx
mxjjovoivnfjzjt
zvmhzduexgsbvst
iwqnlsivtbqipqx
oviwxtbgdyrqpjb
ynwwkqhkpuncibn
dcrzxnvdgvgpwed
stjqzfvzrdnveze
naymbrtuqfugxeb
sopdfgiaaleciyq
arnwuqtjtlwpser
qwsqrasbjppyklz
nfujuibnhbrgnrq
rltjhbcbnurcdvp
giltqxjemfamags
avoyylqceqpkplv
oixkpngvykdhtjz
gdbpwwlcufdofts
evoqirlejbyavlu
skvypylatsohzso
kyxjexrtkzqbimq
cmjljimbksjndaz
sdbkifojiquefiq
rrvuhszxpryccfd
zkdzfxvqaooebyp
mnxcvejvqbrjwsv
xywyqfmxdkghsij
pvgwpvcmbltenwi
kipjjggzdktpmqh
xkhtniyqcoewdug
mzhucmcpizwsqpu
uudcxgqiodwmntx
rolqaihqgzzohpg
jizlwygkiutmgdp
felzpubpjcneedp
snsvottttzokgko
pnewvclfcrowlyz
zxmxbokzuwvfkio
qjqrfmsxhjpzxhi
gjbounndhdmhalp
okebkuptfapqeqj
wqvqunxpeaujqvv
frggumlmogktrix
fxpimzikymrimzl
zfgcmkandtasjbq
jkjcfneczooqtif
avbaqywvcueblpi
uvossoclhlrkrju
xqruxoihkgldefa
yjawyikzmpborot
rnfpcrnytzpdnhy
wbpxqgmakvgbmur
jlpynwevvefupxv
rsmvrvulscbpsjb
sixmzctngfuaxvu
zhzvthfmmogmvpx
xoabhlvjzepnkxm
tmvbfuyywxexerf
ncrxzbimcumvuds
jsxggxlxvywjrfb
cfaaindrffmmhhn
jyscyjxmjctyjcu
vxinwktwplygvjm
sumkafbtnwnccdm
jhpbosseutqckwf
flzbgwrtffaefuh
hglouaaosairqkf
pkudxseqvsjpbft
teuwhickpwffcjr
cqrynmmapjxtkdh
qugkwhjxoguesqj
bydhmimxharruen
wpdsuuvpqtcxpoq
gyqwvolkxjqdoby
zbrxtqwljxnwdva
votmcgssgoqoryx
jdpcxenxojljutb
daxtutnwanfrhou
ynqdozxmyievpdy
czcokxhwdjttpoi
bniegsxhysbodjw
byllgdxuffqgjye
hlouakesppvxosc
cgyinwfpkujzcrs
okwgdcnrdpxlswd
csbklxiizudgikd
whlehyvaxfxdsln
zocuayospbmtomp
auyfmifjpuqiqoa
vyborpdleogexyd
vllnbamoxjcnrjv
jhxtorxqhbmvleg
qsxzpuymovyabtn
jxkiilpfecxypxz
vhqrwibkrftkauv
xufkoemrqlrhohm
aizuqcnmrcogvzf
npvakmmnikupchm
avximtpezxupdff
hmjnftggzfrzxup
ukhskfdvfrwyerb
degfoeyfvziszmg
wdegvgontzkopbu
trusyhipxtcfkjq
wupirkfnutcalll
tnodplwzhjgavoi
nfudrdrvaeaielj
jcfjaeecjebovbf
nfaiyphzodmrllc
zvcmelrzvojjxcf
osehdangzgzmtoc
llxqpdcyjombfkz
lhzgqqucbjlruwu
rmsmppvhswkpayo
wkjeawqgpakvfoq
bieudrnedrhyaup
yzxamibdbgnnjre
jwjppmgipsahbss
bxwywkdmughwcrz
sntbetiohunugdc
ugcgyiqmljircps
dsrwljfkxhklowf
gcnctbmzwurrxkr
rjwaedjyegxzjhw
browxoowexokhho
fxmgcpoiubpjuqv
ksghawmwllgbblu
rynfiktvuqscuqm
lygxeqqsdbcdohw
rjcrwcaldehoaaz
zeubzuzyttjbtqi
ujekzjynrsowmfb
dsrgdcmcezpyedv
lrudhlqloeegida
yfiaqwigfuzguhq
iolemwjhkvekzqd
ykvydsflmkroeog
zftphpdxighgdxm
fbhyebfhwrvxivb
ggaiiagpkivtagc
cbydtchvepfenwe
yjoftjfprcbazvm
nfdnmayykzsrreq
qvujxdzskmorvkf
rhvfugqhrpwidbo
mhwsscddjlkvqbl
obwtjjxrvytkfmq
pbqlpcuearwwagx
tymstjvxvpjhfij
vdclydjycxinreo
ouxjxxluqlpagty
mjvyzqqyvjratxl
tbrbrmwbrtbxisk
rxhwskfcwfypgcv
irnomhevxqlagis
cjdrfgzamneugcd
njciwjxachfveie
hqogsgxvdldugvr
jzbpdbntnwmcxml
dcbtdxpmxpyrxyz
srdzrvjpdhtuenk
qgehbfwxmeqbqxw
lfxepyretxvdvic
brrxoydjuoayqbd
tblslluogcoxcyi
ngrdwfdpmlnwoam
xwrxgveozqujnrv
milqpnlkymefzbz
heizhjzaxgoxjks
wexdnujbsgbjnln
awekoefygiutxjh
qgvhdthbnvcepfe
pforkckpyesznmt
kumhtcpnatjxifo
zofxelmjywtvasa
ovpjrdepnsbaoff
otdjxjamdwlwccc
kwoeobleeafucis
oawhizbukgcmcrk
edofnuwrzjhfybg
jqlnlzjralsmpte
qjqficdmzeyyzos
lucjzstobxweyxw
uorzwtonigtpkuj
fquenqcxmuhgznj
wzurhwuylwsjysf
jpcnluhxxjfghkp
pgxzankaftdvtxh
enwokgvysvzrjvy
gkhxddkfgegmqye
ypjkejujxtqarsj
dpbzrdzrbunovxh
hucjicdfevyfapy
tnbarfjtnlxaoho
hlmwyxavbwudlzl
vfbpwtvxlakscvd
wjiqqtyhakgbwht
bbdgxqmqmwofwgb
kzhvejjtpndjjpz
hancsdwrasltphf
bsnbhnwgihlyysn
uaoabsxjpebmrxr
bwxawqmyfrsylji
gdkhgqfcinfldet
xdpsjkksuuwrucu
uqplzzdxiybtabm
bxmtjagogrsupxu
nlqaiyazujezvjy
aovtliharqmibsv
vtrgabreevijnah
tdzwnohjzxffnvw
vewgtdoxfwjdmim
vporrkxgcivfhao
mlxwyctchvtvkxb
ithfrsxnvxfsecf
abzksnjijpcivok
jseikaibselcdnb
jrttthfqbuezavn
psbkhrioboarwjy
wzotvvjpwweoyzq
ifhpsrznymxmhvs
ysrwidfiietsanj
nnfqvcyncjvrkat
haxogokcjlixppy
zkcbjpwnapcrnkh
qcwngjyspjiymju
lpdjigbeuyufevk
lrngpdbrutbudrt
vqmfrayxjnxydbk
uvbqcetxltqeurg
rjofosvltynspbr
cxerhbpdojmndsx
fwlaijjkcthwlzx
hbommdnjfrikfsz
ldckgskxsgfbrlf
xjnlqyhkcnallhv
zdgpvhdpfnpyfjg
ljukfidnhfughrp
sgcnevydrouibfa
vdquenczlkiaznh
oqdrcesvwgblery
hzlndzasldhveea
gavqabrcxrtyzwc
qqbvpvugoluhpsf
ynisvuljpsncpuv
dvyypkyzmkwtjzo
chjwfsjgswrsynw
vwnrenlowyzszmc
crrjiqekemabhng
jzncjtrigjebpiz
xuxybpygcgacada
zjftvnuukmdzyne
zrfzlmdonrgbitu
qgkkgawgmoqlpnl
njttizbkbvtahlt
uetquzcceajpgdg
vqkxsecfznfrxnr
ufmpwleqvcrjkun
rlrpftwveazrlfp
tutzpxfrmaewzeo
ritgbeggnxrflye
xgjmxvhdygpoahu
ozzijuistgkgdhj
fwvzzzaxnpvzwed
pdqkwnspczuvvbl
excridjjxzqkazd
vzypzzcjkpekozh
vewztnououngndu
iadvwyzzoswrgaa
axjoslvmhbaqhec
ilzjkfvxesnruux
qufpbnjkqtiogme
khvtyizpqrouxol
ijyxnykkuqttvcl
nlxsmcrrncwgjux
foslockzqmkogmp
zxmhkrpyrruoooe
eekgknqfgstcmra
uvqoxkiibgggcel
ywbneqathqkxqvl
btxhxcnigxpofad
rghunjkmlmpdidx
vqjneorhidniyqa
cuadaattikuyqlm
kensfhoaktpmuhz
pzsljpokdtcpqop
twovzikgumramzj
myhgjyemywlweqd
fillzszulxtxkgs
qfaodfofryzpxln
mdyyhjututxdsxg
htiadwpuccubnxx
wfiuwiwwijkipnt
hopuvdgdgwyqvhb
qaeypvtxybqfqoh
jklakmicsjimnrf
lwljreqigiwzyyx
khmvqklqffcewtv
xwlexygjewqczjc
norajxfbwapwzsx
fhgagdpioriqaif
lginlncklxntrfc
ignsbdhcplxcuxa
vmqeakjhepgdrjg
rvemvqosbydcrha
fwobgctusddubhg
xsjtmlcnqinhyeu
rwfwabtpxjjdnhz
foiyforhfbqkplg
wxfxdpieipqgjaf
wkmhqjdmdqxlklh
bhbdpvlmwcjuvhf
ndjltxbhwivnngj
uononhrkbmmzapk
euyrthhvuxejybs
nkmgbnyvlyvnkle
bbklkwbmbkxkpkg
wkcubeudxsfwupx
sahwnxjfvxxgahb
mhrxifkdgdwrcoo
fhnyulzgxkuujpi
byxtkpmoxsbzpdg
jwpsnkcaxzixhaw
eihzgemcmtpgffm
lplnrbazzcgiklf
sipnomrdawglimu
svnxfeajonftwfd
trxoyklqwbxizpy
nxburhzvqilqgrx
duffoktdoxzyyrc
ojdnznhndwyucmo
apfrhqahrtppurh
zieakgjbxjvjmkk
bplbfilzwdpmdyy
xxicvjfyyjiryes
ovmggzylcyuwgts
kmxsdffgjkcdrog
wmkvnospbyvuktm
hntenffjsxjriwa
byckoillurstgnf
aweheotezrmqhpd
jjqsunvbtcxbgnb
lsrkjerpxxohzfh
fajtmhbzptgmuoz
ivitwaluegxajde
ixfgqlbqomagcmq
aloualcwvbtuueu
adggfkchtvojqrd
nhljuofrmtmfrus
bcvzhzwmqteitsc
lfyoefdkcybaeyr
uzxljyurxnqxeit
kaiddctcfljfpht
eipexqvousingsv
fkebmkugutxrdhs
pmidfwtuwnuvuxl
gzkzrykquciqtgq
qmarummcjbgtyzh
frpyyhdswoyuodi
fgdojfppfjqbitt
yvwyhdkyfdrhusu
zkrklczqlyfeqfd
fcchotwlvqxfklx
xocolxpwrhhboik
fxllfqnsywranhe
ekmofrfvqkshldv
qvgyotcxxtuvzqx
twtfgodvqepzyjw
zegmalkcqgchmhq
zhouwsmkwvveybg
yebbmwpeepgoxoq
ypyohjjypdsirgt
dvntwbnutyjpzpq
padyeadzutkympg
yuylmkgrirkweqm
xdarejqbgulsnbe
dxcgpavgvwnktjz
fafcjztaixphcxy
xtbelvtynbpqkda
offgqqjvoocopjf
ynarultdftzfavl
enoxstieazsjctp
uplfjnmvgcurfnd
miilwirrltxzfzv
pgtiehkayeyjyav
dpqchuwzthaftjp
sbmkeiogalaataa
cyddcqvwxugibrp
ukauzufayveqqfh
wqdtklakxnaroeo
ffokfzlglzdclkz
lddmcigiwenzcsc
zmdprgypxhdxthe
rlabdmjqyxstwmf
olfznimkrfddvoh
xkrydiwmiebvlqa
bbyduvcjobevuuh
riumbuxrrmuernl
fzilwoprppofhxh
vklxtrtpmjwmkng
lugmuumbloipwns
ojovqfrljbuyzir
hfqufywszmsimef
icfkottadaiewgv
jnjrluuyrevvmyd
lopxywhhiphguht
warykdvdzulawjh
uxcgxwtxasuepkh
bhyagcxrltzmrmd
wiieawayogojkja
qtteztnffqivhrz
fmydhxwfcguamag
hecutawgkmjeekb
kfvonbmavisuqbn
hwsxpseshmegvbl
rdqhjbukreocjnp
wxhtfqkblqozkan
tqvjndovcujhsys
xcxxzozcjktvgdh
ymgvotdegapvyqt
qcvjcbfqoxhjaca
pvmrcvcperbwdhu
ipggwdmeqqdjita
uypmefbqxbxogiv
tkhovhnkhzjrdnp
rtwypnonlraiyoq
yszmaojwsfnzqhz
rvvmgogcobweqlu
gggbttdueyvdcpa
sdnjammqjvwaccd
lrojsrxwnkpictw
apbfqgcqmmdcrtp
ddfhhuylugmqcvq
udwogogduabcccd
omtzaxlcxqlhdij
craqrfgcuklkzhh
hzqlxknsietqcfr
kukpeprwnbitbbf
mkhmonwebvuqdaw
adenyivzncdzqup
cdkismxsmcxjsdq
tozxrpvfaibxoiq
omomlhegnoestrv
incqqttuncmqvxy
mueonbbdxoswkma
dtcouqsyzzrcejp
tqhszgajbbwnvml
flkxtipgggnitfu
eacvqebbwxpndee
qojbgbtagzhkomx
egvdbacsfbyqrbd
emztniqbbqznvwu
dtbrgyqmdohwehy
tgyeqwkllcakpnd
euqymhrzowgbejl
kuslwhqiwlznmjt
evadkfghpnkkuqq
ptbgvlvbaqkdyxu
kvavdnlgrctpicr
qfepwxevxxggjnp
wfcbwclossykyce
jtwfmgbfupkrtsn
ycthjcfmrystlkr
dinfqdbwdlefhsm
uwmendruwzmfmii
okmyxejbcuqcuwn
djexyuoqmgovvhj
zrknrpohexuvirw
oohoocfniijiakr
hpiobhherqqytrh
nyplsnornuxkaln
brhbhocqezcdufg
yblcckuuozqwuon
avydmuwuudvohts
yatquppxcjohcvu
jrbgnvexgbblvvz
hpxdabvtvyzsvoz
czgrognwhbukfir
upolzpwoqugqofc
qhvssmrqnphjlss
svovktozcovweob
sljmhbokaxgfstg
zdobixjwhmeensj
slddyaocybeaisb
xtyahvzmwgawwyr
ygtzrgryjfxgvdc
jccomqffobnzeol
kbocbrfxdbtmavk
ggqnhvvenwcidfc
zeudaoatpoojkiv
dkuqwmqjaicmexb
sjzfnpyzswopnvv
pcftlyxpoxsmsrm
rydpfyrcvcqmcsy
owiuorrogmpdmmi
brxssmuihkueuez
tboowijtzfdtvpb
tpbckodqytedmtu
ymsjnejknhwzkxu
riwlfncfnkpvkyw
wsymxkbdccyilnk
sqtvzxinwwdenmk
nhdyrphhdiqgmxc
ugbeaxcxfymjcmm
ezweuvupzwbdadl
hirvqyqbnbwsidl
wjnjxtsjkocqtmv
tvjroxlbkudswza
lyphpzigkwsbxrd
iuympzdipegfkxo
xdhvmbeqqinoron
lgniljgqkbxlrkg
bwifcsvopawoutr
pufermzkhtjytzj
jxgetexwvgtbfiz
pagtcgeuqrwzyvy
xisfpzxgmulldes
jzvdrygomvocvyu
onvayrxriqevmaz
xwiuylbulzgmwhe
yzhlcjhcbsjczrh
cyohqmiktujttmf
irsnhiiysoetxxq
hrorgmobcnlxsys
exwtwgecbjyiskc
cfudwftqolyjxyy
xswqiyzlxeauayc
wxckebuyonupqnn
dzgufqmwakrsldl
wghtkhkngxdwhaf
jzdrwhlkrcfvpeu
cxpnvwxisagsztu
prusscqwylpbewj
ozrvsrugctvodij
dgttlfdqebhxdaa
vfhbqrcabhrorah
bsbvmzedudfhlfv
myekvcxrznqwzoe
lzycyodylbfpuhy
xjnxxnxjlqgdevt
lspzajetnxkcgfg
liklkimzkchkyjt
npzsxrnpqoencyl
vozzqyqkmzxuqqm
pcdqdtmknsyofhh
luoqajxvhflvrcm
nmmuqplnshmcnsd
ellcbajdiqywqoo
cfusjaqctodfleg
ofioqqvkrndexrc
yehavstfgbrfvsc
rudngniblmnekjs
osmsojowrmcynir
yilvulbmxlxedtf
cwuvdrznbrgwyhx
sinifzcmunvasxc
edmtmsloeswoxoj
rcubsecmasntuci
uaxnlfdisfmvznv
hfqwryvfkhzuriv
wnoxdbboohrqmxb
aahucfdzriyyrnf
escjblxwkmsccep
eblhrwfxpofzvsd
yfzydpdodlfcunw
rhalrhzwqgogpbn
euympnuafkeymoi
ldmqeleltbkergy
aojbqijmsapadpb
lwlzmgajyvrzjqm
ftkbstqoiyhhwrw
mprkjdcokrjuzyu
vltsthimulspbaz
eyvnctvlyvgdvhl
cbuboszsibodatf
ghopjiqztaygheq
gafpusxrieqtngi
gnaotdxoomxxmrm
oworexknewmesju
oxpuxbpzhubmavl
rhybbnvisssugid
ekxjgzhrylhfrbn
laiffkrdzwdfcob
ddgubvpnyycxvvz
txlxwbkqnnewrbn
dimuomuaqhffjkw
xdiszckigdvhtum
qrrsnpmvvvvlbia
jtduwandhvwfqjo
emodtgkvhgbueov
hickyjtcjdvmaer
olptjjsssztqjrf
fqyeivxplnjmsat
shtbqftanqsihfe
zsmofdtqwpshlqm
xnlcqgngxobzrxu
mhfmrnmgrlrrplj
ijtjkswswhzwhnx
wzrhfxshuzfphis
rggmkiibmuwnlnh
peixxoetanptiwe
paweevljxjcyjbu
wpvcassbusjnvzh
wgkzmboeeubmqtx
hlggumdddmdyrla
hohgkijosbysbhj
obfhqvffonuypcw
ntmkwmtjhertckh
wkaicrqdupmcrvw
tcdwdfjhzpyaidl
dogofabxhmxjzaw
jmwjkjfxdmtroml
njvhudzjqbdxcit
sjghfvinzhibguf
nyysujsywsucvzs
iwpxpwbaqfeptvu
frbzdjttfaqfasr
dunqosvmsrnoqpw
citxhqddtzrhwdn
oaxdfejflvsxuij
axysccrlwrddqgw
zarkoedrepvwjxz
gbkszgvjohfjpsd
pvgsspjdzklvuza
xjwhhchmtcfkjqi
dfjqlhwemzsdhhm
inrrclgfwcucsxa
yuclnzvsxifyemp
oazmwjmtuooxuag
oimaerwyqpsqcge
gmkanstenntdytl
nvqzmazysedejio
ceovleuglgeoqwn
ojllimkpwgrvvgf
xyvjrifmivyxqxr
thckammyivknnnn
osreushgcxksasn
ljjkdagwitrlfpl
mcqooxbmpkakmip
bheicysarmfopev
ibkjqpqxtisdilw
hjbrryunezfilks
utiivpmhjquaphx
mtppjrlxotclxtt
ljxryjyfwjkyiwl
lllhwaxqdjuzlhm
zdztstsiijpanxf
qjzamwmukwvccvu
tkxignblrafjfbj
rqngovxxpxjqkbe
nmlsehgdavtsudo
jgikamjczcmrrzy
euvkcdycwhexzrq
vewggejylwljivo
itbsnuvpykiratq
epsozgrciityrxb
hgwyxmqapbqpyae
dwokkkepzdsllur
kxntutlsiybbeoq
nrimocsxfseuuar
enlnamhrlfjisyg
qfpmechhckrqypc
jnwhrawrglzeooy
ruwvrchhlabxjkd
hxoshasugkiirdj
vavcfhkvsojsmyd
bspuygnekznbpmw
jhtahangauvztls
gppqcmghnitasei
gwsjqiomjkadgeh
oytisischehasop
vvmyntxshhvfhou
jliuvqbrlefsmaa
sncnjelhggnabry
spggtxaitsnsxsk
fvkvdywxhkvpvzb
cgrukeznasdxfcf
rvhiebudislvsfq
pudhtdaytjpclfk
dwaficdgvikjkhl
ypiiltshzmbcwch
nzuuijadfrduskr
pvzlheawzhpyzrp
fvpixvkcrjerauz
pcuykvrwfvogegl
ofesszgxliqiqgz
tktjxgsrzrjdybm
nuvgeyveyzkflhs
etbglepksyowzfb
pabsstgafwtllte
nlvssibbvwaxhrx
mauqqqlzthmcgly
eobyxgfganipjec
jqciexxnyqhhxqn
gjswplhaytdocad
lfxnsgukrizsdjy
vdhvnukuowfcytb
wvvpcgivvlcqdvi
bllwomlmudlbdqk
jddclojlvwkxzng
eaobmuymrsdmffk
tuubvltmwyeqzqy
psldizykithwtrz
umsteuswtrlzteb
vpinlbcrrcqadvf
ufdntzxwnuozifd
tadpldvulpnofcc
chplmbhcvxzhqyb
batkmtnoholinin
zzjhdldgvhyxlje
avyvrztdgahheal
nmbqgeaczvgscuf
zyzrdqxqsczihcg
mffveiwdtnxossm
zynimcadybltsiz
tnhpoizizpvoqad
hbapijacniegrcy
phzavlflkbrmbil
imveduahhnjcurl
fbvwprtewibpjsy
vvpcfggxdvarvum
mfcpiacvpzgrekj
eqwjnoizgglnzkm
wikyrlhieajsnen
kuqsobmdemsppde
wvwrsgiinpgvxlt
mhxcvkmtgyztxoh
nnptoxebmjiiuic
ugpyltjjjhgknai
lzchxcjlfczxddl
htzkgnsyrlgvucf
axgzfpdvjshlthh
iljajwpsrzlhgne
ywefncyciqzcbfs
oezypthqxuhvdij
ijyejliupxamtxh
jxbujbugbynmqdr
dwhwstqorkbvwnv
hvusrnnyinypudk
krfbqdixuxsrmsm
jhnlyzyghgnyhys
xemteuwbkxrxrta
ddhklgdtxceewmh
ihtkoyeirzsqrvx
afajggwzdhmgrev
grzuigattzoihcb
fvapwdxicouypnk
udlclmfqzyvgwzl
rsgdtivkyumdwld
rhqzjoqreybvoud
obcbjrkydklpmkf
hgtejqjpuotpdbp
qfnpbxplqzdgfae
ouijjukfapexnoa
kanwjynmpfoyvfy
osqglsvymcvcuxj
ukvzgnzhfsljzvw
amlnnsvdqpxryri
fplqjsokuxkogto
eclkqpsayxfovxi
hyccnarqsnfafiv
upbqkgsystujfob
xokaehftbhntufc
ofpevfjirytrvxt
mbvgfxyrvdacpqy
eohjjzyaajmupyq
jshhtosgxfzwqey
pnkfizyfrcmgbbg
biclfhkeokvfmtq
yymnoqdpzlzbymr
pzfhubfyvqdjbtx
ljeivmgjbmumeqv
tbvobxqdqslpxyp
szefxislybwcxja
crinloqyzsgizfs
mhogzcjlcxpwcjr
krwcnysnwcixbwr
mtswokjivbyptkr
hzxiwqxexmkkebh
geriiltjixoxsmr
xtneyruztmtdofz
kyogxdbpfknhumj
dyebqzljegmvxkg
ympwovvnzxoabjp
ukqzzzwxngfhlsy
eqquilhfjcyqtzp
wmaiezuwkclxisg
lmawsbezqzatnjh
suiuwdnlnyvgprw
govwvdyxkqdfaoq
iwfeadvckbvwtbc
uwjirdwxpjnfvcp
eofozwtxsihwlsn
xovlrdltevnfmph
dvfuljijhvrmrjs
agmofvhaidbsxpp
vzejgtnmkudhkas
iprngjxnncpffhj
xdvbkanptuykixu
dyhbvmceqrswzdg
grrnerrxuhdhefy
pwjjocwicbfozek
kpygwdfvyuenzrh
twwohvqpwmockuj
hgspaxtayammnff
rezrjbjbfpiimwh
hlmfpdhfehfvjnj
bxbdgdjomicebto
tjkfxdtyoboatmb
jpheuuhjblwcagu
obvjdvlrrqpgmje
vzxlyhmhcuuijjo
pcavaqnzeuhcnnb
punqamkxvhtatzk
euwahagbqocnchl
lmemxemchutvofl
reoverpdqyiwozv
qptofyprlgnqjzp
gvcetirongglsao
vnlthookfvffonk
wjczczoikuggspi
saxdezilchpsvew
hrzoyehmjvvoqof
kuafmhnpndvsqac
wlhceszwxscdkev
haupwwgweokdovp
zlkbnrznelxdvkg
svqgsykzupznfoc
ooqfzwnkxinshbo
drcjihuiqwjxlfw
ncyljzrvbsjvlhu
jnlsnkiaeuomgqt
azlkkodsjforynp
atbmwpiykxduxqd
mszcokngvplvuet
jcnqrennwgdfytq
dbkrsuktsrsnhqp
sxqjihunuxsehqa
etxfrfgsdsqgqcs
pxuntrxjgtgfioa
qhyxuxmpvqquazc
tiwrcvydbiaevzx
zqhjsxcwvlwymgz
hmxhcpefwicejak
fjkfzgcdoteyfdn
gytaxpakokettnc
zbbxvkkflegeafs
ehnkphmdhwznpil
czjcjefijzaetpb
wtojqpzmlartfcc
guperdnnnjyogkr
uwowtpexbacqcbn
uzgbvihsgbfdcll
klwceyxdummzgoy
vaonbmontgoggjb
ypwubymnmrltdzl
xgszktlrzvcujav
jfkxwasbymehwmd
xoicsycuwyflsnt
omnsvyvmbrubcyk
qoghmhdhbwrmsgy
mrvtqpgqrcxrayw
zqrbynmocqvzyuz
lfixysvipgvwase
solzwuficvwpuef
kdjwqnxahiamjcm
dfvrevolyvvpvfw
cweuapppkvihfcd
oerpycfdvzgziap
wdcxjyilsuapznn
csllikadryphrgu
edoshmcjfpalfoz
zxqlrqjqzbborsx
enqpdmiicbyhybs
nqqsbdozgdcvpaa
zvtavuesejwrxsj
tqfjdakhtheydqx
jvqrdlbclhbxyzm
sznokjicgmbetyc
sslfjkuljpvkvlt
pfaolhxzzygjhfv
wufhdhrcjnnvozv
ewwinettubgoxco
slgrdywsmfrnwhr
bczxjadisqnqzac
pfqnzlewhcxwchm
njhkcczmkpqfyuk
oxuuhreacfmahcp
lludsuywqnscpzy
hhlktwpeajvvsxw
pqgyumhrolcabrs
bmhfypefhniokys
xpprpfytywztrzn
dbcqeajkigmxdwg
stenanyvvgenxss
bueqswaekycveib
ckbmwsesklaoopp
vwvvmuqeuppoksu
fvqxqpzwidgfsdl
vkudrdxugbozclc
ynfzcqbyynaxajb
vuipmwappmyckof
pngdzlrmrgjgkiv
ctuhxdqbdlpvmcq
xkekzhwlzgqrcuu
uuwcgzdfwmkipdv
rxgmnhkmbfgzcxq
dtkhonwnwompemc
mmzsnkdemuyzjog
bjbdffihccvkvef
xubbqziqohjjpuy
pbnshmpkdyoodbf
cdumeffvvmnalix
boibiuuoacsfcxo
kumlxlprpugfhrc
gbpqxvhazxsszqo
zvjjovdkrsyocxg
zglakbjelnmhgol
xvedoltfcurebtk
kglkjlppssxktjb
tkecztdzahpxutf
kasumoersaohfzo
peychljzoxwxdvj
jpniblchdbuvsew
szbenbqzdrnzedg
wlmwkoyqkhjjnkl
vvluygeselrozms
hhcpqchdttpjdxw
vmgvyivyxfbxocq
difhwqauynvslil
okzrvkzoqrcjlkv
hczdhnjeaoexnum
pimeglhhofskawv
inkqnxjoenxafnn
poxnnxgqwgrjtef
spdpyaydbtyyhip
woafeckerfcvbte
cdtuncsbnlwwtbv
tgvlwalgsvrxrnn
zhxyjunbrjsredk
cvazwsivonpjrxc
ebaaefusibkukzp
qkzltzceorgrffs
zbklnipfnfnupvo
azqntrpgvopjzqx
secpmmxvawdldkh
ttcmmszpcuiuzah
tapciebfzogfqqe
zjjuxbsfftvmaxg
busdymwotqrsnxg
orizokxorueenfm
ojxgrtatsrumvjc
oskqvgfobfzmeby
gcnimjdiywfunvq
mnjancyzhjvbzui
fhubpxxzfvyzghp
enifwjbeopmklot
kspvfbbrpyneuxc
dhdbazzbarskpjk
tuyhtckcptzvexm
lovefinvkktwkvm
vadrnkixojpwzom
qnkwiwmyqzfzpyn
kblleitcazczsmj
gwcwchroljpsijo
nkbzpxvfmeihbrd
nccnuitcniprkxg
jpottuipgqxogzn
pjzjcpcgyqxfkmb
hjihkbsrzqvszxd
ohjicndqbidipaq
sarttnkepoycnyh
crlvhcnvcihtgne
xqfqwalrnaltaxq
sxzxugxbbwqmbpl
rutfeqihbsfppqu
uafbhnujqdkbxqd
fcwavtwrhuzqpjo
dtffypdkabdxygf
moqwehevkisyhez
wugcmdedgqupuav
hvlffmagaubvhka
bgxwyflwyzqdhci
cipqbnlhniutgut
jzceblybmgdrghv
gglhvweqeyzztmk
llsszyvsphdkqai
cbsisgtcbmeedet
zqxxfpxhprhrwep
qnrcydzuvoztcvi
aojozfqlowgvcvu
ksrlrrdcwrsvkmf
ikqdjellvilvbbt
hwgdnrhtktquure
ixcrpxtkrfjjryz
zffjikrbxguxtyk
zbqprflepewxhgp
whyuvotwlymgaey
hpwcwajrxxuclij
ymhywxzsjbgwwrn
jilpfuzjleweurk
jrlbwvniwloduky
wnsivgnaexzvfwf
cegfwrwtiqwdplx
hoglmakbrptmikd
skpiflhumlmofer
csgfcrmjdxxyhde
dphbynbpytyzlag
dhdczeqilfhjsdc
kjhvvbxnoluxksr
cdtjwpztmasxuzz
egqasitsidyhsiz
muzcnxuwcavcwwv
dtfuuitknvrzzcf
wjnrgsnvnhqazfv
vepkckznmvfdjid
qksksvestlyvrue
avtzeigiblbdepw
qqlqpylumlngxyo
cdoanjfzfcvudqp
dnxiomkhzawiqqj
halwhqslhkbjecc
zsejdgqlvofzsza
owdsvauuqiothdv
wxisqcdzznaasab
eignvlelpxmgqvu
upfhbfpebtlhftl
cizsswpgevutkap
ukqdmaakbplbnil
bxukidlceytbnjp
gmmnswldtmaexkk
ifixhsvslvzfyfg
qunniqsbxhimvnm
dheischenqreshu
dpfzkooucwibbri
wbehouwgpqxrxtt
ookdslqhnistexl
pgwehebwpkuyqkv
bjdnhlmkcmlaxst
yxrjwbggxdwrmmz
exolgijbsmfmlmq
dmxfvjdjgazhoqg
thpylzipgjqopup
ofwaeagbupocdjv
qqfkdnxxurhgkgz
dvvkkecbtbiqkat
qecrqsxgfyovfui
kczxxigcypzahgj
vtmsclfmfdgbwam
sqfermcbhycupga
hlwzyjgsxrnpkzn
yonowhajtixnjdo
dbdwkeqfpivdrij
goyovyudqiinwct
ltgmsfukpdqpyae
ulwvgexsfdpzxpt
bspuvrphtaokfie
dzmriecrulzlpzm
mpqpnasagtvntmm
foxmpbhxwbqqzla
cwrmvzsanwrscni
jogtgpovebtmxop
ncvbfewvkfyykkj
pbbavqtfmebvead
kzwlqagmnqqoeqz
vralkfozoyqzzqg
hsvtordltfpymnb
ghugfwdgdxvkolw
vvyemcfmqxbwgag
cvnzlqeejydsjvd
jmzqgorijqhmaiy
hwrwjzemchlxsit
claejzhsfauvoji
dtjghpiohshjqqu
bxdwftccmofxaql
zouzmczulxntwyv
kyvsfyvrsfaaxyw
xuwdjclwixkyjau
hjinsqmqlqocgyo
ttdfjwbwcnmmxyz
rrgeimprfooxfrc
sdaczzxeltotldn
ffxoiojebpbcepq
ptudhcejzhyxrbl
mzkvuwixkxhytei
cpgotoovxzqwtvv
bcveyhkzqreymvs
joqlfotjqtclkhw
kahcfzwzgotzgxx
wwotyibsfvpjeuv
rfcdwcvfqujldax
rgodjaumxfpjwtg
xtcuthvxniigjnb
ynfxhwaxjspnrnj
mcebrldktnzpbvm
gvngdlgaqzswsaa
aqscgdleiocouhv
mfnuhemssdiqqfr
ihtvtvpnasnmzhz
mlifxxgacoxvtmt
hkfcdbgbrmzywju
erobjhyhowagahm
bhcxjmpnwlllotk
mepygplhmazaqas
hqnmwslyiziprar
zrhkbyhlwcwhztr
opazocpehkoadxl
qnrjcfhshpufxwd
mzefbwvtazuhkra
awgprazdnqwehjg
xgtyaqpxhpglnik
mbtgxwtwpyfilth
qzclnuddmkfmwgn
vfdmdywjplqkzio
ddlyegjhneunlmc
lijadomnyzziugk
sfkthnwzcmnbqdx
twzbsioxielyuvk
pbtlrzfgmmczeed
bwrooeqfucfgbkd
jandwadyvaknjtt
eevoutgzdtjlpfl
rnyvbzskckdtizt
ywefubzefmebfrk
trdgpjirzsohilo
gtwuaohogyoiurx
uekkmfzvjbzymmj
qslnwtldimnotoq
fhpxywkyfmdemkj
uasjmfjgjkrjeda
tzhlauadumzamrk
ytkqzsqulfiviot
naptraiajkrbavp
awreaswnfjvmouy
vfqibvmsicdvhgk
dfbhzetfkyicyjo
pgoqaqbvmrjygms
zeruxeercaktkth
kzascsfghjqgniw
xhetlysvqlpxdyc
oovtnybuhygafzp
jznxsdbxbvglzxi
goixxmschwqfgfh
yhgwsfyrjispiwj
dukshvzrbryrsfz
mmpswbpppvekbsg
tqopufmgdbnqobh
rnsnrpiwvakrcyp
snwqawszaprdyit
asghwjqkdcjwxlc
hesqxebsuhathan
sizijmekllcrpmd
zqgdxuqjbsklyek
kkjtxphrewwuotw
hcurznsdmvhslxe
mqtpuzawvsftupv
faaxlxsfblueion
metobdhfvlfvaab
nbcwzfbdwumzbwz
nwlbxmrlrbkkcvl
jijattshnulbbdy
zlbpztbuyzgksdi
hdnpbfbwtzotkxi
rlxgpnstirwzmfx
uakqeotsjzioywe
hifcwbkuxsyapcv
fmsrrhrqbiykakb
wffobshutxuxmcu
oglnhepgeijhsia
swyfbccgjprkiot
onmuryvrynozgbs
bynplanqexzbydv
kxwxbhxvpwjxplg
tzfapyridyqprrm
ujugwehyiuypfcl
abjtuksecplnczs
qqgloshqfijbxfy
uwbpwnrkddsxnhf
dsduthuyhefuymw
jxnmazthkmtegja
mvnvhravcwmunha
cjjrgrkqkgwaimz
fnohwudpychfolw
hnkfruwdfebrvnc
jkkefduejzulxwm
cgexzqdjqligfez
ovyjkkpsfhelsty
jmcrzkpqqyhmrnx
wyakrpwhfljhloa
insqczdowttjzvl
xkjltxjrlgoikhr
qliusuqoapgrbhj
bnjeqtovhidjqaz
ctngnubensuepoj
ycgukvaivewymel
qsunexmmeqoydip
eixjxgyzgemlyww
avvfnjzeiwwpwwd
jucjuglrgbvloaw
shesoyjslmmzbwt
etwrltbtqwmohmk
yikjfnlyikcdrfq
atyvlakrtyaqdto
nnpkxtegkddaiaw
olfrduejjblnavy
plyahxxnwmgiyua
qovvqijkkuzflps
jnsnoppzalvepre
xppdkpwpludhzmj
sfrxpwrzuenmtwc
ylbpsvjjshezbpi
plklwnqivxtdatk
xelioohxjjlotsx
zuurumjxhxgsaje
gukhtvbmqvlvkcr
xbuuzcuynypwwdg
mcotqplbwcqpwyx
pqofqkeipfpammi
nbvdntpfwbpegvr
ysqaqoiyxrfdsyj
wkwxgfjxeqlishp
wzmoanxdqxukjwz
glzppvwyqsmqeiu
pscuyrliyyfizmv
upmqpgftkobjnnj
cfdlaozyaebzscb
uycuwqgextiugwi
npmzsjvkszounvx
yldonyrqbcyixfp
gwoxbrzuexkgsmg
fphgcuqypzthamz
egyodgzbbopucxt
urcdsdjvrokczrj
mqtirkycxprzyft
csrgtkblxfdppbs
fsiphswunrkjljg
ccrcsekqdatezdz
qzflbvzhvetowmf
orqewunkbkgopat
ixgxrahpsxmrayo
vilianvxyiuvffi
qcikmradfuhplbm
rujjfilcjcawvep
eypteinoxdtwarl
fkovcfkwhkhibgq
gzxbnmblbzcswuv
wflkhbjtbrpztwb
jlihqsbxdjjaxct
zizrfxgqahzxvbf
slxrtfjcprppkob
bieyxvrocnmqrzd
hipashpmkokgcpn
dmdwtdvkvnnkohs
epvalteauglsvxw
xnpnbyfigymrpfc
boxwslwvevpwiew
okstdzvuuawgrhw
lgzujjvoatgtpka
nikrvyxddyxqgqa
qfkerhptmhlczep
qvmlhrhcgmmwxmh
gmktrvdkdvautom
ysatxoaxgxozhev
sbmepwpuhfxwzyh
dqcevgcmbqveiah
obtsosjyqauntsw
mjuucwuxurgcbuj
pdopgdbbvelluqj
oghzdnpudnpyhty
juvwdwpiyudjzys
rxnrmqgpfhvopwb
cgpadhhlhrylrsh
ftcmvontwvjbjgv
sdmzxaxvzcjehbe
nxkginxilxonnaf
czmtywyvmoeimkw
ytoctpsvrfbchjc
pwoqssgopsctcvg
uylnvfualrvwuss
syfzzjvpzpablpq
xkvnstmwyljyvrm
urxwyuyizyeyhec
cmfxljpftiihfpb
pabzppxwidjxwit
ezzkrpaviyycubf
bziwjybcdqdkvay
pbcuoyeebcyzsuo
baaelagxvsbaiwq
wgswkordwhojlhc
iigudilqxlstblw
oxhepumfpmlkbft
uxqxcvokagtbtxd
psuxbvhutorwlpi
tcufrwayuikyipv
hrvottjhmbusecl
pkntzzlifnonxck
elgkoqkoaeetvgq
vzkamkldqengelg
mcxsmzjhncoaeev
pdzfjytcvtzjdus
arkxzmofkzrkdrc
zxltygxxiptnqbn
inelphblgfgvxyu
ydhyqxfotzvdizm
tipwfxixvmplpvj
sjihqxgkelmjhma
epxqypkjdxcrijb
prcmmgfofxjeeuw
wzazpibmziwrkga
wtmnkfmbzznuvck
xuuaxiwvygdbfvn
jhwdyzntmplqlqs
kpbvpamgaktctnt
ustltnyadadxmpz
hihjoudfywocvbh
sjijsdnarwamgcm
ldwhbzwiimofxes
kzaskwwtcqzuyju
qelldvzmkeomdoq
ermtfscpszzdatb
xavnthsmqrkiann
udnpxynlffpejql
kesyaqhsoqnabuz
eubszntqrhrqoml
lpmouxqzlwpwfko
uekjfroalrmgfxr
skixzevgoownhwf
hmnkrjegydyjfdw
vbxvmdthkgcmyoh
cciquxxygfzjznt
xpzxlvrjnbisrlp
rskmeqdsqldcpjt
orbotkkglxgzxuv
lyezustswjkfktx
citqyvehsdhjimc
vpyhcyknbiqqlic
skamodokxcfbzza
gezoiufedpagern
biwgtioyfeigkpc
jkbfvhyxfqoawlm
dxthkltjcdbwsxh
sfrswdhfbhqupym
zotsjicvkocgjsj
cduqbbmbmenbmre
zpwnksbjuqnktdo
acxiyjnnacfwxhf
wyinvkqyesnryyr
hfboqcimdvpyvfw
eqetqhyzncvotil
uwzxgagjxdhitle
pokbcmekhsundti
qybowmstuxdlhsj
xdojrtwvojngsic
cfgjaacfapxyrbn
nvvqbidellgxaob
evqgfzjlrobttmp
bugsmmwavhhxyow
iwdxkoqzpygslfi
vzvtucgskgqtchs
sralyerxsapfofx
btltmvcktntojqc
kdoahugkdcdtqpj
aqqxqcqhykvietg
kxpglzlgnrehpns
qgnqoggdumdpytg
uqgqrbfwldjzdny
bhvluxuvaeyozjr
vvjshydjhiucqdf
owbdmtplhubmypa
ilxvjbimaydhdsn
nyeycmovflbrhcw
cmexdmttlvwvipt
jkiqzmckgdmzbrq
nadevwnugkfezdd
aulmctbpsjarmqo
mgzvurbrjsvppuo
xqzlrghoozsmpbk
hzztepwjnhlegmf
yweglznhapothye
cryasqloqiksagc
kddldmobjotykem
ejqatkbxwlzpjdg
aaaxtfusvzvzyel
fafgfvowjmqxzjm
ioiqzyyzidsafxd
uywdbctnlreagln
tgqqdehbioufvjv
zpacxqkrkcvqqza
xowxqhbymnmjbmp
mdgkvgltgaezvoz
jefecmkcdsgxkzq
kpkktiggratbcos
zvkshtnqyusxzfa
rfrptixvyygoiwu
gbyscyhoxhteqlt
kwoxfnvdmpvxofx
penzgehbfoclhcs
okagdiinyapoigv
oxqzutzcqlsguas
ozdearwcoyrisod
knrohoafwpekzjq
xbstybvuxotzrwv
fjcbsviigzkgtlm
cwgkpwumhxfyxhd
ukllzmwidrwqqed
eslvnlfaxdxyzym
lvtbvvmvuyesoic
jxslsqdmlyjnaby
ltlflmdlfwsaioo
arqaapnevijwwfq
gdyfruaebvffqem
vaclprehlgelpqk
ivurgcnvdqeaboq
ctksgthsvjtnemy
dqagmxtwuedipuh
dokiawxctefnkpa
bvieziulowjgwgb
pconwbqdngwgumy
hchanuqoqfqmmpg
jexfnyrwwelgqun
zucdwqpvvdjedio
oicudqsarxfwybb
oovjdyxruogqenk
esfbsbieaauehfv
dttggpurnxcayeb
gzkriracnbvyxwu
erzjiipdsnndwmh
mwmhcxaedwaurui
aqhmryiqimsxklo
paiyqjfkunlywiv
rdqpaylddhomslt
rumvmxqmtfwadzc
ivzmumapxngfaft
ydmvbkjwnklbyaf
prdnyuakwqmkwbt
nobtlgmtcfffhbp
lelasaesbiusxfb
ozacsmuvrfvxlmb
nhoopquedrthbdg
lfsijkuflxnyxar
kczflyfcbxnbtuy
ewckscrkdomaopj
ygroficcpqrcxib
texxaavhzgceiss
lznokeqxeuxwtuz
hjxykygimmdxhtx
bqqktlmeryhzpxd
kcpazlaxdwjjond
bsxqlgewcbniibp
lamnogqbepyacba
acngeebmlobclpe
vtxqiyradwaochr
mttwmobndtfjgic
hppsvoxpghcxvym
tgzsypzsaxtntcw
nhpugswphzgkykz
rkwvirkdkamyrgv
igtfbquayazpepg
ixxywrtihhtazsi
ecwnlalyvdfxera
krejjdgppeafrqx
mudmsmzsexxrbza
dzfsonderptmulu
ifsnqjmugflzfid
yxcfoqfaozhdxne
hmhczeizklrasbc
ybnvrmvfcaccjws
bnrojbpmctjuooy
hvsmvpvvpzswyoc
rhppmqzkzvluzrp
tjkrkvtjjndbauc
bahlgnbnkxedjbv
cykxaoyfstndhlm
jcnqmtbkankhndl
lrcdphgxnbqstjk
adqflgoseehhqnc
nvbsujsfyzppbxd
gkgbqvzffrijdgu
dqhzmiufekmbzzi
ptmdeputjoonnnm
dtbzbgmzouflnmm
cgqhzfftbafdoqu
aiajllfglienqyd
bjwixrtxcijznke
gpmdgdzerrwaasx
yvllpvohjzvgcye
ifvvlkjuxtjlara
qsemcgdkwbuzchb
jbvpulpjvxkpvyk
cbpiyolmwkgabkf
ixnrhkamwatvidj
rcqevxbhjasjstm
rvooaozlfrccqsm
lulwwifgzubgxea
ixbqgzdhiugncxv
zohcliuzfqrxtyh
zgxsvzlkefbqbud
kgzcgpowfbcauhh
nklufvxmluwlkna
jqivunxkoxpdlcd
vdauvnwlizjpboe
tvjzkrbsuoqnvxe
ckmpkqileovawmx
wsxtlyxcwfcxgxb
nbntghyravoavcb
oggxythgwvqfrsu
hzifkjgoyedjxck
aqwhmoblcxwhtpn
dncaxwdgdgphogf
vyuizxphspcobin
ghqpxnwrwtdxwou
wyegzlymodftvun
nkljhbwfaacbadx
oxgubrottkubgts
kkuccfgxliwzruu
pbmomuilhgrmmbk
unynrpnfqogjydd
ebuaxuvgpoyplpt
ypvwvjfbxmtloqd
hjuyxvyggobzmfo
furrhzqpiptomkh
fuqtesijkflwaen
jtqgmiqvxlmntsq
lanmlnhkzmsdyvy
rawihuknfjxtbuf
azuiwafgldpjwnr
rcmfteimpxpvaab
unjqymfrldhpeks
pgoeujdyeeldthj
hnibnkconndyowc
musfmyjcxqudkas
ugwknppzqpblfnx
onycjwzoyvxivjc
yhxhadanbfwvftx
mkbigxsshvquctm
gqrasuharwxyycr
ayagupcrtcsqehb
xyyejqjxkkvubwb
dhnspiwtorddmdo
juzcpcamapadgxc
yiuovijzurpzkwz
lgbfzdblulhssni
ssvixcabajtqljf
pkuqgpcswloabac
gbsrweeltpawshi
dkemokbhkitmars
rwgzinkzfkzgjlg
ryivnqptrxbjyvo
tjlbcxiouelfzit
jdaituqcdsczkje
qsywcwmisivglbh
zmgsxotjtpjvwra
lqxihekcoegxbqo
rgdfjsejsdituic
yausihmvvphggqf
kuxgvpvqziyrkio
buzwhfgvqxxulep
sdeaaccydudffsm
closyqmufigixxh
bvmawsgybcfxzez