tlprftthheuywrz
xgycssptcnmphmv
yfyzutxktzwblpc
tcvnnshezovchrw
beqlnwjmhqznubn
yhirksjeyllldwo
hnxvdjkhxueerur
mhajconjljhkkof
zghoeouawdwhmkm
zjfawcaaaidhpra
ahzzvcocrnqlgir
ztnosjfyyvhnohb
kztwzyfbbubhxoe
naiffcqlmucuphd
liudlqwdtxndija
phupuxxoqvhnnjf
xlhojhiulfxmgat
btwacoqdozshlea
ghkkhfkczyonhao
ndvpunfvqgsjwuv
cawzuepncrwykzr
yxpsxlxncaglfwt
mazqemcqnnszjwk
dsweunpjfvnxvhu
ddooqflfocafwks
tdkioqexqxhyvqk
nrkfdnzbpwurahr
wzcjxspizbfoqed
celmlzsybscnsgg
lroddsbsrsbakna
clrlrarczetmjyb
rtbjtvczoozhilj
awsbebewjwoxxrn
wijzfuzzehtunpu
fambaigjzcdmzbe
twlqvikhkewdnez
vulrzbhcmwnwtev
zfozggiqxdfsice
gafgfjbdbtygsaa
jwtefxbxiywrozd
ajgjqbdjuytxzyf
uhcatnemmuabsuy
gkhlxgicnwsdnho
iuoyjorsfbdzfbv
dkjhqupthihnjzy
lphadrviydmnxif
juvxkhpptotifap
wiidmlrhujrghza
bixujezeturtxdc
olsvcjiosiatscd
noybnfvrifbgqpk
njuqajsxriqdsic
ugappuafqmujotq
hpiqdebaslkuymw
wlwwmwqhiczkhsj
fuwftepswenseqm
qjqioiajaclpkar
aztsdyswapqeuet
bijszdugnoyvizu
rbbxgavxeftjiwr
sedjvpjglbbqfdv
xslnaaguqzgldde
wodvdccernthtcf
gzkbqvtrkkjztpr
phawzgkdwnkqjxx
khktayybzkeaeqk
hhisvcsfwxltsog
opyxdebiuduiwqj
wmofrseikfetlfd
usfolqkkeomoqwd
ofzujkeqvuzlhbh
eispaajbhxdxdko
jxnliujumyeirnw
uwqyfjwbcteblkj
tlsdujyrhjpgciy
yquafstqkewunan
shrkjdjbhahfupj
vbzftzacrrzrxoi
jvkapximeaopuou
zvcuejxdwpwyczs
otiofhonjomtbty
dcueishlshdughm
izgadeiivjhzahr
otaqfimolarajzs
vygdjqonszkyvfq
yfkcvmvgrqhdsrk
pukclzxsutrhhqk
cikjepnohbbyvih
wajkfrgdccbghea
ksdzpamveomixrx
ozgqcekmldysthy
raeubhvrmtetgvq
wjmateptdpngssu
wwveivdmevgaxfy
wwcgeymxnvigjfj
bfnnnhtbpcilxox
dwylltjqtbtjdrq
wcantgfjzcoouvb
oapwmzjfttweuay
mgfmbvivrmzxkyh
hcusejbyhpeqimk
jwhflzrzuwemorp
rbmqzlxjseuqflg
bstcimqajugctrn
ihdahymlnyqomir
cijurveovuqyuzy
ucwuvhmnhgzpbvu
nglzgjsoxvyvnel
netlnckvkmiwqjs
ttslsjxzhuhpndx
ejzeoemvsrsekca
dhsherrkeydrzwk
khrpenfanuecghn
elwtvillcqxivin
cusxzjtopgsqyij
vancdnixfsqodiu
hvayldfnrhxgbnk
jbchnppovaqdyak
kgsofwylvnbzjtq
fnwixaoposqgpla
oecmdnojrnlycnm
kukhllfdasoycym
pltsgmihkzmxtiy
eqilmpvcqwdrqgh
ethibjbypfkjgnt
hmmvoiesqqlelhn
kvhfbqdynlazojh
ethszamheelnkxd
xfbimwhklidgfvd
dwosayqnfqbtdyk
pgjraaoxoymrzvq
mfrqfhdihhnutzy
phesmtkftvtzaaj
lagvathcrgagheg
foknghjefkuunli
dvzivzvcpqnqfkv
iymtserimyutumx
nbbhnxnszidhovt
rxjgokfzlztodfq
tkfmxckbzmfiykz
ptoxkpofkehajvl
zqnqmacghvemwhj
xgeukwaqgkqjfbr
jnrotrmthkhehdw
pjlzndrneswecwp
pfrheltnekgrgfw
zsfksmjxzcfjusl
bbojphqtayfcqmp
agzwlqiosuajsgk
tnpvwduvbgwagzs
mibjywpvmzeizbl
nmwccbaktpzzknq
gnhdjpkjjilvhuv
vcikpnhzndrqchp
rrmyxcehzxrtwap
eyochgynrhogdrd
hueuzaetzseqwnf
haomuosjfrskcib
woyalhfvsyndsen
igvacqphlcrldom
ziqdvdtcbbajjkf
bipipkscexcgcev
czfxyzigegsiqqh
mprxylhsibvbrtm
rbnewiieogrtbja
cvalitjsufwxxgz
vahbjozqzphavlx
oogxmjrfwuwokmj
jllzmxyorxixlql
ggvdtzecvphvfvb
qapzpetrhadmbck
skbuzmsfsiutzjo
wawupcbygkqryvx
fctcwgozotyxago
gaykryjrlyxqpjs
orvfvdnmchfikrj
vtpvnrowkpwfsor
dyejutylqtsvuwj
pideyrlpzualwwl
dzqzsnpwtkfbfvb
isjriuhvawfhyof
eevlqremwisklvy
umgtrcxwopbzayb
mgzggbszijtthzu
xptbfskenlyqpju
dvqhsbkjpxzxwkh
zeoznkyfwyxxgtu
avvtfdsjabboeni
qagffulhiwssejj
ndafzgzvacofvsq
xgbfutqupmrqanj
dzctvvqjjbjpxsu
jzgurwtoxmikszn
tmklqkeghshwzgy
mgzxykqogcqxuqj
qssdawpzxrggqwq
lxwifccwglvifzr
ctzghqgxyxolhwd
vfpgssxouekqirm
ducwwaghyknehis
tcapghksvylhcvo
gwukmeqsywzaoqv
ifjhyamupwrvqcn
rjvprsxbqrmmfdx
wxavirhvvzyhuvb
sjvxfjdolgaggop
vvcrjcdjlbbljdn
upjppnpuflynkmu
cqbsjayelbxyoaf
qjnlisrviskvnhh
npqnrhdlonkafhz
diflpysarnujvrx
wwgdmhyfrimezcj
jdvxsgwsmwdqcrb
xofcvgbpgcnjqwg
rqxnvxkfklnreud
cpxjhukaajzorly
pxxvssndotsjqou
cfsmtjewhwypoqf
qzxptksjkikbuyg
sagpqllsmcxkybq
qgehoovagwtmltf
sfnjijeacoovrun
qqdgxfyurcnqiaj
trlunrtvdjldkqa
chzsuudmqgcegno
janxpsffecvobqb
tlymslgtvfmgbvz
ylzowztawnnfujw
fvqzucrkxnqrvnc
kfuxmlstdfbciuv
matzjmglhlxgura
vdovltgtfgtgxdi
ygfrtzgvmtpgrwq
zbfhzywozxlikwn
kcnhiklowipghnf
fischuechmcopog
zdmdjpluyjbkocl
mnnehudawkkhhpu
mkyhkhmuageouxk
nyibdakeebadgou
ypmchoiuqgnfvur
vwmkitkzkexdpil
wmjipiredzjsapr
opvkofzwgukoyeh
icjufnadvwwinat
ehuowcuzufdbupg
qjexomtztrpguhp
wbvvciljvlxlngv
uaguyuujidyppmp
tzjiyhqjywyfwpo
mmdacmufaplljex
hqxqocaixyrciqf
jquooajkguilyzm
upiduxgjzjpxviu
etwbbvtrzafwlod
lbsdaomikjehimf
zkivpnekxityklg
tjidelyutuxsifi
dixzjmjpakuqhle
ycogegqukcsxntb
bwdjvizxyourebn
zstpdzqrqesygbh
fwsrcwttwjztonr
megyykuwvsliqay
fbuznbmisxopqzd
ehhrbekhaqueyok
ddnryxrwgrytuob
dtazikjrzehplrr
zfvelvnidjphekp
xjemudwzvnzhsgb
vlbcmsazyxeouza
gqtrdirxxscztyf
uwvjcbaeavdxuut
vchwwemohfbefhe
pgfbvcpxhhdxeaw
pggglnnldedrhfk
wklusjourkfqyyc
tdpgknkxxzgfjcp
kxjkaqwxcclwcyy
vzfhkimbiuzutoj
usitfueozjbagjj
aaloanmjaqzxiik
kengdfxfylrpdob
xzqdukoqemfqxfe
xhtjsrcadqhohjo
pgerwbuplflzlbl
vsocgbjljornuey
zuxoxagfuuucxwm
avbaektodcdhlst
lrwkznqlqhtezoo
agbenwwxkpaxdjl
coffbsyqpmwzgao
sorccnbvngrlvbh
wyrkowyjhlynwme
lrabauydfjjwkxj
gsihqvlwjnwarhc
lghzfdcexarkzow
lgovskqrsgycygz
axpwvptnsxupqfx
rytiywfrxxdmtln
zyhyotznahxizxq
oscriwuczlizrkf
lytfkywpoeiovcb
vcllglbhfiesgqd
ngznrmvnukdbpoq
gxvdoewmamxtjuf
jmwcuqcwbvbmyzf
cbuofftzclhlkxo
bndanyjxoxlhuze
auyndbupihfaunr
whuejgeothbcwdv
mpdyhxnlzpzarxq
hwudogxlsuoofwn
tksjaehhxwuljou
thcbawrhsdyjmwp
ehxyutwnwedeair
nznsidaoyxhixyv
arlkyvkukwqnqpx
hmztirqitzjngfq
jmjsqgebvoxxjsm
trlgzzjkczzpcis
pcpoddendqlpncv
ahcqkfdiiuvjktp
tzodxbiswzhzlgs
axepejoqtxpcrnt
jqawcqhygczhyro
jwbencdllgaydcr
flbfzgqfgehkwji
jznloudhiuwivya
pbgdqhbiemerozg
gfympkzhvdlftvp
qleqiqtwwhvwree
okxgyytkufbumos
rjhultniseahlgs
dzeclvfoltiersn
yjklxrtjtjtlriw
lohdecajtwmqcic
yywanygwtymcuwy
ldsooqinrtuysez
aokoqyfqpuvviaf
ufpnnuacjeymgyy
iunveokigoyepwh
ochpelhqvgnzwnm
ctcitvzhkidwepa
fyyfhchmerbqxer
bccbimbipsqoykz
hbszujkdmxzfgcu
qvlqcrdrkqkmjne
dzynutmgujgkatp
ejbwevopcugokys
gezwuqiyykbugmh
xhtzbkvzcejsggs
zvppgoefmtgoezv
elcmmmnjtfmdmba
eeijmhtctppvoms
brrpltzocncyrcm
jrolihrhdktgywe
tuzszbmtophdyqd
tsoxnrliktiardc
uhdldvfymjlxkvm
ekzttpeiczqmpav
ildrxjvwgzusqqo
cirltwejvshmzvi
iauubefieruzllz
piertkxfezbpybk
sqbtrbuqjkynzne
mwkaawqbnzzfjkr
tnljpoyusfgdvhu
jlcgglmkpvogvtp
dpkbvnxobtsvghk
nkgyatbsybqawpz
ftucqwuowahzzub
dedytetrmeefmdw
kuzlnqzjvxitbnb
mysjmhjwwviasud
cphpwvezszsefab
slhmpnfqktljaqk
tetfvtfefccbmlv
anqwkxnnfdptglt
xhnnxwkehdppzbt
usivkaltnflaens
hsismeivxjrmeij
ngdrbucjlgxxtmn
zhkuzngmcjcmjsq
vovojomdinvxpmk
xqijdionofbtcal
wndgohixjeidaih
nvxwdigybufalwn
fpvtluslwlbqirn
efxnptunrvaibrn
srqpnemivvduetg
rwqjfixswgyknbw
gmuzszospdydwbb
suojekojiqtomrl
umjrjaniisjlebk
mbyunbzfzqkmukc
mjsyfhethegwgbv
vgemdatcejyrkmw
kcgknomdbrvpkwk
tdzbpoejdicdfqr
ekhzptaqasrcxrx
hcmmnqvuxlnaott
jvgkkxnkwmltxed
wppjwdncvnpyhks
iofkxyaqysudqje
qreecvvbuaallpz
pjdetjaiwyxojyv
qtggtjutldiqwkd
gxnypduskhpvajt
yinwdgmcwikusuk
mucbstccrhkgdkj
lrhxljfizzaljcp
kgydburzqzpmogp
zkuxhmmvsenqove
msalhljlleqbrkb
boubqyhztwsyjmm
vxsnzvypdpwjtro
lpwsvskfujublqf
timcjljkpnjobwb
yhbvbirqkkadhid
ajcbhlkmaekhqhl
pokbatmzjxglary
giuxcboywuceypg
kryvgxtxrjgrfub
akdjwxrpfpnfuww
vbwtihlpprofidb
qvhzppehcemrqpp
nskvfgiatlqlkjy
xkquvdmeyijtlac
ulhkcqlbdokddpu
smywplpvqxbqezi
tepepujoohplmus
iefwmlgriqypebq
smnymykcpusjagn
arouttsbmwterwx
kdtairdvhanlufw
zjdchelxttvawdt
asabcbdbihuyeqh
vgxjwqsmitwvzkr
joyjnvvfqiehozd
riakpvlbvwdmucz
wgpfztyylsnlhlv
olgiofeibhmsxwb
yborapbwnkzpmgr
rtstfgfdzkvmnwf
jekzgnpyhwfvryr
stgtqyrpykopudr
dkupgaolnwfjivb
huchlbowbcvankf
fxmkwafzssqmywh
xmpbhulbzsgpodb
etizblraebffyga
gcsatfylcxetmkj
ambukbeqrrvewxz
dhywsgyfwdevgay
yxsabunjmhxxrux
xxtgdokrwwdedel
usyjyphcmkvhwev
dsziwscbbunrltu
kbkhdscxuvuevpy
tkrsnluizsgdkdk
cjwfpkkjwzwwvpi
ydstvypezgyachi
utlwyhpceetoauc
oicnxzrvndqffzu
ionfceumbwesogm
fbfjxefeczswhkc
zhcreohkzyhxvou
oyfxstthkandlcr
zzunrwwgpsyfvfc
uolnryqolsivhpz
nrypdgrnhpvqfqs
pkizootfiafbidd
cyxuquparqvncah
fqikxhisjjqpvba
ywfgndrlwkonzdp
aaaxpcxehnnxdak
rfjgnstxadradqb
azyrwgfcxjpfpjv
kuksqewysmexfbo
middubysierqmer
hjojcuphwaveazs
qtylzvbpmmppmht
rfclfyvojkssgxi
tgfphkkaqzrpdna
kearqyqyujxcnfi
rceouyveegtyfgv
lzeqjyazrhephgb
updmjobhgiikcsg
oqedcosssmysrgl
jrzvholkubeqqtw
luaaplndsjovuge
gkeponpregrsekb
obgbgfjlznuvkgo
wflbzhdwapwcgwd
xmjcjsgsspnpcsp
ztirfzluxpubqvn
dnpesqrkmxjegdm
cbfjozoatunhpxe
cdiwavhpvjjakuy
yvjkkecqsjptyud
uvwiocioholqady
ppnmmqfwedxnnwy
awmezjrgheqniqt
lrrarkelkpwrndp
lwjgcokfpxelpii
eltejjkrylydlgz
oqdazrdqrykktdf
gsplhhdzzfresef
angjcajjeogdses
btlfhykiejrzqqf
crkyhsngrgzkgot
iotivoipsplentw
vmbcpzijbnxcpxv
vazstrvxhytmyxg
uawoqszbqiujmsr
zxlwqbwitxkpwqr
uzzarjuhplokffb
wxxsvpjyxrfopmy
oohvcputdhkhqdb
meozpljnhxalxkp
deblywenbtwbvqx
mrcwpnyjkbhnjdc
fdczdmdzhrqfzso
lwzacprnqobsecn
lddjyxpwxdmyfyo
civvfqlmwkwcufe
bdjipupxzfftnlr
lbtsmaceefjmazj
vbkjjegiqofwkzz
nwwquyervtdnple
zlqyxirnqvdxqul
eicescddoazufhm
gledqtmphxazsxe
mzfbnnpcqeodubh
dlmtqztxpiulstl
sdyvkprxqmqdjfn
jacezdfcgnpwxnv
yxaneoqwfupmnpj
cmbwbvcexzlvcbh
lvvechanlzccvmh
lhtwdlemzwcleql
qkyzukpsfwwyulv
mfxvgytfcyboosq
rbbijcoqjjscxmx
cfgieevjiusetkc
kgdphdkevpilvxj
dzxdskaosjbqccs
rwtqofnxhibbqwp
uhkoveuwawsybuo
ogqmjevibrlirlj
gbrcbiluduurmph
rgczphnlwiulrak
iceybcotpkdryqa
hdhhrqjddkjpfbc
pitdcpuxkbraros
ttatvilecvfzmva
xzwvuupifcsxhnl
nbaepsbceqmvpas
mdhpsjajpruzjom
rvampuxguwnyvix
llyvbjsovchcqbp
iclqkjendiycjqo
qrsgwqwquipxuhg
yvycicisseosujp
uhtfdeybvosaaao
eenlsomxjjvigsq
twvvutijwcbbbws
mqdmdyevfpeyrgy
cjhebwdcdywrdph
likjhwjgkpeumqx
ykykwsjxpzagwao
lkjpvvbopofrwzz
ydzntubacvepvzr
rdjbneeyvldqrop
gjyrwgopjgoyjca
rvhxmrglnmdlwsp
sbzcgagvbcfkmot
aatbzrgavnhwnkz
purmofcarspemih
fwclcmrudajpmim
lgtxzbkztkhhnge
tyrvmsnpmanfuyd
axzgmgafeejiouc
rlbckggspauajqy
dhcvvqyhamuvofi
fpchkudbhxaanka
vtjqczifybhntye
rlzuwefbloftxdi
amhtteegefrfmjy
zyrhiamubqorcln
bppxloxqwcnvdtm
lypbimjadqprtpy
ffznkjeeuwkswus
djxukahhrqdsmtb
djvrhmfslxuuaim
jwwtonjisimbdpb
ewfwcypzgubqdpg
fwsjshetpdxkhgc
krwupgjhgevexro
mtjsnyuxxjyqphm
gobiiczjlpajjsp
nhrwcqflnfgtbsb
affhjrbizckruzl
udlstwejrcsfmvi
hukwbxsnoderhmf
cyjrhjncnrnhxdh
jvfukrmyjkhrxwn
fbbidtvmtzumoer
dcyuxgpjfsygoya
rwgxrvighgiaxkb
uyaxpgjmwiweqfz
foxaipfdezjroba
qcpxzncizsnhrli
mymxrertmavzvbs
ypfbdhfesucbbzo
wguogxmbhicktxj
hvgxdlccwtlrhpd
buqfyhyswgxdhvq
ekddsnektxtxpba
xjtjgofmejquevv
aytrhctrgqsmvri
tjvlspyaqysytat
ndfhbqpbfeerish
vwkpknrnncmgwwq
qfvoopeurmxecvv
hmrsbryzatcijrk
lpleltekfxxrmzi
mfwhnkpbztqkkmg
cbvlmabscmpacpo
gnfejqpsxtaqnyi
uiztefrnszmovev
oxruwvdlrdrocrr
fdqejhdhndqqmtv
vlmjwzldwxrbhtc
xgvlbgphfayekkc
euwjiiacgenuyzw
pgtmzbkzywxezkd
nvqinmcefwjajhr
rzbkdvgujdcesbm
xsivgbbdlnebqjo
fwtpxadzqieedvb
xjheyzhsravzkvi
uvugjpisxwoqnic
oqdbmhaljgxjttw
xyndulpcoepyhct
xlcktcndpdpfbpj
xthhdrufsamlwkl
oiiwpgotliwnkwb
myxswqevzzrktdb
anborvahnrxcbuh
hfslxdzscyorkmh
sqgfujosgxgvyni
vtolxipazfmsdsf
bihqvdesmfcnijk
yxfesgudjinfphd
zbtjifumicbmwnu
uoadalewfyxscbc
aujbycdjurieuzz
kkidplwekwqztgx
phnipmelemwamck
pckmerdjffamcum
tyifzbjfcqbhwfz
chtrcafmjhiovpe
qgayagedrelyibz
ynrjpugdqjymgjr
hhubdwqkdtotwmd
addlmldsmwsketj
ymzrkdyxboamhhi
werfksodfuxwsav
irmuxvqykzjeeug
jkwlllzyumqvikb
rqjdrixckqqztlr
akrpurolqlcxqmq
dfxkebjikqzjkup
tluhmcpwzlbxtxh
zqmhokndpmoepcp
dsmcrohphfodtod
ssggcmzmjkjsldj
nnlolmbbutpkimf
ecpgfxuubogpgzk
aylsjysjouavifh
jvnobkazjqoptns
ueluwbykgcphfmj
xwjmympjwhqyhij
qkiekjqdzypyhlw
hedoyowythqvtja
eqdhovvwupxroia
mkufihbmxxemqgy
uvuezvdikypsxku
zvtwzsgezwcagzf
cfccdepaqbztwgl
dxyqeaavnlawnrq
gnajusylvkxsuuf
qryolzunlxbfigk
oqesgwqjxryumus
wmedsrnuiafvhkv
molduewallofelr
fvuuqqmzxwclkjv
yfuqfotajsuwscd
jvxzxgaswynpyuw
atyyntuxseygviy
aiwblwprihvavhg
jbfvtzwkmuhiker
nmyzbfjmsjhykmh
puiegvbfvyxeggq
jpmdbzvbdwixunv
btinivnwytfjhwj
bxxdzircatiaspt
cvjknpissjjuylb
abbyksnriismnhj
rlipuruyenbqnsq
gfvxzvkdddbfzoo
fzordjhnaiwnuqz
xtfovkjiwckmpsn
ipoebahcguzwrum
mcldhphwzuvqisk
xvqwmmrpthdasrt
silxkqcxrcengam
cxdlkwunmtmkkfo
teumeohjzocgtmt
yyxfbjhimhvfuaj
nzlizdnfgbfnflq
fosfmpifkdgmjtd
qvyseazjcewfztn
jgjowwwypovshxq
xyvrihufxjixcgz
pqhjtlhluxfbyyp
fclewcduonqsnvd
htnohftpkhzurvc
cbskkoowepfpqht
pjipzcqispvestq
grdyrzymuckuapd
amjnactenygyjxy
clrwugdizrryqvn
kkvqzrcewwbwaoz
ijljpijuueqvlfb
whnhyzvuisvomjr
zyrlpekfbnyatlg
okplgzgbuqrgymj
eycuvsbzkmepxgp
lxuiekumvmgakuq
sdakwyibrxelppk
lbplivbzkhoijiq
ftmgpojxewghtfq
ueyunkxzejljjnc
bqjmnirnqaqyfjk
wkehleddxqntslr
wbkovbfcolkkyak
bmtvqfvikyjyfyp
sqdsswgpnohiene
mhjpvqklpwhyjqd
obvyhesmabeeoot
alwlxltjjtouuri
qjfczilpjidbdxl
tagkdobxscnnyus
izkmzhyxsfzjpmo
ttgjltuhcoogame
dphklyyswgwtadc
rioiifpardsdcmy
pxkuejmcqkufwvv
eeccazutokyomjy
ljdqiesidnusdgo
cdvdkhriutcixcq
mtwdhmadulsqnsy
fxsktcmavrrorso
cvpydqghskposwc
pigzddaxumygduw
mzuuxypljdqjimc
iquqlsopbumngmw
lmcqrybfsdseutf
wkagcelzyprtsma
clidfexmjvcqkyy
nlzhulehgoenpsv
xnjswhztoylgwsn
kgzhgproazspywm
bslvamnkiekszgm
nftkyyhxffnhsls
aomhfbpzlscvdvt
gpbehuyjpdbhknb
bgnfzookewmsjzf
hgqsektjfsaigjp
npsicfpcziivufn
mputbgamoexsuot
yrassdqrsqzmimn
bjbdplvdtmmdkah
skbnyfxbfsarvmm
edzsjxpenjfljep
qgvbnuwvvpslijk
elqszmgkezpohbx
etuhsbhlhlqpcwi
ryqwnnagarqhxpj
ppkbteyqnmehhws
olimyjptixmjzdi
hjhzpqteqoysnxi
meckmshsnkluqjs
pikererzmjqwnfk
jqsiliabkwfdaim
eepeebumiriwwgc
iojimodebfbttgu
hijjxsncotknisu
wkrrledjyfdubpg
pfxglhcikwqwmme
kswqlmqyycrvmhl
phtpqsxydutsdlw
wnkpzteongoexlh
waabzqavulnbwaz
pqfdinchfppahvu
tinpbbbwduycfwg
pueftuypoqsahfk
rkjzjjrsjmfcrqh
yznvfoqqeoazejs
jvsuhuhqwybksiw
rzpgfwhtqtaiviq
hbgpbllpbvdppst
pmwajzzgqlasrdu
qbxwqrpbymipryu
goafwihvunouolr
jxvuxnuvbdcygef
rqckschsvmvxdts
nhedyzcevyjmyia
txedjtaafakfwer
aceewttvqxlwrpt
mssnynwjvcmlyjb
vjcdeuhajkwgxxn
yzdplfzfibspouj
thrsqgtjlrmwxma
zixhnusdlnhbbdg
ediiayhdkiwfggf
ankyjgqohyblnsg
jveapepgumcpmjs
kgvgouzycinpihk
rxhifpmaapravto
hizanxvjaynibyx
bblzxpbyczxitro
unfsjfgakrmgugu
labnghzguuinhxu
juysbsrpbijixwa
khcmjtrspwhlqyv
mhtwgshdbqvsang
rsrebvcssahgkoj
lomqjbtdoxnnjyx
kkupspqksxdbcsz
lisznrqorabyrvb
lhuahkimlzclvif
niwgyqocvvflmdu
onpecbemxyxwesy
aswenlqxhqqcuel
wbyxwpswjdcezjd
mxgrzradahrgunf
kgcsbtblehdqnmh
dmswexjeizssufy
qpnmgapohksvzsm
nbionprvirsdfxq
zjmeeynncuiklho
qpccrbmerrktljq
cddweaposronuez
rivyjtlaaujeadb
vzsqdymaphhtspk
oxbnjevvenvyrqc
reclvoxapgpifee
racugzjbqpaaaej
fmvvwcnusafhiqs
zegmbrdavmgtqpu
ktradotjwuhiwlh
qrlhoacvspbjdfg
hgcakbbslnlyxxq
debeudagdfqctqz
fwqlxptgdsuddeq
uvnealwlofpfuxg
rfbfacskrcfbnfb
vnwcljswsawodmq
yowjexlayyrgecl
ayqmobdjzumqeiq
mmmbsztqgtqdpci
czcjvnczqhrzkem
nmgtmcumulxmiat
nyqmcffhjqyrary
okcqarixzfyzxnw
aloeaygojoskaip
tunahohxrvlgpsl
sbaupisvpqcbqwj
uvdvhkepaagmjyy
keffrhsjqwekoqg
pajwmhuuyhvqwxr
yavjqixdsonygit
tbnpjpeeqkjhjer
nycsaelncvumuic
qnclxjuompodpoi
ulftvyphnuhwogm
wxbfdofdsscwgjc
xofgggtwhjplyxd
talyhfiunlhxxcn
gvuniqrvuhdcfdd
aalfnajqhwxdpla
rzbgvoadiyxbgul
xpdcxdeejmzsomh
gmjmkbdhrsjmmet
dzlvdqocewwzqwr
spasxsozhzhxagi
jsaiazhnfeppzuw
iliqzlcspolcmkh
dgkqbhmflygntji
fepuvylxummrlsh
qjuhmeistgqibto
xomvsotzyiorckn
hnygfslzeeacena
pcxukwetiiywnda
jkslbjoeaabdtib
xfmcnrxqwxxaill
eakarcpnlipmpoh
mltlvilnlgffcue
ucotnqboycptnup
uwlmcqzbxeznput
vjiyqythlnhkore
ajrmaedzyiudvuv
mzfcxaguauqtuny
gzttvjiwexvfaff
vontgeemabalmbj
kcgfvtnnsbftzyc
axmzicvvoohuclx
minijsskupmqgus
vbswtjycgweuyat
ndiuezpbpfgimwr
hgkzvtqvbqpqywc
gcizmiarcdxsuyn
ytlfczmbewwgzkw
hugtejafdeiwmga
zvioizjbffloeln
zqwggbryzfgftdz
siadiivcilslokm
siycdfjlxrikppe
lxbtkschxvzhequ
zqexfpmhxywumjk
grdzoaujpvhctoc
oesgmvhedcgfspv
fufxegaqjqkotes
otndsfatuqejaes
rokqmjhkqbzxakf
qyrnqhfxildrvtn
vuzkfmfnkxterru
zzooyhyxshwsfoh
opjobhwbbeczwje
pwkyygvygqdfnxi
sjomgrypkrqouib
imhhpbnqtpkcpce
lifcvxllvrmunae
gevnfpkwevcvkxo
ajbtqykewbyybtk
lpnivvrqfyvifwm
hlbobyenqzqluza
sawzbgljkjpnopv
deglmkfizqyuits
duozwyqolcsvttp
shtudokeommnnki
dcwnqhguswuchih
uvqjugcqnvdvdfv
ihjirjbiqgmnfzp
mmclaruqubaskrk
lecfhlgetkpvpuj
lbenblhfyzydloh
mhfxkysmihjbcue
iyyvtfuvszawpng
kzerqznsatxumya
nhsbwhuqmdewztb
sajyeseamusazoe
kyosbzazhvscvhu
fcsjiiwzslqjkcf
ktlexxixaphzxwy
ekqpmlbvadwdyia
apukqiswadlivws
vxlrmbygqobhjbq
vzzsoiwrtisrmcr
xyizigmswqwvzio
lejoxbhykivexls
jhnzuoauocsmmet
zqiuixephzqpizy
bwysnpqgulznqli
eqtdzmgdqqowqfp
bnydikvjlnlptar
eeiyjaqpcxiumnz
eojeqvmpvbcqmhp
eidpsvxcrzvfhtr
ivhmevmnoosnhsb
tjgehogbyhklqqc
npkytgtnvxuakjw
btxritkrxihyfaf
dnldgyhopncptpk
bfxutpjknwklapi
mcxadlcrzuxtnkf
xwzzhbdavwjxbbk
xmnrcxfrofdpgkf
mgjdvcdomtyvjvn
hlyjnlczedibfet
bylhlrgspsqlqvm
ksnsrogtsrsktqd
vjdgixkiznhuuss
eikeytmjucyumzg
pxlfyrkrgvxehke